******************************************************************************
                  TI ARM Linker PC v16.9.0                     
******************************************************************************
>> Linked Wed Mar 30 12:50:55 2022

OUTPUT FILE NAME:   <Lab1.out>
ENTRY POINT SYMBOL: "_c_int00"  address: 20007331


MEMORY CONFIGURATION

         name            origin    length      used     unused   attr    fill
----------------------  --------  ---------  --------  --------  ----  --------
  SRAM_CODE             20004000   00019000  00003cf8  00015308  RW X
  SRAM_DATA             2001d000   00023000  0000104f  00021fb1  RW X


SEGMENT ALLOCATION MAP

run origin  load origin   length   init length attrs members
----------  ----------- ---------- ----------- ----- -------
20004000    20004000    00003cf8   00003cf8    r-x
  20004000    20004000    00000400   00000400    r-- .intvecs
  20004400    20004400    00003508   00003508    r-x .text
  20007908    20007908    00000398   00000398    r-- .const
  20007ca0    20007ca0    00000058   00000058    r-- .cinit
2001d000    2001d000    0000084f   00000000    rw-
  2001d000    2001d000    00000800   00000000    rw- .sysmem
  2001d800    2001d800    00000048   00000000    rw- .data
  2001d848    2001d848    00000007   00000000    rw- .bss
2003f800    2003f800    00000800   00000000    rw-
  2003f800    2003f800    00000800   00000000    rw- .stack


SECTION ALLOCATION MAP

 output                                  attributes/
section   page    origin      length       input sections
--------  ----  ----------  ----------   ----------------
.intvecs   0    20004000    00000400     
                  20004000    00000400     startup_ccs.obj (.intvecs)

.init_array 
*          0    20004000    00000000     UNINITIALIZED

.text      0    20004400    00003508     
                  20004400    0000113a     rtsv7M4_T_le_v4SPD16_eabi.lib : _printfi.obj (.text)
                  2000553a    00000002                                   : mpu_init.obj (.text)
                  2000553c    000003d0                                   : memory.obj (.text)
                  2000590c    00000398     gpio_if.obj (.text)
                  20005ca4    000002d8     main.obj (.text)
                  20005f7c    00000280     uart_if.obj (.text)
                  200061fc    000001f4     rtsv7M4_T_le_v4SPD16_eabi.lib : ull_div_t2.obj (.text)
                  200063f0    000001b6                                   : fd_add_t2.obj (.text)
                  200065a6    00000002                                   : startup.obj (.text)
                  200065a8    00000178     driverlib.a : prcm.obj (.text:PRCMCC3200MCUInit)
                  20006720    00000138     pin_mux_config.obj (.text)
                  20006858    00000136     rtsv7M4_T_le_v4SPD16_eabi.lib : fd_div_t2.obj (.text)
                  2000698e    000000fc                                   : fd_mul_t2.obj (.text)
                  20006a8a    00000002     --HOLE-- [fill = 0]
                  20006a8c    000000fc                                   : s_scalbn.obj (.text)
                  20006b88    000000a8     driverlib.a : interrupt.obj (.text:IntEnable)
                  20006c30    0000009c     rtsv7M4_T_le_v4SPD16_eabi.lib : memcpy_t2.obj (.text)
                  20006ccc    00000094     driverlib.a : prcm.obj (.text:PRCMPeripheralClockGet)
                  20006d60    00000088                 : pin.obj (.text:PinConfigSet)
                  20006de8    00000088     rtsv7M4_T_le_v4SPD16_eabi.lib : vsnprintf.obj (.text)
                  20006e70    00000086                                   : fd_cmp_t2.obj (.text:__aeabi_cdcmple)
                  20006ef6    00000086                                   : fd_cmp_t2.obj (.text:__aeabi_cdrcmple)
                  20006f7c    00000082     driverlib.a : gpio.obj (.text:GPIOIntTypeSet)
                  20006ffe    0000007a     rtsv7M4_T_le_v4SPD16_eabi.lib : memset_t2.obj (.text)
                  20007078    00000076     driverlib.a : uart.obj (.text:UARTConfigSetExpClk)
                  200070ee    00000002     --HOLE-- [fill = 0]
                  200070f0    00000070     rtsv7M4_T_le_v4SPD16_eabi.lib : autoinit.obj (.text)
                  20007160    00000068                                   : copy_decompress_lzss.obj (.text:decompress:lzss)
                  200071c8    00000064                                   : s_frexp.obj (.text)
                  2000722c    00000058     driverlib.a : prcm.obj (.text:PRCMPeripheralReset)
                  20007284    00000056     rtsv7M4_T_le_v4SPD16_eabi.lib : ltoa.obj (.text)
                  200072da    00000002     --HOLE-- [fill = 0]
                  200072dc    00000054     driverlib.a : interrupt.obj (.text:IntPrioritySet)
                  20007330    00000054     rtsv7M4_T_le_v4SPD16_eabi.lib : boot.obj (.text)
                  20007384    00000054                                   : exit.obj (.text)
                  200073d8    0000004c                                   : atoi.obj (.text)
                  20007424    0000004c                                   : cpy_tbl.obj (.text)
                  20007470    00000048     driverlib.a : gpio.obj (.text:GPIOGetIntNumber)
                  200074b8    00000048     rtsv7M4_T_le_v4SPD16_eabi.lib : fd_toi_t2.obj (.text)
                  20007500    00000040     driverlib.a : pin.obj (.text:PinModeSet)
                  20007540    0000003c                 : prcm.obj (.text:PRCMPeripheralClkEnable)
                  2000757c    00000036                 : gpio.obj (.text:GPIODirModeSet)
                  200075b2    00000030                 : pin.obj (.text:PinTypeGPIO)
                  200075e2    00000002     --HOLE-- [fill = 0]
                  200075e4    00000030                 : uart.obj (.text:UARTDisable)
                  20007614    0000002e     rtsv7M4_T_le_v4SPD16_eabi.lib : i_tofd_t2.obj (.text)
                  20007642    00000002     --HOLE-- [fill = 0]
                  20007644    0000002c     driverlib.a : prcm.obj (.text:PRCMSysResetCauseGet)
                  20007670    00000028                 : prcm.obj (.text:PRCMPeripheralClkDisable)
                  20007698    00000024                 : uart.obj (.text:UARTEnable)
                  200076bc    00000024     rtsv7M4_T_le_v4SPD16_eabi.lib : memmov.obj (.text)
                  200076e0    00000020     driverlib.a : gpio.obj (.text:GPIOPinWrite)
                  20007700    00000020                 : interrupt.obj (.text:IntRegister)
                  20007720    0000001e                 : gpio.obj (.text:GPIOIntRegister)
                  2000773e    0000001e                 : uart.obj (.text:UARTCharPut)
                  2000775c    0000001c                 : uart.obj (.text:UARTCharGetNonBlocking)
                  20007778    0000001c     rtsv7M4_T_le_v4SPD16_eabi.lib : memccpy.obj (.text)
                  20007794    0000001a     driverlib.a : gpio.obj (.text:GPIOIntEnable)
                  200077ae    0000001a                 : pin.obj (.text:PinTypeUART)
                  200077c8    00000018                 : gpio.obj (.text:GPIOPinRead)
                  200077e0    00000018                 : uart.obj (.text:UARTCharsAvail)
                  200077f8    00000018     rtsv7M4_T_le_v4SPD16_eabi.lib : args_main.obj (.text)
                  20007810    00000016     driverlib.a : prcm.obj (.text:PRCMHIBRegRead)
                  20007826    00000016                 : prcm.obj (.text:PRCMHIBRegWrite)
                  2000783c    00000016     rtsv7M4_T_le_v4SPD16_eabi.lib : strchr.obj (.text)
                  20007852    00000014     driverlib.a : cpu.obj (.text:CPUcpsie)
                  20007866    00000014                 : gpio.obj (.text:GPIOIntClear)
                  2000787a    00000002     --HOLE-- [fill = 0]
                  2000787c    00000014                 : interrupt.obj (.text:IntVTableBaseSet)
                  20007890    00000014     rtsv7M4_T_le_v4SPD16_eabi.lib : _lock.obj (.text)
                  200078a4    00000014                                   : s_copysign.obj (.text)
                  200078b8    00000014                                   : strlen.obj (.text)
                  200078cc    0000000e                                   : copy_decompress_none.obj (.text:decompress:none)
                  200078da    0000000e     startup_ccs.obj (.text)
                  200078e8    0000000c     rtsv7M4_T_le_v4SPD16_eabi.lib : copy_zero_init.obj (.text:decompress:ZI)
                  200078f4    0000000a     driverlib.a : interrupt.obj (.text:IntMasterEnable)
                  200078fe    00000006                 : utils.obj (.text:UtilsDelay)
                  20007904    00000004     rtsv7M4_T_le_v4SPD16_eabi.lib : pre_init.obj (.text)

.const     0    20007908    00000398     
                  20007908    00000101     rtsv7M4_T_le_v4SPD16_eabi.lib : ctype.obj (.const:.string:_ctypes_)
                  20007a09    00000003     --HOLE-- [fill = 0]
                  20007a0c    00000100     driverlib.a : pin.obj (.const:g_ulPinToPadMap)
                  20007b0c    000000d4                 : interrupt.obj (.const:g_pulRegs)
                  20007be0    000000a8                 : prcm.obj (.const:PRCM_PeriphRegsList)
                  20007c88    00000018                 : interrupt.obj (.const:g_pulEnRegs)

.cinit     0    20007ca0    00000058     
                  20007ca0    0000002e     (.cinit..data.load) [load image, compression = lzss]
                  20007cce    00000002     --HOLE-- [fill = 0]
                  20007cd0    0000000c     (__TI_handler_table)
                  20007cdc    00000004     --HOLE-- [fill = 0]
                  20007ce0    00000008     (.cinit..bss.load) [load image, compression = zero_init]
                  20007ce8    00000010     (__TI_cinit_table)

.sysmem    0    2001d000    00000800     UNINITIALIZED
                  2001d000    00000008     rtsv7M4_T_le_v4SPD16_eabi.lib : memory.obj (.sysmem)
                  2001d008    000007f8     --HOLE--

.data      0    2001d800    00000048     UNINITIALIZED
                  2001d800    00000014     gpio_if.obj (.data:ulReg)
                  2001d814    0000000c     rtsv7M4_T_le_v4SPD16_eabi.lib : exit.obj (.data:$O1$$)
                  2001d820    0000000c                                   : memory.obj (.data:$O1$$)
                  2001d82c    0000000c     gpio_if.obj (.data)
                  2001d838    00000008     rtsv7M4_T_le_v4SPD16_eabi.lib : _lock.obj (.data:$O1$$)
                  2001d840    00000004                                   : errno.obj (.data)
                  2001d844    00000004                                   : stkdepth_vars.obj (.data)

.bss       0    2001d848    00000007     UNINITIALIZED
                  2001d848    00000004     uart_if.obj (.bss)
                  2001d84c    00000001     (.common:g_ucLED1Pin)
                  2001d84d    00000001     (.common:g_ucLED2Pin)
                  2001d84e    00000001     (.common:g_ucLED3Pin)

.stack     0    2003f800    00000800     UNINITIALIZED
                  2003f800    00000800     --HOLE--

MODULE SUMMARY

       Module                     code    ro data   rw data
       ------                     ----    -------   -------
    .\
       startup_ccs.obj            14      1024      0      
       gpio_if.obj                920     0         35     
       main.obj                   728     0         0      
       uart_if.obj                640     0         4      
       pin_mux_config.obj         312     0         0      
    +--+--------------------------+-------+---------+---------+
       Total:                     2614    1024      39     
                                                           
    C:/ti/CC3200SDK_1.5.0/cc3200-sdk/driverlib/ccs/Release/driverlib.a
       prcm.obj                   800     168       0      
       interrupt.obj              314     236       0      
       pin.obj                    274     256       0      
       gpio.obj                   388     0         0      
       uart.obj                   284     0         0      
       cpu.obj                    20      0         0      
       utils.obj                  6       0         0      
    +--+--------------------------+-------+---------+---------+
       Total:                     2086    660       0      
                                                           
    C:\ti.old\lib\rtsv7M4_T_le_v4SPD16_eabi.lib
       _printfi.obj               4410    0         0      
       memory.obj                 976     0         12     
       ull_div_t2.obj             500     0         0      
       fd_add_t2.obj              438     0         0      
       fd_div_t2.obj              310     0         0      
       fd_cmp_t2.obj              268     0         0      
       ctype.obj                  0       257       0      
       fd_mul_t2.obj              252     0         0      
       s_scalbn.obj               252     0         0      
       memcpy_t2.obj              156     0         0      
       vsnprintf.obj              136     0         0      
       memset_t2.obj              122     0         0      
       autoinit.obj               112     0         0      
       copy_decompress_lzss.obj   104     0         0      
       s_frexp.obj                100     0         0      
       exit.obj                   84      0         12     
       ltoa.obj                   86      0         0      
       boot.obj                   84      0         0      
       atoi.obj                   76      0         0      
       cpy_tbl.obj                76      0         0      
       fd_toi_t2.obj              72      0         0      
       i_tofd_t2.obj              46      0         0      
       memmov.obj                 36      0         0      
       _lock.obj                  20      0         8      
       memccpy.obj                28      0         0      
       args_main.obj              24      0         0      
       strchr.obj                 22      0         0      
       s_copysign.obj             20      0         0      
       strlen.obj                 20      0         0      
       copy_decompress_none.obj   14      0         0      
       copy_zero_init.obj         12      0         0      
       errno.obj                  0       0         4      
       pre_init.obj               4       0         0      
       stkdepth_vars.obj          0       0         4      
       mpu_init.obj               2       0         0      
       startup.obj                2       0         0      
    +--+--------------------------+-------+---------+---------+
       Total:                     8864    257       40     
                                                           
       Heap:                      0       0         2048   
       Stack:                     0       0         2048   
       Linker Generated:          0       82        0      
    +--+--------------------------+-------+---------+---------+
       Grand Total:               13564   2023      4175   


LINKER GENERATED COPY TABLES

__TI_cinit_table @ 20007ce8 records: 2, size/record: 8, table size: 16
	.data: load addr=20007ca0, load size=0000002e bytes, run addr=2001d800, run size=00000048 bytes, compression=lzss
	.bss: load addr=20007ce0, load size=00000008 bytes, run addr=2001d848, run size=00000007 bytes, compression=zero_init


LINKER GENERATED HANDLER TABLE

__TI_handler_table @ 20007cd0 records: 3, size/record: 4, table size: 12
	index: 0, handler: __TI_decompress_lzss
	index: 1, handler: __TI_decompress_none
	index: 2, handler: __TI_zero_init


GLOBAL SYMBOLS: SORTED ALPHABETICALLY BY Name 

address   name                           
-------   ----                           
20007385  C$$EXIT                        
20007853  CPUcpsie                       
20005fbd  ClearTerm                      
20005fc7  Error                          
2000757d  GPIODirModeSet                 
20007867  GPIOIntClear                   
20007795  GPIOIntEnable                  
20007721  GPIOIntRegister                
20006f7d  GPIOIntTypeSet                 
200077c9  GPIOPinRead                    
200076e1  GPIOPinWrite                   
20005bcd  GPIO_IF_ConfigureNIntEnable    
20005c59  GPIO_IF_Get                    
20005b87  GPIO_IF_GetPortNPin            
20005949  GPIO_IF_LedConfigure           
20005a3b  GPIO_IF_LedOff                 
20005987  GPIO_IF_LedOn                  
20005aef  GPIO_IF_LedStatus              
20005b59  GPIO_IF_LedToggle              
20005c15  GPIO_IF_Set                    
20005fff  GetCmd                         
20005f7d  InitTerm                       
20006b89  IntEnable                      
200078f5  IntMasterEnable                
200072dd  IntPrioritySet                 
20007701  IntRegister                    
2000787d  IntVTableBaseSet               
20005f9b  Message                        
200065a9  PRCMCC3200MCUInit              
20007811  PRCMHIBRegRead                 
20007827  PRCMHIBRegWrite                
20007671  PRCMPeripheralClkDisable       
20007541  PRCMPeripheralClkEnable        
20006ccd  PRCMPeripheralClockGet         
2000722d  PRCMPeripheralReset            
20007645  PRCMSysResetCauseGet           
20006d61  PinConfigSet                   
20007501  PinModeSet                     
20006721  PinMuxConfig                   
200075b3  PinTypeGPIO                    
200077af  PinTypeUART                    
2000613d  Report                         
200078db  ResetISR                       
UNDEFED   SHT$$INIT_ARRAY$$Base          
UNDEFED   SHT$$INIT_ARRAY$$Limit         
200060a5  TrimSpace                      
2000775d  UARTCharGetNonBlocking         
2000773f  UARTCharPut                    
200077e1  UARTCharsAvail                 
20007079  UARTConfigSetExpClk            
200075e5  UARTDisable                    
20007699  UARTEnable                     
200078ff  UtilsDelay                     
20040000  __STACK_END                    
00000800  __STACK_SIZE                   
00000800  __SYSMEM_SIZE                  
20007ce8  __TI_CINIT_Base                
20007cf8  __TI_CINIT_Limit               
20007cd0  __TI_Handler_Table_Base        
20007cdc  __TI_Handler_Table_Limit       
200070f1  __TI_auto_init                 
2001d814  __TI_cleanup_ptr               
20007161  __TI_decompress_lzss           
200078cd  __TI_decompress_none           
2001d818  __TI_dtors_ptr                 
2001d81c  __TI_enable_exit_profile_output
ffffffff  __TI_pprof_out_hndl            
20004c41  __TI_printfi                   
ffffffff  __TI_prof_data_size            
ffffffff  __TI_prof_data_start           
20007ca0  __TI_static_base__             
200078e9  __TI_zero_init                 
20006e71  __aeabi_cdcmpeq                
20006e71  __aeabi_cdcmple                
20006ef7  __aeabi_cdrcmple               
200074b9  __aeabi_d2iz                   
200063fb  __aeabi_dadd                   
20006859  __aeabi_ddiv                   
2000698f  __aeabi_dmul                   
200063f1  __aeabi_dsub                   
20007615  __aeabi_i2d                    
20006fff  __aeabi_memclr                 
20006fff  __aeabi_memclr4                
20006fff  __aeabi_memclr8                
20006c31  __aeabi_memcpy                 
20006c31  __aeabi_memcpy4                
20006c31  __aeabi_memcpy8                
20007001  __aeabi_memset                 
20007001  __aeabi_memset4                
20007001  __aeabi_memset8                
200061fd  __aeabi_uldivmod               
ffffffff  __binit__                      
ffffffff  __c_args__                     
2000553b  __mpu_init                     
2003f800  __stack                        
200077f9  _args_main                     
20007331  _c_int00                       
20007908  _ctypes_                       
2001d838  _lock                          
2000789f  _nop                           
20007897  _register_lock                 
20007891  _register_unlock               
2001d000  _sys_memory                    
200065a7  _system_post_cinit             
20007905  _system_pre_init               
2001d83c  _unlock                        
20007389  abort                          
200073d9  atoi                           
ffffffff  binit                          
200058dd  calloc                         
20007425  copy_in                        
200078a5  copysign                       
200078a5  copysignl                      
2001d840  errno                          
20007391  exit                           
20005627  free                           
200071c9  frexp                          
200071c9  frexpl                         
20004000  g_pfnVectors                   
2001d84c  g_ucLED1Pin                    
2001d84d  g_ucLED2Pin                    
2001d84e  g_ucLED3Pin                    
2001d82c  g_uiLED1Port                   
2001d830  g_uiLED2Port                   
2001d834  g_uiLED3Port                   
20006a8d  ldexp                          
20006a8d  ldexpl                         
20007285  ltoa                           
20005cef  main                           
2001d844  main_func_sp                   
200055bd  malloc                         
200057f1  memalign                       
20007779  memccpy                        
20006c31  memcpy                         
200076bd  memmove                        
20007007  memset                         
2000553d  minit                          
200056e9  realloc                        
20006a8d  scalbn                         
20006a8d  scalbnl                        
2000783d  strchr                         
200078b9  strlen                         
20006de9  vsnprintf                      


GLOBAL SYMBOLS: SORTED BY Symbol Address 

address   name                           
-------   ----                           
00000800  __STACK_SIZE                   
00000800  __SYSMEM_SIZE                  
20004000  g_pfnVectors                   
20004c41  __TI_printfi                   
2000553b  __mpu_init                     
2000553d  minit                          
200055bd  malloc                         
20005627  free                           
200056e9  realloc                        
200057f1  memalign                       
200058dd  calloc                         
20005949  GPIO_IF_LedConfigure           
20005987  GPIO_IF_LedOn                  
20005a3b  GPIO_IF_LedOff                 
20005aef  GPIO_IF_LedStatus              
20005b59  GPIO_IF_LedToggle              
20005b87  GPIO_IF_GetPortNPin            
20005bcd  GPIO_IF_ConfigureNIntEnable    
20005c15  GPIO_IF_Set                    
20005c59  GPIO_IF_Get                    
20005cef  main                           
20005f7d  InitTerm                       
20005f9b  Message                        
20005fbd  ClearTerm                      
20005fc7  Error                          
20005fff  GetCmd                         
200060a5  TrimSpace                      
2000613d  Report                         
200061fd  __aeabi_uldivmod               
200063f1  __aeabi_dsub                   
200063fb  __aeabi_dadd                   
200065a7  _system_post_cinit             
200065a9  PRCMCC3200MCUInit              
20006721  PinMuxConfig                   
20006859  __aeabi_ddiv                   
2000698f  __aeabi_dmul                   
20006a8d  ldexp                          
20006a8d  ldexpl                         
20006a8d  scalbn                         
20006a8d  scalbnl                        
20006b89  IntEnable                      
20006c31  __aeabi_memcpy                 
20006c31  __aeabi_memcpy4                
20006c31  __aeabi_memcpy8                
20006c31  memcpy                         
20006ccd  PRCMPeripheralClockGet         
20006d61  PinConfigSet                   
20006de9  vsnprintf                      
20006e71  __aeabi_cdcmpeq                
20006e71  __aeabi_cdcmple                
20006ef7  __aeabi_cdrcmple               
20006f7d  GPIOIntTypeSet                 
20006fff  __aeabi_memclr                 
20006fff  __aeabi_memclr4                
20006fff  __aeabi_memclr8                
20007001  __aeabi_memset                 
20007001  __aeabi_memset4                
20007001  __aeabi_memset8                
20007007  memset                         
20007079  UARTConfigSetExpClk            
200070f1  __TI_auto_init                 
20007161  __TI_decompress_lzss           
200071c9  frexp                          
200071c9  frexpl                         
2000722d  PRCMPeripheralReset            
20007285  ltoa                           
200072dd  IntPrioritySet                 
20007331  _c_int00                       
20007385  C$$EXIT                        
20007389  abort                          
20007391  exit                           
200073d9  atoi                           
20007425  copy_in                        
200074b9  __aeabi_d2iz                   
20007501  PinModeSet                     
20007541  PRCMPeripheralClkEnable        
2000757d  GPIODirModeSet                 
200075b3  PinTypeGPIO                    
200075e5  UARTDisable                    
20007615  __aeabi_i2d                    
20007645  PRCMSysResetCauseGet           
20007671  PRCMPeripheralClkDisable       
20007699  UARTEnable                     
200076bd  memmove                        
200076e1  GPIOPinWrite                   
20007701  IntRegister                    
20007721  GPIOIntRegister                
2000773f  UARTCharPut                    
2000775d  UARTCharGetNonBlocking         
20007779  memccpy                        
20007795  GPIOIntEnable                  
200077af  PinTypeUART                    
200077c9  GPIOPinRead                    
200077e1  UARTCharsAvail                 
200077f9  _args_main                     
20007811  PRCMHIBRegRead                 
20007827  PRCMHIBRegWrite                
2000783d  strchr                         
20007853  CPUcpsie                       
20007867  GPIOIntClear                   
2000787d  IntVTableBaseSet               
20007891  _register_unlock               
20007897  _register_lock                 
2000789f  _nop                           
200078a5  copysign                       
200078a5  copysignl                      
200078b9  strlen                         
200078cd  __TI_decompress_none           
200078db  ResetISR                       
200078e9  __TI_zero_init                 
200078f5  IntMasterEnable                
200078ff  UtilsDelay                     
20007905  _system_pre_init               
20007908  _ctypes_                       
20007ca0  __TI_static_base__             
20007cd0  __TI_Handler_Table_Base        
20007cdc  __TI_Handler_Table_Limit       
20007ce8  __TI_CINIT_Base                
20007cf8  __TI_CINIT_Limit               
2001d000  _sys_memory                    
2001d814  __TI_cleanup_ptr               
2001d818  __TI_dtors_ptr                 
2001d81c  __TI_enable_exit_profile_output
2001d82c  g_uiLED1Port                   
2001d830  g_uiLED2Port                   
2001d834  g_uiLED3Port                   
2001d838  _lock                          
2001d83c  _unlock                        
2001d840  errno                          
2001d844  main_func_sp                   
2001d84c  g_ucLED1Pin                    
2001d84d  g_ucLED2Pin                    
2001d84e  g_ucLED3Pin                    
2003f800  __stack                        
20040000  __STACK_END                    
ffffffff  __TI_pprof_out_hndl            
ffffffff  __TI_prof_data_size            
ffffffff  __TI_prof_data_start           
ffffffff  __binit__                      
ffffffff  __c_args__                     
ffffffff  binit                          
UNDEFED   SHT$$INIT_ARRAY$$Base          
UNDEFED   SHT$$INIT_ARRAY$$Limit         

[143 symbols]
