<?xml version="1.0" encoding="ISO-8859-1" ?>
<link_info>
   <banner>TI ARM Linker PC v18.1.6.LTS</banner>
   <copyright>Copyright (c) 1996-2018 Texas Instruments Incorporated</copyright>
   <link_time>0x624fa4a4</link_time>
   <link_errors>0x0</link_errors>
   <output_file>spi_demo.out</output_file>
   <entry_point>
      <name>_c_int00_noargs</name>
      <address>0x200085e1</address>
   </entry_point>
   <input_file_list>
      <input_file id="fl-2">
         <path>.\</path>
         <kind>object</kind>
         <file>Adafruit_GFX.obj</file>
         <name>Adafruit_GFX.obj</name>
      </input_file>
      <input_file id="fl-3">
         <path>.\</path>
         <kind>object</kind>
         <file>Adafruit_OLED.obj</file>
         <name>Adafruit_OLED.obj</name>
      </input_file>
      <input_file id="fl-4">
         <path>.\</path>
         <kind>object</kind>
         <file>main.obj</file>
         <name>main.obj</name>
      </input_file>
      <input_file id="fl-5">
         <path>.\</path>
         <kind>object</kind>
         <file>pin_mux_config.obj</file>
         <name>pin_mux_config.obj</name>
      </input_file>
      <input_file id="fl-6">
         <path>.\</path>
         <kind>object</kind>
         <file>startup_ccs.obj</file>
         <name>startup_ccs.obj</name>
      </input_file>
      <input_file id="fl-7">
         <path>.\</path>
         <kind>object</kind>
         <file>uart_if.obj</file>
         <name>uart_if.obj</name>
      </input_file>
      <input_file id="fl-c">
         <kind>object</kind>
         <file>&lt;internal&gt;</file>
         <name>&lt;internal&gt;</name>
      </input_file>
      <input_file id="fl-d">
         <path>C:\ti\CC3200SDK_1.5.0\cc3200-sdk\driverlib\ccs\Release\</path>
         <kind>archive</kind>
         <file>driverlib.a</file>
         <name>gpio.obj</name>
      </input_file>
      <input_file id="fl-e">
         <path>C:\ti\CC3200SDK_1.5.0\cc3200-sdk\driverlib\ccs\Release\</path>
         <kind>archive</kind>
         <file>driverlib.a</file>
         <name>interrupt.obj</name>
      </input_file>
      <input_file id="fl-f">
         <path>C:\ti\CC3200SDK_1.5.0\cc3200-sdk\driverlib\ccs\Release\</path>
         <kind>archive</kind>
         <file>driverlib.a</file>
         <name>pin.obj</name>
      </input_file>
      <input_file id="fl-10">
         <path>C:\ti\CC3200SDK_1.5.0\cc3200-sdk\driverlib\ccs\Release\</path>
         <kind>archive</kind>
         <file>driverlib.a</file>
         <name>prcm.obj</name>
      </input_file>
      <input_file id="fl-11">
         <path>C:\ti\CC3200SDK_1.5.0\cc3200-sdk\driverlib\ccs\Release\</path>
         <kind>archive</kind>
         <file>driverlib.a</file>
         <name>spi.obj</name>
      </input_file>
      <input_file id="fl-12">
         <path>C:\ti\CC3200SDK_1.5.0\cc3200-sdk\driverlib\ccs\Release\</path>
         <kind>archive</kind>
         <file>driverlib.a</file>
         <name>uart.obj</name>
      </input_file>
      <input_file id="fl-13">
         <path>C:\ti\CC3200SDK_1.5.0\cc3200-sdk\driverlib\ccs\Release\</path>
         <kind>archive</kind>
         <file>driverlib.a</file>
         <name>utils.obj</name>
      </input_file>
      <input_file id="fl-14">
         <path>C:\ti\CC3200SDK_1.5.0\cc3200-sdk\driverlib\ccs\Release\</path>
         <kind>archive</kind>
         <file>driverlib.a</file>
         <name>cpu.obj</name>
      </input_file>
      <input_file id="fl-15">
         <path>C:\ti\CC3200SDK_1.5.0\cc3200-sdk\driverlib\ccs\Release\</path>
         <kind>archive</kind>
         <file>driverlib.a</file>
         <name>flash.obj</name>
      </input_file>
      <input_file id="fl-cb">
         <path>C:\ti.old\ccsv8\tools\compiler\ti-cgt-arm_18.1.6.LTS\lib\</path>
         <kind>archive</kind>
         <file>rtsv7M4_T_le_eabi.lib</file>
         <name>ull_div_t2.asm.obj</name>
      </input_file>
      <input_file id="fl-cc">
         <path>C:\ti.old\ccsv8\tools\compiler\ti-cgt-arm_18.1.6.LTS\lib\</path>
         <kind>archive</kind>
         <file>rtsv7M4_T_le_eabi.lib</file>
         <name>copy_zero_init.c.obj</name>
      </input_file>
      <input_file id="fl-cd">
         <path>C:\ti.old\ccsv8\tools\compiler\ti-cgt-arm_18.1.6.LTS\lib\</path>
         <kind>archive</kind>
         <file>rtsv7M4_T_le_eabi.lib</file>
         <name>copy_decompress_none.c.obj</name>
      </input_file>
      <input_file id="fl-ce">
         <path>C:\ti.old\ccsv8\tools\compiler\ti-cgt-arm_18.1.6.LTS\lib\</path>
         <kind>archive</kind>
         <file>rtsv7M4_T_le_eabi.lib</file>
         <name>copy_decompress_lzss.c.obj</name>
      </input_file>
      <input_file id="fl-cf">
         <path>C:\ti.old\ccsv8\tools\compiler\ti-cgt-arm_18.1.6.LTS\lib\</path>
         <kind>archive</kind>
         <file>rtsv7M4_T_le_eabi.lib</file>
         <name>memory.c.obj</name>
      </input_file>
      <input_file id="fl-d0">
         <path>C:\ti.old\ccsv8\tools\compiler\ti-cgt-arm_18.1.6.LTS\lib\</path>
         <kind>archive</kind>
         <file>rtsv7M4_T_le_eabi.lib</file>
         <name>_lock.c.obj</name>
      </input_file>
      <input_file id="fl-d1">
         <path>C:\ti.old\ccsv8\tools\compiler\ti-cgt-arm_18.1.6.LTS\lib\</path>
         <kind>archive</kind>
         <file>rtsv7M4_T_le_eabi.lib</file>
         <name>memmov.c.obj</name>
      </input_file>
      <input_file id="fl-d2">
         <path>C:\ti.old\ccsv8\tools\compiler\ti-cgt-arm_18.1.6.LTS\lib\</path>
         <kind>archive</kind>
         <file>rtsv7M4_T_le_eabi.lib</file>
         <name>strlen.c.obj</name>
      </input_file>
      <input_file id="fl-d3">
         <path>C:\ti.old\ccsv8\tools\compiler\ti-cgt-arm_18.1.6.LTS\lib\</path>
         <kind>archive</kind>
         <file>rtsv7M4_T_le_eabi.lib</file>
         <name>vsnprintf.c.obj</name>
      </input_file>
      <input_file id="fl-d4">
         <path>C:\ti.old\ccsv8\tools\compiler\ti-cgt-arm_18.1.6.LTS\lib\</path>
         <kind>archive</kind>
         <file>rtsv7M4_T_le_eabi.lib</file>
         <name>boot_cortex_m.c.obj</name>
      </input_file>
      <input_file id="fl-d5">
         <path>C:\ti.old\ccsv8\tools\compiler\ti-cgt-arm_18.1.6.LTS\lib\</path>
         <kind>archive</kind>
         <file>rtsv7M4_T_le_eabi.lib</file>
         <name>div0.asm.obj</name>
      </input_file>
      <input_file id="fl-d6">
         <path>C:\ti.old\ccsv8\tools\compiler\ti-cgt-arm_18.1.6.LTS\lib\</path>
         <kind>archive</kind>
         <file>rtsv7M4_T_le_eabi.lib</file>
         <name>memset_t2.asm.obj</name>
      </input_file>
      <input_file id="fl-d7">
         <path>C:\ti.old\ccsv8\tools\compiler\ti-cgt-arm_18.1.6.LTS\lib\</path>
         <kind>archive</kind>
         <file>rtsv7M4_T_le_eabi.lib</file>
         <name>memcpy_t2.asm.obj</name>
      </input_file>
      <input_file id="fl-d8">
         <path>C:\ti.old\ccsv8\tools\compiler\ti-cgt-arm_18.1.6.LTS\lib\</path>
         <kind>archive</kind>
         <file>rtsv7M4_T_le_eabi.lib</file>
         <name>autoinit.c.obj</name>
      </input_file>
      <input_file id="fl-d9">
         <path>C:\ti.old\ccsv8\tools\compiler\ti-cgt-arm_18.1.6.LTS\lib\</path>
         <kind>archive</kind>
         <file>rtsv7M4_T_le_eabi.lib</file>
         <name>pre_init.c.obj</name>
      </input_file>
      <input_file id="fl-da">
         <path>C:\ti.old\ccsv8\tools\compiler\ti-cgt-arm_18.1.6.LTS\lib\</path>
         <kind>archive</kind>
         <file>rtsv7M4_T_le_eabi.lib</file>
         <name>cpy_tbl.c.obj</name>
      </input_file>
      <input_file id="fl-db">
         <path>C:\ti.old\ccsv8\tools\compiler\ti-cgt-arm_18.1.6.LTS\lib\</path>
         <kind>archive</kind>
         <file>rtsv7M4_T_le_eabi.lib</file>
         <name>exit.c.obj</name>
      </input_file>
      <input_file id="fl-dc">
         <path>C:\ti.old\ccsv8\tools\compiler\ti-cgt-arm_18.1.6.LTS\lib\</path>
         <kind>archive</kind>
         <file>rtsv7M4_T_le_eabi.lib</file>
         <name>_printfi.c.obj</name>
      </input_file>
      <input_file id="fl-dd">
         <path>C:\ti.old\ccsv8\tools\compiler\ti-cgt-arm_18.1.6.LTS\lib\</path>
         <kind>archive</kind>
         <file>rtsv7M4_T_le_eabi.lib</file>
         <name>args_main.c.obj</name>
      </input_file>
      <input_file id="fl-de">
         <path>C:\ti.old\ccsv8\tools\compiler\ti-cgt-arm_18.1.6.LTS\lib\</path>
         <kind>archive</kind>
         <file>rtsv7M4_T_le_eabi.lib</file>
         <name>atoi.c.obj</name>
      </input_file>
      <input_file id="fl-df">
         <path>C:\ti.old\ccsv8\tools\compiler\ti-cgt-arm_18.1.6.LTS\lib\</path>
         <kind>archive</kind>
         <file>rtsv7M4_T_le_eabi.lib</file>
         <name>ctype.c.obj</name>
      </input_file>
      <input_file id="fl-e0">
         <path>C:\ti.old\ccsv8\tools\compiler\ti-cgt-arm_18.1.6.LTS\lib\</path>
         <kind>archive</kind>
         <file>rtsv7M4_T_le_eabi.lib</file>
         <name>ltoa.c.obj</name>
      </input_file>
      <input_file id="fl-e1">
         <path>C:\ti.old\ccsv8\tools\compiler\ti-cgt-arm_18.1.6.LTS\lib\</path>
         <kind>archive</kind>
         <file>rtsv7M4_T_le_eabi.lib</file>
         <name>memccpy.c.obj</name>
      </input_file>
      <input_file id="fl-e2">
         <path>C:\ti.old\ccsv8\tools\compiler\ti-cgt-arm_18.1.6.LTS\lib\</path>
         <kind>archive</kind>
         <file>rtsv7M4_T_le_eabi.lib</file>
         <name>strchr.c.obj</name>
      </input_file>
      <input_file id="fl-e3">
         <path>C:\ti.old\ccsv8\tools\compiler\ti-cgt-arm_18.1.6.LTS\lib\</path>
         <kind>archive</kind>
         <file>rtsv7M4_T_le_eabi.lib</file>
         <name>errno.c.obj</name>
      </input_file>
      <input_file id="fl-e4">
         <path>C:\ti.old\ccsv8\tools\compiler\ti-cgt-arm_18.1.6.LTS\lib\</path>
         <kind>archive</kind>
         <file>rtsv7M4_T_le_eabi.lib</file>
         <name>wcslen.c.obj</name>
      </input_file>
      <input_file id="fl-e5">
         <path>C:\ti.old\ccsv8\tools\compiler\ti-cgt-arm_18.1.6.LTS\lib\</path>
         <kind>archive</kind>
         <file>rtsv7M4_T_le_eabi.lib</file>
         <name>s_frexp.c.obj</name>
      </input_file>
      <input_file id="fl-e6">
         <path>C:\ti.old\ccsv8\tools\compiler\ti-cgt-arm_18.1.6.LTS\lib\</path>
         <kind>archive</kind>
         <file>rtsv7M4_T_le_eabi.lib</file>
         <name>s_scalbn.c.obj</name>
      </input_file>
      <input_file id="fl-e7">
         <path>C:\ti.old\ccsv8\tools\compiler\ti-cgt-arm_18.1.6.LTS\lib\</path>
         <kind>archive</kind>
         <file>rtsv7M4_T_le_eabi.lib</file>
         <name>s_copysign.c.obj</name>
      </input_file>
      <input_file id="fl-e8">
         <path>C:\ti.old\ccsv8\tools\compiler\ti-cgt-arm_18.1.6.LTS\lib\</path>
         <kind>archive</kind>
         <file>rtsv7M4_T_le_eabi.lib</file>
         <name>fd_add_t2.asm.obj</name>
      </input_file>
      <input_file id="fl-e9">
         <path>C:\ti.old\ccsv8\tools\compiler\ti-cgt-arm_18.1.6.LTS\lib\</path>
         <kind>archive</kind>
         <file>rtsv7M4_T_le_eabi.lib</file>
         <name>fd_cmp_t2.asm.obj</name>
      </input_file>
      <input_file id="fl-ea">
         <path>C:\ti.old\ccsv8\tools\compiler\ti-cgt-arm_18.1.6.LTS\lib\</path>
         <kind>archive</kind>
         <file>rtsv7M4_T_le_eabi.lib</file>
         <name>fd_div_t2.asm.obj</name>
      </input_file>
      <input_file id="fl-eb">
         <path>C:\ti.old\ccsv8\tools\compiler\ti-cgt-arm_18.1.6.LTS\lib\</path>
         <kind>archive</kind>
         <file>rtsv7M4_T_le_eabi.lib</file>
         <name>fd_mul_t2.asm.obj</name>
      </input_file>
      <input_file id="fl-ec">
         <path>C:\ti.old\ccsv8\tools\compiler\ti-cgt-arm_18.1.6.LTS\lib\</path>
         <kind>archive</kind>
         <file>rtsv7M4_T_le_eabi.lib</file>
         <name>fd_toi_t2.asm.obj</name>
      </input_file>
      <input_file id="fl-ed">
         <path>C:\ti.old\ccsv8\tools\compiler\ti-cgt-arm_18.1.6.LTS\lib\</path>
         <kind>archive</kind>
         <file>rtsv7M4_T_le_eabi.lib</file>
         <name>i_tofd_t2.asm.obj</name>
      </input_file>
   </input_file_list>
   <object_component_list>
      <object_component id="oc-f">
         <name>.intvecs</name>
         <load_address>0x20004000</load_address>
         <run_address>0x20004000</run_address>
         <size>0x400</size>
         <input_file_ref idref="fl-6"/>
      </object_component>
      <object_component id="oc-c8">
         <name>.text</name>
         <load_address>0x20004400</load_address>
         <run_address>0x20004400</run_address>
         <size>0xa80</size>
         <input_file_ref idref="fl-2"/>
      </object_component>
      <object_component id="oc-27d">
         <name>.text:__TI_printfi</name>
         <load_address>0x20004e80</load_address>
         <run_address>0x20004e80</run_address>
         <size>0xa4a</size>
         <input_file_ref idref="fl-dc"/>
      </object_component>
      <object_component id="oc-2d2">
         <name>.text:_nop</name>
         <load_address>0x200058ca</load_address>
         <run_address>0x200058ca</run_address>
         <size>0x2</size>
         <input_file_ref idref="fl-d0"/>
      </object_component>
      <object_component id="oc-94">
         <name>.text</name>
         <load_address>0x200058cc</load_address>
         <run_address>0x200058cc</run_address>
         <size>0x944</size>
         <input_file_ref idref="fl-4"/>
      </object_component>
      <object_component id="oc-c2">
         <name>.text</name>
         <load_address>0x20006210</load_address>
         <run_address>0x20006210</run_address>
         <size>0x4aa</size>
         <input_file_ref idref="fl-3"/>
      </object_component>
      <object_component id="oc-3dd">
         <name>.text</name>
         <load_address>0x200066ba</load_address>
         <run_address>0x200066ba</run_address>
         <size>0x2</size>
         <input_file_ref idref="fl-d5"/>
      </object_component>
      <object_component id="oc-10a">
         <name>.text</name>
         <load_address>0x200066bc</load_address>
         <run_address>0x200066bc</run_address>
         <size>0x280</size>
         <input_file_ref idref="fl-7"/>
      </object_component>
      <object_component id="oc-31e">
         <name>.text:_pconv_a</name>
         <load_address>0x2000693c</load_address>
         <run_address>0x2000693c</run_address>
         <size>0x268</size>
         <input_file_ref idref="fl-dc"/>
      </object_component>
      <object_component id="oc-30c">
         <name>.text:_pconv_g</name>
         <load_address>0x20006ba4</load_address>
         <run_address>0x20006ba4</run_address>
         <size>0x1cc</size>
         <input_file_ref idref="fl-dc"/>
      </object_component>
      <object_component id="oc-38b">
         <name>.text</name>
         <load_address>0x20006d70</load_address>
         <run_address>0x20006d70</run_address>
         <size>0x1b6</size>
         <input_file_ref idref="fl-e8"/>
      </object_component>
      <object_component id="oc-f8">
         <name>.text:PRCMCC3200MCUInit</name>
         <load_address>0x20006f28</load_address>
         <run_address>0x20006f28</run_address>
         <size>0x178</size>
         <input_file_ref idref="fl-10"/>
      </object_component>
      <object_component id="oc-318">
         <name>.text:_pconv_e</name>
         <load_address>0x200070a0</load_address>
         <run_address>0x200070a0</run_address>
         <size>0x13c</size>
         <input_file_ref idref="fl-dc"/>
      </object_component>
      <object_component id="oc-371">
         <name>.text</name>
         <load_address>0x200071dc</load_address>
         <run_address>0x200071dc</run_address>
         <size>0x136</size>
         <input_file_ref idref="fl-ea"/>
      </object_component>
      <object_component id="oc-39d">
         <name>.text:fcvt</name>
         <load_address>0x20007314</load_address>
         <run_address>0x20007314</run_address>
         <size>0x120</size>
         <input_file_ref idref="fl-dc"/>
      </object_component>
      <object_component id="oc-fe">
         <name>.text</name>
         <load_address>0x20007434</load_address>
         <run_address>0x20007434</run_address>
         <size>0x118</size>
         <input_file_ref idref="fl-5"/>
      </object_component>
      <object_component id="oc-207">
         <name>.text:realloc</name>
         <load_address>0x2000754c</load_address>
         <run_address>0x2000754c</run_address>
         <size>0x114</size>
         <input_file_ref idref="fl-cf"/>
      </object_component>
      <object_component id="oc-36c">
         <name>.text</name>
         <load_address>0x20007660</load_address>
         <run_address>0x20007660</run_address>
         <size>0xfc</size>
         <input_file_ref idref="fl-eb"/>
      </object_component>
      <object_component id="oc-20d">
         <name>.text:free</name>
         <load_address>0x2000775c</load_address>
         <run_address>0x2000775c</run_address>
         <size>0xd8</size>
         <input_file_ref idref="fl-cf"/>
      </object_component>
      <object_component id="oc-3b1">
         <name>.text:scalbn</name>
         <load_address>0x20007834</load_address>
         <run_address>0x20007834</run_address>
         <size>0xd0</size>
         <input_file_ref idref="fl-e6"/>
      </object_component>
      <object_component id="oc-301">
         <name>.text:_ltostr</name>
         <load_address>0x20007904</load_address>
         <run_address>0x20007904</run_address>
         <size>0xb1</size>
         <input_file_ref idref="fl-dc"/>
      </object_component>
      <object_component id="oc-f2">
         <name>.text:IntEnable</name>
         <load_address>0x200079b8</load_address>
         <run_address>0x200079b8</run_address>
         <size>0xa8</size>
         <input_file_ref idref="fl-e"/>
      </object_component>
      <object_component id="oc-da">
         <name>.text:SPIConfigSetExpClk</name>
         <load_address>0x20007a60</load_address>
         <run_address>0x20007a60</run_address>
         <size>0xa0</size>
         <input_file_ref idref="fl-11"/>
      </object_component>
      <object_component id="oc-3a">
         <name>.text</name>
         <load_address>0x20007b00</load_address>
         <run_address>0x20007b00</run_address>
         <size>0x9c</size>
         <input_file_ref idref="fl-d7"/>
      </object_component>
      <object_component id="oc-365">
         <name>.text</name>
         <load_address>0x20007b9c</load_address>
         <run_address>0x20007b9c</run_address>
         <size>0x96</size>
         <input_file_ref idref="fl-cb"/>
      </object_component>
      <object_component id="oc-d4">
         <name>.text:PRCMPeripheralClockGet</name>
         <load_address>0x20007c34</load_address>
         <run_address>0x20007c34</run_address>
         <size>0x94</size>
         <input_file_ref idref="fl-10"/>
      </object_component>
      <object_component id="oc-262">
         <name>.text:PinConfigSet</name>
         <load_address>0x20007cc8</load_address>
         <run_address>0x20007cc8</run_address>
         <size>0x88</size>
         <input_file_ref idref="fl-f"/>
      </object_component>
      <object_component id="oc-307">
         <name>.text:__aeabi_cdcmple</name>
         <load_address>0x20007d50</load_address>
         <run_address>0x20007d50</run_address>
         <size>0x86</size>
         <input_file_ref idref="fl-e9"/>
      </object_component>
      <object_component id="oc-376">
         <name>.text:__aeabi_cdrcmple</name>
         <load_address>0x20007dd6</load_address>
         <run_address>0x20007dd6</run_address>
         <size>0x86</size>
         <input_file_ref idref="fl-e9"/>
      </object_component>
      <object_component id="oc-88">
         <name>.text</name>
         <load_address>0x20007e5c</load_address>
         <run_address>0x20007e5c</run_address>
         <size>0x7a</size>
         <input_file_ref idref="fl-d6"/>
      </object_component>
      <object_component id="oc-201">
         <name>.text:malloc</name>
         <load_address>0x20007ed8</load_address>
         <run_address>0x20007ed8</run_address>
         <size>0x78</size>
         <input_file_ref idref="fl-cf"/>
      </object_component>
      <object_component id="oc-1d7">
         <name>.text:UARTConfigSetExpClk</name>
         <load_address>0x20007f50</load_address>
         <run_address>0x20007f50</run_address>
         <size>0x76</size>
         <input_file_ref idref="fl-12"/>
      </object_component>
      <object_component id="oc-396">
         <name>.text:_mcpy</name>
         <load_address>0x20007fc6</load_address>
         <run_address>0x20007fc6</run_address>
         <size>0x6e</size>
         <input_file_ref idref="fl-dc"/>
      </object_component>
      <object_component id="oc-12">
         <name>.text:decompress:lzss:__TI_decompress_lzss</name>
         <load_address>0x20008034</load_address>
         <run_address>0x20008034</run_address>
         <size>0x68</size>
         <input_file_ref idref="fl-ce"/>
      </object_component>
      <object_component id="oc-3ab">
         <name>.text:frexp</name>
         <load_address>0x2000809c</load_address>
         <run_address>0x2000809c</run_address>
         <size>0x5c</size>
         <input_file_ref idref="fl-e5"/>
      </object_component>
      <object_component id="oc-110">
         <name>.text:PRCMPeripheralReset</name>
         <load_address>0x200080f8</load_address>
         <run_address>0x200080f8</run_address>
         <size>0x58</size>
         <input_file_ref idref="fl-10"/>
      </object_component>
      <object_component id="oc-312">
         <name>.text:_pconv_f</name>
         <load_address>0x20008150</load_address>
         <run_address>0x20008150</run_address>
         <size>0x56</size>
         <input_file_ref idref="fl-dc"/>
      </object_component>
      <object_component id="oc-380">
         <name>.text:ltoa</name>
         <load_address>0x200081a6</load_address>
         <run_address>0x200081a6</run_address>
         <size>0x54</size>
         <input_file_ref idref="fl-e0"/>
      </object_component>
      <object_component id="oc-390">
         <name>.text:_ecpy</name>
         <load_address>0x200081fa</load_address>
         <run_address>0x200081fa</run_address>
         <size>0x52</size>
         <input_file_ref idref="fl-dc"/>
      </object_component>
      <object_component id="oc-2fb">
         <name>.text:atoi</name>
         <load_address>0x2000824c</load_address>
         <run_address>0x2000824c</run_address>
         <size>0x4c</size>
         <input_file_ref idref="fl-de"/>
      </object_component>
      <object_component id="oc-37b">
         <name>.text</name>
         <load_address>0x20008298</load_address>
         <run_address>0x20008298</run_address>
         <size>0x48</size>
         <input_file_ref idref="fl-ec"/>
      </object_component>
      <object_component id="oc-126">
         <name>.text:__TI_auto_init_nobinit_nopinit:__TI_auto_init_nobinit_nopinit</name>
         <load_address>0x200082e0</load_address>
         <run_address>0x200082e0</run_address>
         <size>0x44</size>
         <input_file_ref idref="fl-d8"/>
      </object_component>
      <object_component id="oc-1ae">
         <name>.text:PinModeSet</name>
         <load_address>0x20008324</load_address>
         <run_address>0x20008324</run_address>
         <size>0x40</size>
         <input_file_ref idref="fl-f"/>
      </object_component>
      <object_component id="oc-1e3">
         <name>.text:vsnprintf</name>
         <load_address>0x20008364</load_address>
         <run_address>0x20008364</run_address>
         <size>0x40</size>
         <input_file_ref idref="fl-d3"/>
      </object_component>
      <object_component id="oc-3a3">
         <name>.text:_fcpy</name>
         <load_address>0x200083a4</load_address>
         <run_address>0x200083a4</run_address>
         <size>0x3e</size>
         <input_file_ref idref="fl-dc"/>
      </object_component>
      <object_component id="oc-104">
         <name>.text:PRCMPeripheralClkEnable</name>
         <load_address>0x200083e4</load_address>
         <run_address>0x200083e4</run_address>
         <size>0x3c</size>
         <input_file_ref idref="fl-10"/>
      </object_component>
      <object_component id="oc-2ad">
         <name>.text:minsert</name>
         <load_address>0x20008420</load_address>
         <run_address>0x20008420</run_address>
         <size>0x3c</size>
         <input_file_ref idref="fl-cf"/>
      </object_component>
      <object_component id="oc-2a1">
         <name>.text:minit</name>
         <load_address>0x2000845c</load_address>
         <run_address>0x2000845c</run_address>
         <size>0x38</size>
         <input_file_ref idref="fl-cf"/>
      </object_component>
      <object_component id="oc-1ba">
         <name>.text:GPIODirModeSet</name>
         <load_address>0x20008494</load_address>
         <run_address>0x20008494</run_address>
         <size>0x36</size>
         <input_file_ref idref="fl-d"/>
      </object_component>
      <object_component id="oc-1b4">
         <name>.text:PinTypeGPIO</name>
         <load_address>0x200084ca</load_address>
         <run_address>0x200084ca</run_address>
         <size>0x30</size>
         <input_file_ref idref="fl-f"/>
      </object_component>
      <object_component id="oc-26f">
         <name>.text:UARTDisable</name>
         <load_address>0x200084fc</load_address>
         <run_address>0x200084fc</run_address>
         <size>0x30</size>
         <input_file_ref idref="fl-12"/>
      </object_component>
      <object_component id="oc-283">
         <name>.text:_outs</name>
         <load_address>0x2000852c</load_address>
         <run_address>0x2000852c</run_address>
         <size>0x30</size>
         <input_file_ref idref="fl-d3"/>
      </object_component>
      <object_component id="oc-386">
         <name>.text</name>
         <load_address>0x2000855c</load_address>
         <run_address>0x2000855c</run_address>
         <size>0x2e</size>
         <input_file_ref idref="fl-ed"/>
      </object_component>
      <object_component id="oc-195">
         <name>.text:PRCMSysResetCauseGet</name>
         <load_address>0x2000858c</load_address>
         <run_address>0x2000858c</run_address>
         <size>0x2c</size>
         <input_file_ref idref="fl-10"/>
      </object_component>
      <object_component id="oc-1a7">
         <name>.text:PRCMPeripheralClkDisable</name>
         <load_address>0x200085b8</load_address>
         <run_address>0x200085b8</run_address>
         <size>0x28</size>
         <input_file_ref idref="fl-10"/>
      </object_component>
      <object_component id="oc-58">
         <name>.text:_c_int00_noargs:_c_int00_noargs</name>
         <load_address>0x200085e0</load_address>
         <run_address>0x200085e0</run_address>
         <size>0x28</size>
         <input_file_ref idref="fl-d4"/>
      </object_component>
      <object_component id="oc-2a7">
         <name>.text:mremove</name>
         <load_address>0x20008608</load_address>
         <run_address>0x20008608</run_address>
         <size>0x28</size>
         <input_file_ref idref="fl-cf"/>
      </object_component>
      <object_component id="oc-275">
         <name>.text:UARTEnable</name>
         <load_address>0x20008630</load_address>
         <run_address>0x20008630</run_address>
         <size>0x24</size>
         <input_file_ref idref="fl-12"/>
      </object_component>
      <object_component id="oc-1fb">
         <name>.text:memmove</name>
         <load_address>0x20008654</load_address>
         <run_address>0x20008654</run_address>
         <size>0x24</size>
         <input_file_ref idref="fl-d1"/>
      </object_component>
      <object_component id="oc-ce">
         <name>.text:SPIReset</name>
         <load_address>0x20008678</load_address>
         <run_address>0x20008678</run_address>
         <size>0x22</size>
         <input_file_ref idref="fl-11"/>
      </object_component>
      <object_component id="oc-15e">
         <name>.text:GPIOPinWrite</name>
         <load_address>0x2000869a</load_address>
         <run_address>0x2000869a</run_address>
         <size>0x20</size>
         <input_file_ref idref="fl-d"/>
      </object_component>
      <object_component id="oc-16a">
         <name>.text:SPIDataGet</name>
         <load_address>0x200086ba</load_address>
         <run_address>0x200086ba</run_address>
         <size>0x20</size>
         <input_file_ref idref="fl-11"/>
      </object_component>
      <object_component id="oc-164">
         <name>.text:SPIDataPut</name>
         <load_address>0x200086da</load_address>
         <run_address>0x200086da</run_address>
         <size>0x1e</size>
         <input_file_ref idref="fl-11"/>
      </object_component>
      <object_component id="oc-1dd">
         <name>.text:UARTCharPut</name>
         <load_address>0x200086f8</load_address>
         <run_address>0x200086f8</run_address>
         <size>0x1e</size>
         <input_file_ref idref="fl-12"/>
      </object_component>
      <object_component id="oc-1c0">
         <name>.text:PinTypeI2C</name>
         <load_address>0x20008716</load_address>
         <run_address>0x20008716</run_address>
         <size>0x1c</size>
         <input_file_ref idref="fl-f"/>
      </object_component>
      <object_component id="oc-1ef">
         <name>.text:UARTCharGetNonBlocking</name>
         <load_address>0x20008732</load_address>
         <run_address>0x20008732</run_address>
         <size>0x1c</size>
         <input_file_ref idref="fl-12"/>
      </object_component>
      <object_component id="oc-46">
         <name>.text:decompress:ZI:__TI_zero_init_nomemset:__TI_zero_init_nomemset</name>
         <load_address>0x2000874e</load_address>
         <run_address>0x2000874e</run_address>
         <size>0x1c</size>
         <input_file_ref idref="fl-cc"/>
      </object_component>
      <object_component id="oc-324">
         <name>.text:memccpy</name>
         <load_address>0x2000876a</load_address>
         <run_address>0x2000876a</run_address>
         <size>0x1c</size>
         <input_file_ref idref="fl-e1"/>
      </object_component>
      <object_component id="oc-1c6">
         <name>.text:PinTypeSPI</name>
         <load_address>0x20008786</load_address>
         <run_address>0x20008786</run_address>
         <size>0x1a</size>
         <input_file_ref idref="fl-f"/>
      </object_component>
      <object_component id="oc-1cc">
         <name>.text:PinTypeUART</name>
         <load_address>0x200087a0</load_address>
         <run_address>0x200087a0</run_address>
         <size>0x1a</size>
         <input_file_ref idref="fl-f"/>
      </object_component>
      <object_component id="oc-170">
         <name>.text:SPICSDisable</name>
         <load_address>0x200087ba</load_address>
         <run_address>0x200087ba</run_address>
         <size>0x18</size>
         <input_file_ref idref="fl-11"/>
      </object_component>
      <object_component id="oc-158">
         <name>.text:SPICSEnable</name>
         <load_address>0x200087d2</load_address>
         <run_address>0x200087d2</run_address>
         <size>0x18</size>
         <input_file_ref idref="fl-11"/>
      </object_component>
      <object_component id="oc-e0">
         <name>.text:SPIEnable</name>
         <load_address>0x200087ea</load_address>
         <run_address>0x200087ea</run_address>
         <size>0x18</size>
         <input_file_ref idref="fl-11"/>
      </object_component>
      <object_component id="oc-1e9">
         <name>.text:UARTCharsAvail</name>
         <load_address>0x20008802</load_address>
         <run_address>0x20008802</run_address>
         <size>0x18</size>
         <input_file_ref idref="fl-12"/>
      </object_component>
      <object_component id="oc-289">
         <name>.text:_outc</name>
         <load_address>0x2000881a</load_address>
         <run_address>0x2000881a</run_address>
         <size>0x18</size>
         <input_file_ref idref="fl-d3"/>
      </object_component>
      <object_component id="oc-19b">
         <name>.text:PRCMHIBRegRead</name>
         <load_address>0x20008832</load_address>
         <run_address>0x20008832</run_address>
         <size>0x16</size>
         <input_file_ref idref="fl-10"/>
      </object_component>
      <object_component id="oc-1a1">
         <name>.text:PRCMHIBRegWrite</name>
         <load_address>0x20008848</load_address>
         <run_address>0x20008848</run_address>
         <size>0x16</size>
         <input_file_ref idref="fl-10"/>
      </object_component>
      <object_component id="oc-3b7">
         <name>.text:strchr</name>
         <load_address>0x2000885e</load_address>
         <run_address>0x2000885e</run_address>
         <size>0x16</size>
         <input_file_ref idref="fl-e2"/>
      </object_component>
      <object_component id="oc-185">
         <name>.text:CPUcpsie</name>
         <load_address>0x20008874</load_address>
         <run_address>0x20008874</run_address>
         <size>0x14</size>
         <input_file_ref idref="fl-14"/>
      </object_component>
      <object_component id="oc-e6">
         <name>.text:IntVTableBaseSet</name>
         <load_address>0x20008888</load_address>
         <run_address>0x20008888</run_address>
         <size>0x14</size>
         <input_file_ref idref="fl-e"/>
      </object_component>
      <object_component id="oc-1f5">
         <name>.text:strlen</name>
         <load_address>0x2000889c</load_address>
         <run_address>0x2000889c</run_address>
         <size>0x14</size>
         <input_file_ref idref="fl-d2"/>
      </object_component>
      <object_component id="oc-32a">
         <name>.text:wcslen</name>
         <load_address>0x200088b0</load_address>
         <run_address>0x200088b0</run_address>
         <size>0x12</size>
         <input_file_ref idref="fl-e4"/>
      </object_component>
      <object_component id="oc-18">
         <name>.text:decompress:none:__TI_decompress_none</name>
         <load_address>0x200088c2</load_address>
         <run_address>0x200088c2</run_address>
         <size>0xe</size>
         <input_file_ref idref="fl-cd"/>
      </object_component>
      <object_component id="oc-26">
         <name>.text</name>
         <load_address>0x200088d0</load_address>
         <run_address>0x200088d0</run_address>
         <size>0xe</size>
         <input_file_ref idref="fl-6"/>
      </object_component>
      <object_component id="oc-ec">
         <name>.text:IntMasterEnable</name>
         <load_address>0x200088de</load_address>
         <run_address>0x200088de</run_address>
         <size>0xa</size>
         <input_file_ref idref="fl-e"/>
      </object_component>
      <object_component id="oc-330">
         <name>.text:__aeabi_errno_addr</name>
         <load_address>0x200088e8</load_address>
         <run_address>0x200088e8</run_address>
         <size>0x8</size>
         <input_file_ref idref="fl-e3"/>
      </object_component>
      <object_component id="oc-3f6">
         <name>.text:copysign</name>
         <load_address>0x200088f0</load_address>
         <run_address>0x200088f0</run_address>
         <size>0x8</size>
         <input_file_ref idref="fl-e7"/>
      </object_component>
      <object_component id="oc-25a">
         <name>.text:UtilsDelay</name>
         <load_address>0x200088f8</load_address>
         <run_address>0x200088f8</run_address>
         <size>0x6</size>
         <input_file_ref idref="fl-13"/>
      </object_component>
      <object_component id="oc-8e">
         <name>.text:_system_pre_init</name>
         <load_address>0x200088fe</load_address>
         <run_address>0x200088fe</run_address>
         <size>0x4</size>
         <input_file_ref idref="fl-d9"/>
      </object_component>
      <object_component id="oc-11a">
         <name>.text:abort:abort</name>
         <load_address>0x20008902</load_address>
         <run_address>0x20008902</run_address>
         <size>0x4</size>
         <input_file_ref idref="fl-db"/>
      </object_component>
      <object_component id="oc-178">
         <name>.const:.string:font</name>
         <load_address>0x20008908</load_address>
         <run_address>0x20008908</run_address>
         <size>0x4fb</size>
         <input_file_ref idref="fl-2"/>
      </object_component>
      <object_component id="oc-116">
         <name>.const:.string:font</name>
         <load_address>0x20008e03</load_address>
         <run_address>0x20008e03</run_address>
         <size>0x4fb</size>
         <input_file_ref idref="fl-4"/>
      </object_component>
      <object_component id="oc-360">
         <name>.const:.string:_ctypes_</name>
         <load_address>0x200092fe</load_address>
         <run_address>0x200092fe</run_address>
         <size>0x101</size>
         <input_file_ref idref="fl-df"/>
      </object_component>
      <object_component id="oc-25e">
         <name>.const:g_ulPinToPadMap</name>
         <load_address>0x20009400</load_address>
         <run_address>0x20009400</run_address>
         <size>0x100</size>
         <input_file_ref idref="fl-f"/>
      </object_component>
      <object_component id="oc-1d3">
         <name>.const:PRCM_PeriphRegsList</name>
         <load_address>0x20009500</load_address>
         <run_address>0x20009500</run_address>
         <size>0xa8</size>
         <input_file_ref idref="fl-10"/>
      </object_component>
      <object_component id="oc-191">
         <name>.const:g_pulEnRegs</name>
         <load_address>0x200095a8</load_address>
         <run_address>0x200095a8</run_address>
         <size>0x18</size>
         <input_file_ref idref="fl-e"/>
      </object_component>
      <object_component id="oc-44c">
         <name>.cinit..data.load</name>
         <load_address>0x200095c0</load_address>
         <run_address>0x200095c0</run_address>
         <size>0x27</size>
      </object_component>
      <object_component id="oc-44a">
         <name>__TI_handler_table</name>
         <load_address>0x200095e8</load_address>
         <run_address>0x200095e8</run_address>
         <size>0xc</size>
      </object_component>
      <object_component id="oc-44d">
         <name>.cinit..bss.load</name>
         <load_address>0x200095f8</load_address>
         <run_address>0x200095f8</run_address>
         <size>0x8</size>
      </object_component>
      <object_component id="oc-44b">
         <name>__TI_cinit_table</name>
         <load_address>0x20009600</load_address>
         <run_address>0x20009600</run_address>
         <size>0x10</size>
      </object_component>
      <object_component id="oc-17b">
         <name>.data</name>
         <load_address>0x20017800</load_address>
         <run_address>0x20017800</run_address>
         <size>0x15</size>
         <input_file_ref idref="fl-2"/>
      </object_component>
      <object_component id="oc-2b3">
         <name>.data:$O1$$</name>
         <load_address>0x20017818</load_address>
         <run_address>0x20017818</run_address>
         <size>0xc</size>
         <input_file_ref idref="fl-cf"/>
      </object_component>
      <object_component id="oc-22b">
         <name>.data:$O1$$</name>
         <load_address>0x20017824</load_address>
         <run_address>0x20017824</run_address>
         <size>0x8</size>
         <input_file_ref idref="fl-d0"/>
      </object_component>
      <object_component id="oc-3c7">
         <name>.data</name>
         <load_address>0x2001782c</load_address>
         <run_address>0x2001782c</run_address>
         <size>0x4</size>
         <input_file_ref idref="fl-e3"/>
      </object_component>
      <object_component id="oc-213">
         <name>.bss</name>
         <uninitialized>true</uninitialized>
         <run_address>0x20017830</run_address>
         <size>0x4</size>
         <input_file_ref idref="fl-7"/>
      </object_component>
      <object_component id="oc-20">
         <name>.sysmem</name>
         <uninitialized>true</uninitialized>
         <run_address>0x20017000</run_address>
         <size>0x8</size>
         <input_file_ref idref="fl-cf"/>
      </object_component>
      <object_component id="oc-44f">
         <name>.sysmem</name>
         <uninitialized>true</uninitialized>
         <run_address>0x20017000</run_address>
         <size>0x0</size>
      </object_component>
      <object_component id="oc-23">
         <name>.stack</name>
         <uninitialized>true</uninitialized>
         <run_address>0x2002f800</run_address>
         <size>0x4</size>
         <input_file_ref idref="fl-d4"/>
      </object_component>
      <object_component id="oc-44e">
         <name>.stack</name>
         <uninitialized>true</uninitialized>
         <run_address>0x2002f800</run_address>
         <size>0x0</size>
      </object_component>
      <object_component id="oc-17f">
         <name>.debug_info</name>
         <load_address>0x0</load_address>
         <run_address>0x0</run_address>
         <size>0x225</size>
         <input_file_ref idref="fl-2"/>
      </object_component>
      <object_component id="oc-179">
         <name>.debug_info</name>
         <load_address>0x225</load_address>
         <run_address>0x225</run_address>
         <size>0xd7</size>
         <input_file_ref idref="fl-2"/>
      </object_component>
      <object_component id="oc-17c">
         <name>.debug_info</name>
         <load_address>0x2fc</load_address>
         <run_address>0x2fc</run_address>
         <size>0x185</size>
         <input_file_ref idref="fl-2"/>
      </object_component>
      <object_component id="oc-c9">
         <name>.debug_info</name>
         <load_address>0x481</load_address>
         <run_address>0x481</run_address>
         <size>0x1543</size>
         <input_file_ref idref="fl-2"/>
      </object_component>
      <object_component id="oc-35">
         <name>.debug_info</name>
         <load_address>0x19c4</load_address>
         <run_address>0x19c4</run_address>
         <size>0x84</size>
         <input_file_ref idref="fl-2"/>
      </object_component>
      <object_component id="oc-177">
         <name>.debug_info</name>
         <load_address>0x1a48</load_address>
         <run_address>0x1a48</run_address>
         <size>0x220</size>
         <input_file_ref idref="fl-3"/>
      </object_component>
      <object_component id="oc-c4">
         <name>.debug_info</name>
         <load_address>0x1c68</load_address>
         <run_address>0x1c68</run_address>
         <size>0xe75</size>
         <input_file_ref idref="fl-3"/>
      </object_component>
      <object_component id="oc-2c9">
         <name>.debug_info</name>
         <load_address>0x2add</load_address>
         <run_address>0x2add</run_address>
         <size>0x62</size>
         <input_file_ref idref="fl-3"/>
      </object_component>
      <object_component id="oc-18c">
         <name>.debug_info</name>
         <load_address>0x2b3f</load_address>
         <run_address>0x2b3f</run_address>
         <size>0x2c</size>
         <input_file_ref idref="fl-3"/>
      </object_component>
      <object_component id="oc-b9">
         <name>.debug_info</name>
         <load_address>0x2b6b</load_address>
         <run_address>0x2b6b</run_address>
         <size>0x2c</size>
         <input_file_ref idref="fl-3"/>
      </object_component>
      <object_component id="oc-226">
         <name>.debug_info</name>
         <load_address>0x2b97</load_address>
         <run_address>0x2b97</run_address>
         <size>0x7b3</size>
         <input_file_ref idref="fl-4"/>
      </object_component>
      <object_component id="oc-117">
         <name>.debug_info</name>
         <load_address>0x334a</load_address>
         <run_address>0x334a</run_address>
         <size>0xcf</size>
         <input_file_ref idref="fl-4"/>
      </object_component>
      <object_component id="oc-95">
         <name>.debug_info</name>
         <load_address>0x3419</load_address>
         <run_address>0x3419</run_address>
         <size>0x121f</size>
         <input_file_ref idref="fl-4"/>
      </object_component>
      <object_component id="oc-100">
         <name>.debug_info</name>
         <load_address>0x4638</load_address>
         <run_address>0x4638</run_address>
         <size>0x39c</size>
         <input_file_ref idref="fl-5"/>
      </object_component>
      <object_component id="oc-2e">
         <name>.debug_info</name>
         <load_address>0x49d4</load_address>
         <run_address>0x49d4</run_address>
         <size>0x195</size>
         <input_file_ref idref="fl-6"/>
      </object_component>
      <object_component id="oc-10">
         <name>.debug_info</name>
         <load_address>0x4b69</load_address>
         <run_address>0x4b69</run_address>
         <size>0x114</size>
         <input_file_ref idref="fl-6"/>
      </object_component>
      <object_component id="oc-28">
         <name>.debug_info</name>
         <load_address>0x4c7d</load_address>
         <run_address>0x4c7d</run_address>
         <size>0x435</size>
         <input_file_ref idref="fl-6"/>
      </object_component>
      <object_component id="oc-217">
         <name>.debug_info</name>
         <load_address>0x50b2</load_address>
         <run_address>0x50b2</run_address>
         <size>0x3ad</size>
         <input_file_ref idref="fl-7"/>
      </object_component>
      <object_component id="oc-214">
         <name>.debug_info</name>
         <load_address>0x545f</load_address>
         <run_address>0x545f</run_address>
         <size>0xde</size>
         <input_file_ref idref="fl-7"/>
      </object_component>
      <object_component id="oc-10b">
         <name>.debug_info</name>
         <load_address>0x553d</load_address>
         <run_address>0x553d</run_address>
         <size>0x644</size>
         <input_file_ref idref="fl-7"/>
      </object_component>
      <object_component id="oc-2bd">
         <name>.debug_info</name>
         <load_address>0x5b81</load_address>
         <run_address>0x5b81</run_address>
         <size>0x26b</size>
         <input_file_ref idref="fl-7"/>
      </object_component>
      <object_component id="oc-21d">
         <name>.debug_info</name>
         <load_address>0x5dec</load_address>
         <run_address>0x5dec</run_address>
         <size>0x110</size>
         <input_file_ref idref="fl-7"/>
      </object_component>
      <object_component id="oc-2c2">
         <name>.debug_info</name>
         <load_address>0x5efc</load_address>
         <run_address>0x5efc</run_address>
         <size>0x297</size>
         <input_file_ref idref="fl-7"/>
      </object_component>
      <object_component id="oc-218">
         <name>.debug_info</name>
         <load_address>0x6193</load_address>
         <run_address>0x6193</run_address>
         <size>0x2c</size>
         <input_file_ref idref="fl-7"/>
      </object_component>
      <object_component id="oc-1be">
         <name>.debug_info</name>
         <load_address>0x61bf</load_address>
         <run_address>0x61bf</run_address>
         <size>0x1dd</size>
         <input_file_ref idref="fl-d"/>
      </object_component>
      <object_component id="oc-160">
         <name>.debug_info</name>
         <load_address>0x639c</load_address>
         <run_address>0x639c</run_address>
         <size>0x1d4</size>
         <input_file_ref idref="fl-d"/>
      </object_component>
      <object_component id="oc-258">
         <name>.debug_info</name>
         <load_address>0x6570</load_address>
         <run_address>0x6570</run_address>
         <size>0x201</size>
         <input_file_ref idref="fl-e"/>
      </object_component>
      <object_component id="oc-192">
         <name>.debug_info</name>
         <load_address>0x6771</load_address>
         <run_address>0x6771</run_address>
         <size>0xf4</size>
         <input_file_ref idref="fl-e"/>
      </object_component>
      <object_component id="oc-ed">
         <name>.debug_info</name>
         <load_address>0x6865</load_address>
         <run_address>0x6865</run_address>
         <size>0x17c</size>
         <input_file_ref idref="fl-e"/>
      </object_component>
      <object_component id="oc-e7">
         <name>.debug_info</name>
         <load_address>0x69e1</load_address>
         <run_address>0x69e1</run_address>
         <size>0x1ae</size>
         <input_file_ref idref="fl-e"/>
      </object_component>
      <object_component id="oc-f3">
         <name>.debug_info</name>
         <load_address>0x6b8f</load_address>
         <run_address>0x6b8f</run_address>
         <size>0x19f</size>
         <input_file_ref idref="fl-e"/>
      </object_component>
      <object_component id="oc-2f7">
         <name>.debug_info</name>
         <load_address>0x6d2e</load_address>
         <run_address>0x6d2e</run_address>
         <size>0x14e</size>
         <input_file_ref idref="fl-f"/>
      </object_component>
      <object_component id="oc-25f">
         <name>.debug_info</name>
         <load_address>0x6e7c</load_address>
         <run_address>0x6e7c</run_address>
         <size>0xf6</size>
         <input_file_ref idref="fl-f"/>
      </object_component>
      <object_component id="oc-1b2">
         <name>.debug_info</name>
         <load_address>0x6f72</load_address>
         <run_address>0x6f72</run_address>
         <size>0x1bf</size>
         <input_file_ref idref="fl-f"/>
      </object_component>
      <object_component id="oc-265">
         <name>.debug_info</name>
         <load_address>0x7131</load_address>
         <run_address>0x7131</run_address>
         <size>0x20d</size>
         <input_file_ref idref="fl-f"/>
      </object_component>
      <object_component id="oc-1cf">
         <name>.debug_info</name>
         <load_address>0x733e</load_address>
         <run_address>0x733e</run_address>
         <size>0x1d4</size>
         <input_file_ref idref="fl-f"/>
      </object_component>
      <object_component id="oc-1c3">
         <name>.debug_info</name>
         <load_address>0x7512</load_address>
         <run_address>0x7512</run_address>
         <size>0x1d2</size>
         <input_file_ref idref="fl-f"/>
      </object_component>
      <object_component id="oc-1c9">
         <name>.debug_info</name>
         <load_address>0x76e4</load_address>
         <run_address>0x76e4</run_address>
         <size>0x1d2</size>
         <input_file_ref idref="fl-f"/>
      </object_component>
      <object_component id="oc-1b7">
         <name>.debug_info</name>
         <load_address>0x78b6</load_address>
         <run_address>0x78b6</run_address>
         <size>0x222</size>
         <input_file_ref idref="fl-f"/>
      </object_component>
      <object_component id="oc-223">
         <name>.debug_info</name>
         <load_address>0x7ad8</load_address>
         <run_address>0x7ad8</run_address>
         <size>0x25e</size>
         <input_file_ref idref="fl-10"/>
      </object_component>
      <object_component id="oc-1d4">
         <name>.debug_info</name>
         <load_address>0x7d36</load_address>
         <run_address>0x7d36</run_address>
         <size>0xff</size>
         <input_file_ref idref="fl-10"/>
      </object_component>
      <object_component id="oc-196">
         <name>.debug_info</name>
         <load_address>0x7e35</load_address>
         <run_address>0x7e35</run_address>
         <size>0x1a6</size>
         <input_file_ref idref="fl-10"/>
      </object_component>
      <object_component id="oc-105">
         <name>.debug_info</name>
         <load_address>0x7fdb</load_address>
         <run_address>0x7fdb</run_address>
         <size>0x1eb</size>
         <input_file_ref idref="fl-10"/>
      </object_component>
      <object_component id="oc-1a8">
         <name>.debug_info</name>
         <load_address>0x81c6</load_address>
         <run_address>0x81c6</run_address>
         <size>0x1ed</size>
         <input_file_ref idref="fl-10"/>
      </object_component>
      <object_component id="oc-d5">
         <name>.debug_info</name>
         <load_address>0x83b3</load_address>
         <run_address>0x83b3</run_address>
         <size>0x216</size>
         <input_file_ref idref="fl-10"/>
      </object_component>
      <object_component id="oc-111">
         <name>.debug_info</name>
         <load_address>0x85c9</load_address>
         <run_address>0x85c9</run_address>
         <size>0x1c0</size>
         <input_file_ref idref="fl-10"/>
      </object_component>
      <object_component id="oc-fa">
         <name>.debug_info</name>
         <load_address>0x8789</load_address>
         <run_address>0x8789</run_address>
         <size>0x283</size>
         <input_file_ref idref="fl-10"/>
      </object_component>
      <object_component id="oc-19d">
         <name>.debug_info</name>
         <load_address>0x8a0c</load_address>
         <run_address>0x8a0c</run_address>
         <size>0x1bf</size>
         <input_file_ref idref="fl-10"/>
      </object_component>
      <object_component id="oc-1a3">
         <name>.debug_info</name>
         <load_address>0x8bcb</load_address>
         <run_address>0x8bcb</run_address>
         <size>0x1d4</size>
         <input_file_ref idref="fl-10"/>
      </object_component>
      <object_component id="oc-24b">
         <name>.debug_info</name>
         <load_address>0x8d9f</load_address>
         <run_address>0x8d9f</run_address>
         <size>0x232</size>
         <input_file_ref idref="fl-11"/>
      </object_component>
      <object_component id="oc-e1">
         <name>.debug_info</name>
         <load_address>0x8fd1</load_address>
         <run_address>0x8fd1</run_address>
         <size>0x179</size>
         <input_file_ref idref="fl-11"/>
      </object_component>
      <object_component id="oc-cf">
         <name>.debug_info</name>
         <load_address>0x914a</load_address>
         <run_address>0x914a</run_address>
         <size>0x177</size>
         <input_file_ref idref="fl-11"/>
      </object_component>
      <object_component id="oc-db">
         <name>.debug_info</name>
         <load_address>0x92c1</load_address>
         <run_address>0x92c1</run_address>
         <size>0x28e</size>
         <input_file_ref idref="fl-11"/>
      </object_component>
      <object_component id="oc-16b">
         <name>.debug_info</name>
         <load_address>0x954f</load_address>
         <run_address>0x954f</run_address>
         <size>0x1aa</size>
         <input_file_ref idref="fl-11"/>
      </object_component>
      <object_component id="oc-165">
         <name>.debug_info</name>
         <load_address>0x96f9</load_address>
         <run_address>0x96f9</run_address>
         <size>0x1a6</size>
         <input_file_ref idref="fl-11"/>
      </object_component>
      <object_component id="oc-159">
         <name>.debug_info</name>
         <load_address>0x989f</load_address>
         <run_address>0x989f</run_address>
         <size>0x17d</size>
         <input_file_ref idref="fl-11"/>
      </object_component>
      <object_component id="oc-171">
         <name>.debug_info</name>
         <load_address>0x9a1c</load_address>
         <run_address>0x9a1c</run_address>
         <size>0x17f</size>
         <input_file_ref idref="fl-11"/>
      </object_component>
      <object_component id="oc-1d8">
         <name>.debug_info</name>
         <load_address>0x9b9b</load_address>
         <run_address>0x9b9b</run_address>
         <size>0x25c</size>
         <input_file_ref idref="fl-12"/>
      </object_component>
      <object_component id="oc-276">
         <name>.debug_info</name>
         <load_address>0x9df7</load_address>
         <run_address>0x9df7</run_address>
         <size>0x17e</size>
         <input_file_ref idref="fl-12"/>
      </object_component>
      <object_component id="oc-270">
         <name>.debug_info</name>
         <load_address>0x9f75</load_address>
         <run_address>0x9f75</run_address>
         <size>0x180</size>
         <input_file_ref idref="fl-12"/>
      </object_component>
      <object_component id="oc-1ea">
         <name>.debug_info</name>
         <load_address>0xa0f5</load_address>
         <run_address>0xa0f5</run_address>
         <size>0x18a</size>
         <input_file_ref idref="fl-12"/>
      </object_component>
      <object_component id="oc-1f0">
         <name>.debug_info</name>
         <load_address>0xa27f</load_address>
         <run_address>0xa27f</run_address>
         <size>0x19a</size>
         <input_file_ref idref="fl-12"/>
      </object_component>
      <object_component id="oc-1de">
         <name>.debug_info</name>
         <load_address>0xa419</load_address>
         <run_address>0xa419</run_address>
         <size>0x1ab</size>
         <input_file_ref idref="fl-12"/>
      </object_component>
      <object_component id="oc-186">
         <name>.debug_info</name>
         <load_address>0xa5c4</load_address>
         <run_address>0xa5c4</run_address>
         <size>0x14e</size>
         <input_file_ref idref="fl-14"/>
      </object_component>
      <object_component id="oc-367">
         <name>.debug_info</name>
         <load_address>0xa712</load_address>
         <run_address>0xa712</run_address>
         <size>0x134</size>
         <input_file_ref idref="fl-cb"/>
      </object_component>
      <object_component id="oc-87">
         <name>.debug_info</name>
         <load_address>0xa846</load_address>
         <run_address>0xa846</run_address>
         <size>0x1ed</size>
         <input_file_ref idref="fl-cc"/>
      </object_component>
      <object_component id="oc-47">
         <name>.debug_info</name>
         <load_address>0xaa33</load_address>
         <run_address>0xaa33</run_address>
         <size>0x1cf</size>
         <input_file_ref idref="fl-cc"/>
      </object_component>
      <object_component id="oc-82">
         <name>.debug_info</name>
         <load_address>0xac02</load_address>
         <run_address>0xac02</run_address>
         <size>0x46</size>
         <input_file_ref idref="fl-cc"/>
      </object_component>
      <object_component id="oc-45">
         <name>.debug_info</name>
         <load_address>0xac48</load_address>
         <run_address>0xac48</run_address>
         <size>0x177</size>
         <input_file_ref idref="fl-cd"/>
      </object_component>
      <object_component id="oc-1a">
         <name>.debug_info</name>
         <load_address>0xadbf</load_address>
         <run_address>0xadbf</run_address>
         <size>0x1e7</size>
         <input_file_ref idref="fl-cd"/>
      </object_component>
      <object_component id="oc-40">
         <name>.debug_info</name>
         <load_address>0xafa6</load_address>
         <run_address>0xafa6</run_address>
         <size>0x46</size>
         <input_file_ref idref="fl-cd"/>
      </object_component>
      <object_component id="oc-7a">
         <name>.debug_info</name>
         <load_address>0xafec</load_address>
         <run_address>0xafec</run_address>
         <size>0x2c</size>
         <input_file_ref idref="fl-cd"/>
      </object_component>
      <object_component id="oc-78">
         <name>.debug_info</name>
         <load_address>0xb018</load_address>
         <run_address>0xb018</run_address>
         <size>0x16d</size>
         <input_file_ref idref="fl-ce"/>
      </object_component>
      <object_component id="oc-14">
         <name>.debug_info</name>
         <load_address>0xb185</load_address>
         <run_address>0xb185</run_address>
         <size>0x24d</size>
         <input_file_ref idref="fl-ce"/>
      </object_component>
      <object_component id="oc-30">
         <name>.debug_info</name>
         <load_address>0xb3d2</load_address>
         <run_address>0xb3d2</run_address>
         <size>0x60</size>
         <input_file_ref idref="fl-ce"/>
      </object_component>
      <object_component id="oc-b2">
         <name>.debug_info</name>
         <load_address>0xb432</load_address>
         <run_address>0xb432</run_address>
         <size>0x46</size>
         <input_file_ref idref="fl-ce"/>
      </object_component>
      <object_component id="oc-73">
         <name>.debug_info</name>
         <load_address>0xb478</load_address>
         <run_address>0xb478</run_address>
         <size>0x39</size>
         <input_file_ref idref="fl-ce"/>
      </object_component>
      <object_component id="oc-6c">
         <name>.debug_info</name>
         <load_address>0xb4b1</load_address>
         <run_address>0xb4b1</run_address>
         <size>0x295</size>
         <input_file_ref idref="fl-cf"/>
      </object_component>
      <object_component id="oc-21">
         <name>.debug_info</name>
         <load_address>0xb746</load_address>
         <run_address>0xb746</run_address>
         <size>0x109</size>
         <input_file_ref idref="fl-cf"/>
      </object_component>
      <object_component id="oc-2b4">
         <name>.debug_info</name>
         <load_address>0xb84f</load_address>
         <run_address>0xb84f</run_address>
         <size>0x154</size>
         <input_file_ref idref="fl-cf"/>
      </object_component>
      <object_component id="oc-2a3">
         <name>.debug_info</name>
         <load_address>0xb9a3</load_address>
         <run_address>0xb9a3</run_address>
         <size>0x141</size>
         <input_file_ref idref="fl-cf"/>
      </object_component>
      <object_component id="oc-2a8">
         <name>.debug_info</name>
         <load_address>0xbae4</load_address>
         <run_address>0xbae4</run_address>
         <size>0x17c</size>
         <input_file_ref idref="fl-cf"/>
      </object_component>
      <object_component id="oc-2af">
         <name>.debug_info</name>
         <load_address>0xbc60</load_address>
         <run_address>0xbc60</run_address>
         <size>0x17a</size>
         <input_file_ref idref="fl-cf"/>
      </object_component>
      <object_component id="oc-204">
         <name>.debug_info</name>
         <load_address>0xbdda</load_address>
         <run_address>0xbdda</run_address>
         <size>0x1e3</size>
         <input_file_ref idref="fl-cf"/>
      </object_component>
      <object_component id="oc-210">
         <name>.debug_info</name>
         <load_address>0xbfbd</load_address>
         <run_address>0xbfbd</run_address>
         <size>0x1ee</size>
         <input_file_ref idref="fl-cf"/>
      </object_component>
      <object_component id="oc-208">
         <name>.debug_info</name>
         <load_address>0xc1ab</load_address>
         <run_address>0xc1ab</run_address>
         <size>0x286</size>
         <input_file_ref idref="fl-cf"/>
      </object_component>
      <object_component id="oc-a8">
         <name>.debug_info</name>
         <load_address>0xc431</load_address>
         <run_address>0xc431</run_address>
         <size>0x2c</size>
         <input_file_ref idref="fl-cf"/>
      </object_component>
      <object_component id="oc-ad">
         <name>.debug_info</name>
         <load_address>0xc45d</load_address>
         <run_address>0xc45d</run_address>
         <size>0x62</size>
         <input_file_ref idref="fl-cf"/>
      </object_component>
      <object_component id="oc-2da">
         <name>.debug_info</name>
         <load_address>0xc4bf</load_address>
         <run_address>0xc4bf</run_address>
         <size>0x198</size>
         <input_file_ref idref="fl-d0"/>
      </object_component>
      <object_component id="oc-22c">
         <name>.debug_info</name>
         <load_address>0xc657</load_address>
         <run_address>0xc657</run_address>
         <size>0x11b</size>
         <input_file_ref idref="fl-d0"/>
      </object_component>
      <object_component id="oc-2d5">
         <name>.debug_info</name>
         <load_address>0xc772</load_address>
         <run_address>0xc772</run_address>
         <size>0x12b</size>
         <input_file_ref idref="fl-d0"/>
      </object_component>
      <object_component id="oc-2a0">
         <name>.debug_info</name>
         <load_address>0xc89d</load_address>
         <run_address>0xc89d</run_address>
         <size>0x174</size>
         <input_file_ref idref="fl-d1"/>
      </object_component>
      <object_component id="oc-1fd">
         <name>.debug_info</name>
         <load_address>0xca11</load_address>
         <run_address>0xca11</run_address>
         <size>0x1b3</size>
         <input_file_ref idref="fl-d1"/>
      </object_component>
      <object_component id="oc-29e">
         <name>.debug_info</name>
         <load_address>0xcbc4</load_address>
         <run_address>0xcbc4</run_address>
         <size>0x15e</size>
         <input_file_ref idref="fl-d2"/>
      </object_component>
      <object_component id="oc-1f6">
         <name>.debug_info</name>
         <load_address>0xcd22</load_address>
         <run_address>0xcd22</run_address>
         <size>0x242</size>
         <input_file_ref idref="fl-d2"/>
      </object_component>
      <object_component id="oc-290">
         <name>.debug_info</name>
         <load_address>0xcf64</load_address>
         <run_address>0xcf64</run_address>
         <size>0x20f</size>
         <input_file_ref idref="fl-d3"/>
      </object_component>
      <object_component id="oc-1e4">
         <name>.debug_info</name>
         <load_address>0xd173</load_address>
         <run_address>0xd173</run_address>
         <size>0x205</size>
         <input_file_ref idref="fl-d3"/>
      </object_component>
      <object_component id="oc-286">
         <name>.debug_info</name>
         <load_address>0xd378</load_address>
         <run_address>0xd378</run_address>
         <size>0x1c3</size>
         <input_file_ref idref="fl-d3"/>
      </object_component>
      <object_component id="oc-28a">
         <name>.debug_info</name>
         <load_address>0xd53b</load_address>
         <run_address>0xd53b</run_address>
         <size>0x176</size>
         <input_file_ref idref="fl-d3"/>
      </object_component>
      <object_component id="oc-291">
         <name>.debug_info</name>
         <load_address>0xd6b1</load_address>
         <run_address>0xd6b1</run_address>
         <size>0x2c</size>
         <input_file_ref idref="fl-d3"/>
      </object_component>
      <object_component id="oc-296">
         <name>.debug_info</name>
         <load_address>0xd6dd</load_address>
         <run_address>0xd6dd</run_address>
         <size>0x69</size>
         <input_file_ref idref="fl-d3"/>
      </object_component>
      <object_component id="oc-24">
         <name>.debug_info</name>
         <load_address>0xd746</load_address>
         <run_address>0xd746</run_address>
         <size>0x108</size>
         <input_file_ref idref="fl-d4"/>
      </object_component>
      <object_component id="oc-5b">
         <name>.debug_info</name>
         <load_address>0xd84e</load_address>
         <run_address>0xd84e</run_address>
         <size>0x1ac</size>
         <input_file_ref idref="fl-d4"/>
      </object_component>
      <object_component id="oc-3de">
         <name>.debug_info</name>
         <load_address>0xd9fa</load_address>
         <run_address>0xd9fa</run_address>
         <size>0x115</size>
         <input_file_ref idref="fl-d5"/>
      </object_component>
      <object_component id="oc-8a">
         <name>.debug_info</name>
         <load_address>0xdb0f</load_address>
         <run_address>0xdb0f</run_address>
         <size>0x147</size>
         <input_file_ref idref="fl-d6"/>
      </object_component>
      <object_component id="oc-3d">
         <name>.debug_info</name>
         <load_address>0xdc56</load_address>
         <run_address>0xdc56</run_address>
         <size>0x119</size>
         <input_file_ref idref="fl-d7"/>
      </object_component>
      <object_component id="oc-232">
         <name>.debug_info</name>
         <load_address>0xdd6f</load_address>
         <run_address>0xdd6f</run_address>
         <size>0x421</size>
         <input_file_ref idref="fl-d8"/>
      </object_component>
      <object_component id="oc-127">
         <name>.debug_info</name>
         <load_address>0xe190</load_address>
         <run_address>0xe190</run_address>
         <size>0x1a3</size>
         <input_file_ref idref="fl-d8"/>
      </object_component>
      <object_component id="oc-2e0">
         <name>.debug_info</name>
         <load_address>0xe333</load_address>
         <run_address>0xe333</run_address>
         <size>0x39</size>
         <input_file_ref idref="fl-d8"/>
      </object_component>
      <object_component id="oc-352">
         <name>.debug_info</name>
         <load_address>0xe36c</load_address>
         <run_address>0xe36c</run_address>
         <size>0x39</size>
         <input_file_ref idref="fl-d8"/>
      </object_component>
      <object_component id="oc-2e5">
         <name>.debug_info</name>
         <load_address>0xe3a5</load_address>
         <run_address>0xe3a5</run_address>
         <size>0x39</size>
         <input_file_ref idref="fl-d8"/>
      </object_component>
      <object_component id="oc-2ea">
         <name>.debug_info</name>
         <load_address>0xe3de</load_address>
         <run_address>0xe3de</run_address>
         <size>0xcd</size>
         <input_file_ref idref="fl-d8"/>
      </object_component>
      <object_component id="oc-8f">
         <name>.debug_info</name>
         <load_address>0xe4ab</load_address>
         <run_address>0xe4ab</run_address>
         <size>0x150</size>
         <input_file_ref idref="fl-d9"/>
      </object_component>
      <object_component id="oc-11b">
         <name>.debug_info</name>
         <load_address>0xe5fb</load_address>
         <run_address>0xe5fb</run_address>
         <size>0x11f</size>
         <input_file_ref idref="fl-db"/>
      </object_component>
      <object_component id="oc-337">
         <name>.debug_info</name>
         <load_address>0xe71a</load_address>
         <run_address>0xe71a</run_address>
         <size>0x780</size>
         <input_file_ref idref="fl-dc"/>
      </object_component>
      <object_component id="oc-302">
         <name>.debug_info</name>
         <load_address>0xee9a</load_address>
         <run_address>0xee9a</run_address>
         <size>0x21b</size>
         <input_file_ref idref="fl-dc"/>
      </object_component>
      <object_component id="oc-391">
         <name>.debug_info</name>
         <load_address>0xf0b5</load_address>
         <run_address>0xf0b5</run_address>
         <size>0x1b0</size>
         <input_file_ref idref="fl-dc"/>
      </object_component>
      <object_component id="oc-397">
         <name>.debug_info</name>
         <load_address>0xf265</load_address>
         <run_address>0xf265</run_address>
         <size>0x218</size>
         <input_file_ref idref="fl-dc"/>
      </object_component>
      <object_component id="oc-30d">
         <name>.debug_info</name>
         <load_address>0xf47d</load_address>
         <run_address>0xf47d</run_address>
         <size>0x3b7</size>
         <input_file_ref idref="fl-dc"/>
      </object_component>
      <object_component id="oc-39e">
         <name>.debug_info</name>
         <load_address>0xf834</load_address>
         <run_address>0xf834</run_address>
         <size>0x303</size>
         <input_file_ref idref="fl-dc"/>
      </object_component>
      <object_component id="oc-3a4">
         <name>.debug_info</name>
         <load_address>0xfb37</load_address>
         <run_address>0xfb37</run_address>
         <size>0x212</size>
         <input_file_ref idref="fl-dc"/>
      </object_component>
      <object_component id="oc-313">
         <name>.debug_info</name>
         <load_address>0xfd49</load_address>
         <run_address>0xfd49</run_address>
         <size>0x225</size>
         <input_file_ref idref="fl-dc"/>
      </object_component>
      <object_component id="oc-319">
         <name>.debug_info</name>
         <load_address>0xff6e</load_address>
         <run_address>0xff6e</run_address>
         <size>0x300</size>
         <input_file_ref idref="fl-dc"/>
      </object_component>
      <object_component id="oc-31f">
         <name>.debug_info</name>
         <load_address>0x1026e</load_address>
         <run_address>0x1026e</run_address>
         <size>0x4ac</size>
         <input_file_ref idref="fl-dc"/>
      </object_component>
      <object_component id="oc-27e">
         <name>.debug_info</name>
         <load_address>0x1071a</load_address>
         <run_address>0x1071a</run_address>
         <size>0x5d5</size>
         <input_file_ref idref="fl-dc"/>
      </object_component>
      <object_component id="oc-338">
         <name>.debug_info</name>
         <load_address>0x10cef</load_address>
         <run_address>0x10cef</run_address>
         <size>0x86</size>
         <input_file_ref idref="fl-dc"/>
      </object_component>
      <object_component id="oc-3ce">
         <name>.debug_info</name>
         <load_address>0x10d75</load_address>
         <run_address>0x10d75</run_address>
         <size>0x39</size>
         <input_file_ref idref="fl-dc"/>
      </object_component>
      <object_component id="oc-40d">
         <name>.debug_info</name>
         <load_address>0x10dae</load_address>
         <run_address>0x10dae</run_address>
         <size>0xb6</size>
         <input_file_ref idref="fl-dc"/>
      </object_component>
      <object_component id="oc-3d3">
         <name>.debug_info</name>
         <load_address>0x10e64</load_address>
         <run_address>0x10e64</run_address>
         <size>0x46</size>
         <input_file_ref idref="fl-dc"/>
      </object_component>
      <object_component id="oc-33d">
         <name>.debug_info</name>
         <load_address>0x10eaa</load_address>
         <run_address>0x10eaa</run_address>
         <size>0x46</size>
         <input_file_ref idref="fl-dc"/>
      </object_component>
      <object_component id="oc-364">
         <name>.debug_info</name>
         <load_address>0x10ef0</load_address>
         <run_address>0x10ef0</run_address>
         <size>0x188</size>
         <input_file_ref idref="fl-de"/>
      </object_component>
      <object_component id="oc-2fe">
         <name>.debug_info</name>
         <load_address>0x11078</load_address>
         <run_address>0x11078</run_address>
         <size>0x179</size>
         <input_file_ref idref="fl-de"/>
      </object_component>
      <object_component id="oc-3da">
         <name>.debug_info</name>
         <load_address>0x111f1</load_address>
         <run_address>0x111f1</run_address>
         <size>0xf6</size>
         <input_file_ref idref="fl-df"/>
      </object_component>
      <object_component id="oc-361">
         <name>.debug_info</name>
         <load_address>0x112e7</load_address>
         <run_address>0x112e7</run_address>
         <size>0x102</size>
         <input_file_ref idref="fl-df"/>
      </object_component>
      <object_component id="oc-3e8">
         <name>.debug_info</name>
         <load_address>0x113e9</load_address>
         <run_address>0x113e9</run_address>
         <size>0x16a</size>
         <input_file_ref idref="fl-e0"/>
      </object_component>
      <object_component id="oc-381">
         <name>.debug_info</name>
         <load_address>0x11553</load_address>
         <run_address>0x11553</run_address>
         <size>0x1ca</size>
         <input_file_ref idref="fl-e0"/>
      </object_component>
      <object_component id="oc-3bf">
         <name>.debug_info</name>
         <load_address>0x1171d</load_address>
         <run_address>0x1171d</run_address>
         <size>0x165</size>
         <input_file_ref idref="fl-e1"/>
      </object_component>
      <object_component id="oc-326">
         <name>.debug_info</name>
         <load_address>0x11882</load_address>
         <run_address>0x11882</run_address>
         <size>0x1b3</size>
         <input_file_ref idref="fl-e1"/>
      </object_component>
      <object_component id="oc-3ff">
         <name>.debug_info</name>
         <load_address>0x11a35</load_address>
         <run_address>0x11a35</run_address>
         <size>0x169</size>
         <input_file_ref idref="fl-e2"/>
      </object_component>
      <object_component id="oc-3ba">
         <name>.debug_info</name>
         <load_address>0x11b9e</load_address>
         <run_address>0x11b9e</run_address>
         <size>0x25f</size>
         <input_file_ref idref="fl-e2"/>
      </object_component>
      <object_component id="oc-3cb">
         <name>.debug_info</name>
         <load_address>0x11dfd</load_address>
         <run_address>0x11dfd</run_address>
         <size>0x158</size>
         <input_file_ref idref="fl-e3"/>
      </object_component>
      <object_component id="oc-3c8">
         <name>.debug_info</name>
         <load_address>0x11f55</load_address>
         <run_address>0x11f55</run_address>
         <size>0x10b</size>
         <input_file_ref idref="fl-e3"/>
      </object_component>
      <object_component id="oc-331">
         <name>.debug_info</name>
         <load_address>0x12060</load_address>
         <run_address>0x12060</run_address>
         <size>0x14b</size>
         <input_file_ref idref="fl-e3"/>
      </object_component>
      <object_component id="oc-3c6">
         <name>.debug_info</name>
         <load_address>0x121ab</load_address>
         <run_address>0x121ab</run_address>
         <size>0x15e</size>
         <input_file_ref idref="fl-e4"/>
      </object_component>
      <object_component id="oc-32c">
         <name>.debug_info</name>
         <load_address>0x12309</load_address>
         <run_address>0x12309</run_address>
         <size>0x157</size>
         <input_file_ref idref="fl-e4"/>
      </object_component>
      <object_component id="oc-402">
         <name>.debug_info</name>
         <load_address>0x12460</load_address>
         <run_address>0x12460</run_address>
         <size>0x46</size>
         <input_file_ref idref="fl-e4"/>
      </object_component>
      <object_component id="oc-3c1">
[...]
         <value>0x20006525</value>
         <object_component_ref idref="oc-c2"/>
      </symbol>
      <symbol id="sm-fe">
         <name>invert</name>
         <value>0x2000669f</value>
         <object_component_ref idref="oc-c2"/>
      </symbol>
      <symbol id="sm-16f">
         <name>MasterMain</name>
         <value>0x20005fdf</value>
         <object_component_ref idref="oc-94"/>
      </symbol>
      <symbol id="sm-170">
         <name>testroundrects</name>
         <value>0x20005bff</value>
         <object_component_ref idref="oc-94"/>
      </symbol>
      <symbol id="sm-171">
         <name>testdrawcircles</name>
         <value>0x20005b03</value>
         <object_component_ref idref="oc-94"/>
      </symbol>
      <symbol id="sm-172">
         <name>testlines</name>
         <value>0x20005c71</value>
         <object_component_ref idref="oc-94"/>
      </symbol>
      <symbol id="sm-173">
         <name>testfastlines</name>
         <value>0x20005901</value>
         <object_component_ref idref="oc-94"/>
      </symbol>
      <symbol id="sm-174">
         <name>lcdTestPattern</name>
         <value>0x20005e3f</value>
         <object_component_ref idref="oc-94"/>
      </symbol>
      <symbol id="sm-175">
         <name>main</name>
         <value>0x20006141</value>
         <object_component_ref idref="oc-94"/>
      </symbol>
      <symbol id="sm-176">
         <name>delay</name>
         <value>0x200058cd</value>
         <object_component_ref idref="oc-94"/>
      </symbol>
      <symbol id="sm-177">
         <name>lcdTestPattern2</name>
         <value>0x20005f0f</value>
         <object_component_ref idref="oc-94"/>
      </symbol>
      <symbol id="sm-178">
         <name>testtriangles</name>
         <value>0x20005b7d</value>
         <object_component_ref idref="oc-94"/>
      </symbol>
      <symbol id="sm-179">
         <name>testfillrects</name>
         <value>0x200059d3</value>
         <object_component_ref idref="oc-94"/>
      </symbol>
      <symbol id="sm-17a">
         <name>testdrawrects</name>
         <value>0x20005973</value>
         <object_component_ref idref="oc-94"/>
      </symbol>
      <symbol id="sm-17b">
         <name>testfillcircles</name>
         <value>0x20005a91</value>
         <object_component_ref idref="oc-94"/>
      </symbol>
      <symbol id="sm-188">
         <name>PinMuxConfig</name>
         <value>0x20007435</value>
         <object_component_ref idref="oc-fe"/>
      </symbol>
      <symbol id="sm-1a7">
         <name>ResetISR</name>
         <value>0x200088d1</value>
         <object_component_ref idref="oc-26"/>
      </symbol>
      <symbol id="sm-1a8">
         <name>g_pfnVectors</name>
         <value>0x20004000</value>
         <object_component_ref idref="oc-f"/>
      </symbol>
      <symbol id="sm-1f9">
         <name>GetCmd</name>
         <value>0x2000673f</value>
         <object_component_ref idref="oc-10a"/>
      </symbol>
      <symbol id="sm-1fa">
         <name>Message</name>
         <value>0x200066db</value>
         <object_component_ref idref="oc-10a"/>
      </symbol>
      <symbol id="sm-1fb">
         <name>Report</name>
         <value>0x2000687d</value>
         <object_component_ref idref="oc-10a"/>
      </symbol>
      <symbol id="sm-1fc">
         <name>Error</name>
         <value>0x20006707</value>
         <object_component_ref idref="oc-10a"/>
      </symbol>
      <symbol id="sm-1fd">
         <name>InitTerm</name>
         <value>0x200066bd</value>
         <object_component_ref idref="oc-10a"/>
      </symbol>
      <symbol id="sm-1fe">
         <name>ClearTerm</name>
         <value>0x200066fd</value>
         <object_component_ref idref="oc-10a"/>
      </symbol>
      <symbol id="sm-1ff">
         <name>TrimSpace</name>
         <value>0x200067e5</value>
         <object_component_ref idref="oc-10a"/>
      </symbol>
      <symbol id="sm-213">
         <name>GPIODirModeSet</name>
         <value>0x20008495</value>
         <object_component_ref idref="oc-1ba"/>
      </symbol>
      <symbol id="sm-214">
         <name>GPIOPinWrite</name>
         <value>0x2000869b</value>
         <object_component_ref idref="oc-15e"/>
      </symbol>
      <symbol id="sm-243">
         <name>IntVTableBaseSet</name>
         <value>0x20008889</value>
         <object_component_ref idref="oc-e6"/>
      </symbol>
      <symbol id="sm-244">
         <name>IntEnable</name>
         <value>0x200079b9</value>
         <object_component_ref idref="oc-f2"/>
      </symbol>
      <symbol id="sm-245">
         <name>IntMasterEnable</name>
         <value>0x200088df</value>
         <object_component_ref idref="oc-ec"/>
      </symbol>
      <symbol id="sm-28c">
         <name>PinTypeI2C</name>
         <value>0x20008717</value>
         <object_component_ref idref="oc-1c0"/>
      </symbol>
      <symbol id="sm-28d">
         <name>PinTypeUART</name>
         <value>0x200087a1</value>
         <object_component_ref idref="oc-1cc"/>
      </symbol>
      <symbol id="sm-28e">
         <name>PinTypeGPIO</name>
         <value>0x200084cb</value>
         <object_component_ref idref="oc-1b4"/>
      </symbol>
      <symbol id="sm-28f">
         <name>PinConfigSet</name>
         <value>0x20007cc9</value>
         <object_component_ref idref="oc-262"/>
      </symbol>
      <symbol id="sm-290">
         <name>PinTypeSPI</name>
         <value>0x20008787</value>
         <object_component_ref idref="oc-1c6"/>
      </symbol>
      <symbol id="sm-291">
         <name>PinModeSet</name>
         <value>0x20008325</value>
         <object_component_ref idref="oc-1ae"/>
      </symbol>
      <symbol id="sm-317">
         <name>PRCMPeripheralReset</name>
         <value>0x200080f9</value>
         <object_component_ref idref="oc-110"/>
      </symbol>
      <symbol id="sm-318">
         <name>PRCMPeripheralClkEnable</name>
         <value>0x200083e5</value>
         <object_component_ref idref="oc-104"/>
      </symbol>
      <symbol id="sm-319">
         <name>PRCMPeripheralClockGet</name>
         <value>0x20007c35</value>
         <object_component_ref idref="oc-d4"/>
      </symbol>
      <symbol id="sm-31a">
         <name>PRCMCC3200MCUInit</name>
         <value>0x20006f29</value>
         <object_component_ref idref="oc-f8"/>
      </symbol>
      <symbol id="sm-31b">
         <name>PRCMHIBRegWrite</name>
         <value>0x20008849</value>
         <object_component_ref idref="oc-1a1"/>
      </symbol>
      <symbol id="sm-31c">
         <name>PRCMSysResetCauseGet</name>
         <value>0x2000858d</value>
         <object_component_ref idref="oc-195"/>
      </symbol>
      <symbol id="sm-31d">
         <name>PRCMPeripheralClkDisable</name>
         <value>0x200085b9</value>
         <object_component_ref idref="oc-1a7"/>
      </symbol>
      <symbol id="sm-31e">
         <name>PRCMHIBRegRead</name>
         <value>0x20008833</value>
         <object_component_ref idref="oc-19b"/>
      </symbol>
      <symbol id="sm-363">
         <name>SPICSEnable</name>
         <value>0x200087d3</value>
         <object_component_ref idref="oc-158"/>
      </symbol>
      <symbol id="sm-364">
         <name>SPIDataPut</name>
         <value>0x200086db</value>
         <object_component_ref idref="oc-164"/>
      </symbol>
      <symbol id="sm-365">
         <name>SPIEnable</name>
         <value>0x200087eb</value>
         <object_component_ref idref="oc-e0"/>
      </symbol>
      <symbol id="sm-366">
         <name>SPIDataGet</name>
         <value>0x200086bb</value>
         <object_component_ref idref="oc-16a"/>
      </symbol>
      <symbol id="sm-367">
         <name>SPIConfigSetExpClk</name>
         <value>0x20007a61</value>
         <object_component_ref idref="oc-da"/>
      </symbol>
      <symbol id="sm-368">
         <name>SPIReset</name>
         <value>0x20008679</value>
         <object_component_ref idref="oc-ce"/>
      </symbol>
      <symbol id="sm-369">
         <name>SPICSDisable</name>
         <value>0x200087bb</value>
         <object_component_ref idref="oc-170"/>
      </symbol>
      <symbol id="sm-3a5">
         <name>UARTConfigSetExpClk</name>
         <value>0x20007f51</value>
         <object_component_ref idref="oc-1d7"/>
      </symbol>
      <symbol id="sm-3a6">
         <name>UARTDisable</name>
         <value>0x200084fd</value>
         <object_component_ref idref="oc-26f"/>
      </symbol>
      <symbol id="sm-3a7">
         <name>UARTCharsAvail</name>
         <value>0x20008803</value>
         <object_component_ref idref="oc-1e9"/>
      </symbol>
      <symbol id="sm-3a8">
         <name>UARTCharGetNonBlocking</name>
         <value>0x20008733</value>
         <object_component_ref idref="oc-1ef"/>
      </symbol>
      <symbol id="sm-3a9">
         <name>UARTCharPut</name>
         <value>0x200086f9</value>
         <object_component_ref idref="oc-1dd"/>
      </symbol>
      <symbol id="sm-3aa">
         <name>UARTEnable</name>
         <value>0x20008631</value>
         <object_component_ref idref="oc-275"/>
      </symbol>
      <symbol id="sm-3ae">
         <name>UtilsDelay</name>
         <value>0x200088f9</value>
         <object_component_ref idref="oc-25a"/>
      </symbol>
      <symbol id="sm-3b8">
         <name>CPUcpsie</name>
         <value>0x20008875</value>
         <object_component_ref idref="oc-185"/>
      </symbol>
      <symbol id="sm-3c6">
         <name>__aeabi_uldivmod</name>
         <value>0x20007b9d</value>
         <object_component_ref idref="oc-365"/>
      </symbol>
      <symbol id="sm-3da">
         <name>__TI_zero_init_nomemset</name>
         <value>0x2000874f</value>
         <object_component_ref idref="oc-46"/>
      </symbol>
      <symbol id="sm-3f1">
         <name>__TI_decompress_none</name>
         <value>0x200088c3</value>
         <object_component_ref idref="oc-18"/>
      </symbol>
      <symbol id="sm-414">
         <name>__TI_decompress_lzss</name>
         <value>0x20008035</value>
         <object_component_ref idref="oc-12"/>
      </symbol>
      <symbol id="sm-4aa">
         <name>_sys_memory</name>
         <value>0x20017000</value>
         <object_component_ref idref="oc-20"/>
      </symbol>
      <symbol id="sm-4ab">
         <name>free</name>
         <value>0x2000775d</value>
         <object_component_ref idref="oc-20d"/>
      </symbol>
      <symbol id="sm-4ac">
         <name>realloc</name>
         <value>0x2000754d</value>
         <object_component_ref idref="oc-207"/>
      </symbol>
      <symbol id="sm-4ad">
         <name>malloc</name>
         <value>0x20007ed9</value>
         <object_component_ref idref="oc-201"/>
      </symbol>
      <symbol id="sm-4ae">
         <name>minit</name>
         <value>0x2000845d</value>
         <object_component_ref idref="oc-2a1"/>
      </symbol>
      <symbol id="sm-4c3">
         <name>_nop</name>
         <value>0x200058cb</value>
         <object_component_ref idref="oc-2d2"/>
      </symbol>
      <symbol id="sm-4c4">
         <name>_lock</name>
         <value>0x20017824</value>
         <object_component_ref idref="oc-22b"/>
      </symbol>
      <symbol id="sm-4c5">
         <name>_unlock</name>
         <value>0x20017828</value>
         <object_component_ref idref="oc-22b"/>
      </symbol>
      <symbol id="sm-4d5">
         <name>memmove</name>
         <value>0x20008655</value>
         <object_component_ref idref="oc-1fb"/>
      </symbol>
      <symbol id="sm-4e3">
         <name>strlen</name>
         <value>0x2000889d</value>
         <object_component_ref idref="oc-1f5"/>
      </symbol>
      <symbol id="sm-512">
         <name>vsnprintf</name>
         <value>0x20008365</value>
         <object_component_ref idref="oc-1e3"/>
      </symbol>
      <symbol id="sm-524">
         <name>__stack</name>
         <value>0x2002f800</value>
         <object_component_ref idref="oc-23"/>
      </symbol>
      <symbol id="sm-525">
         <name>_c_int00_noargs</name>
         <value>0x200085e1</value>
         <object_component_ref idref="oc-58"/>
      </symbol>
      <symbol id="sm-52f">
         <name>__aeabi_idiv0</name>
         <value>0x200066bb</value>
         <object_component_ref idref="oc-3dd"/>
      </symbol>
      <symbol id="sm-530">
         <name>__aeabi_ldiv0</name>
         <value>0x200066bb</value>
         <object_component_ref idref="oc-3dd"/>
      </symbol>
      <symbol id="sm-53f">
         <name>__aeabi_memset</name>
         <value>0x20007e5f</value>
         <object_component_ref idref="oc-88"/>
      </symbol>
      <symbol id="sm-540">
         <name>memset</name>
         <value>0x20007e65</value>
         <object_component_ref idref="oc-88"/>
      </symbol>
      <symbol id="sm-541">
         <name>__aeabi_memset8</name>
         <value>0x20007e5f</value>
         <object_component_ref idref="oc-88"/>
      </symbol>
      <symbol id="sm-542">
         <name>__aeabi_memset4</name>
         <value>0x20007e5f</value>
         <object_component_ref idref="oc-88"/>
      </symbol>
      <symbol id="sm-543">
         <name>__aeabi_memclr8</name>
         <value>0x20007e5d</value>
         <object_component_ref idref="oc-88"/>
      </symbol>
      <symbol id="sm-544">
         <name>__aeabi_memclr4</name>
         <value>0x20007e5d</value>
         <object_component_ref idref="oc-88"/>
      </symbol>
      <symbol id="sm-545">
         <name>__aeabi_memclr</name>
         <value>0x20007e5d</value>
         <object_component_ref idref="oc-88"/>
      </symbol>
      <symbol id="sm-560">
         <name>memcpy</name>
         <value>0x20007b01</value>
         <object_component_ref idref="oc-3a"/>
      </symbol>
      <symbol id="sm-561">
         <name>__aeabi_memcpy</name>
         <value>0x20007b01</value>
         <object_component_ref idref="oc-3a"/>
      </symbol>
      <symbol id="sm-562">
         <name>__aeabi_memcpy8</name>
         <value>0x20007b01</value>
         <object_component_ref idref="oc-3a"/>
      </symbol>
      <symbol id="sm-563">
         <name>__aeabi_memcpy4</name>
         <value>0x20007b01</value>
         <object_component_ref idref="oc-3a"/>
      </symbol>
      <symbol id="sm-58b">
         <name>__TI_auto_init_nobinit_nopinit</name>
         <value>0x200082e1</value>
         <object_component_ref idref="oc-126"/>
      </symbol>
      <symbol id="sm-595">
         <name>_system_pre_init</name>
         <value>0x200088ff</value>
         <object_component_ref idref="oc-8e"/>
      </symbol>
      <symbol id="sm-5a1">
         <name>C$$EXIT</name>
         <value>0x20008903</value>
         <object_component_ref idref="oc-11a"/>
      </symbol>
      <symbol id="sm-5a2">
         <name>abort</name>
         <value>0x20008903</value>
         <object_component_ref idref="oc-11a"/>
      </symbol>
      <symbol id="sm-707">
         <name>__TI_printfi</name>
         <value>0x20004e81</value>
         <object_component_ref idref="oc-27d"/>
      </symbol>
      <symbol id="sm-71e">
         <name>atoi</name>
         <value>0x2000824d</value>
         <object_component_ref idref="oc-2fb"/>
      </symbol>
      <symbol id="sm-729">
         <name>_ctypes_</name>
         <value>0x200092fe</value>
         <object_component_ref idref="oc-360"/>
      </symbol>
      <symbol id="sm-738">
         <name>ltoa</name>
         <value>0x200081a7</value>
         <object_component_ref idref="oc-380"/>
      </symbol>
      <symbol id="sm-748">
         <name>memccpy</name>
         <value>0x2000876b</value>
         <object_component_ref idref="oc-324"/>
      </symbol>
      <symbol id="sm-758">
         <name>strchr</name>
         <value>0x2000885f</value>
         <object_component_ref idref="oc-3b7"/>
      </symbol>
      <symbol id="sm-76e">
         <name>__aeabi_errno_addr</name>
         <value>0x200088e9</value>
         <object_component_ref idref="oc-330"/>
      </symbol>
      <symbol id="sm-76f">
         <name>errno</name>
         <value>0x2001782c</value>
         <object_component_ref idref="oc-3c7"/>
      </symbol>
      <symbol id="sm-788">
         <name>wcslen</name>
         <value>0x200088b1</value>
         <object_component_ref idref="oc-32a"/>
      </symbol>
      <symbol id="sm-7a8">
         <name>frexpl</name>
         <value>0x2000809d</value>
         <object_component_ref idref="oc-3ab"/>
      </symbol>
      <symbol id="sm-7a9">
         <name>frexp</name>
         <value>0x2000809d</value>
         <object_component_ref idref="oc-3ab"/>
      </symbol>
      <symbol id="sm-7c7">
         <name>scalbn</name>
         <value>0x20007835</value>
         <object_component_ref idref="oc-3b1"/>
      </symbol>
      <symbol id="sm-7c8">
         <name>scalbnl</name>
         <value>0x20007835</value>
         <object_component_ref idref="oc-3b1"/>
      </symbol>
      <symbol id="sm-7c9">
         <name>ldexpl</name>
         <value>0x20007835</value>
         <object_component_ref idref="oc-3b1"/>
      </symbol>
      <symbol id="sm-7ca">
         <name>ldexp</name>
         <value>0x20007835</value>
         <object_component_ref idref="oc-3b1"/>
      </symbol>
      <symbol id="sm-7d4">
         <name>copysign</name>
         <value>0x200088f1</value>
         <object_component_ref idref="oc-3f6"/>
      </symbol>
      <symbol id="sm-7d5">
         <name>copysignl</name>
         <value>0x200088f1</value>
         <object_component_ref idref="oc-3f6"/>
      </symbol>
      <symbol id="sm-7ec">
         <name>__aeabi_dsub</name>
         <value>0x20006d71</value>
         <object_component_ref idref="oc-38b"/>
      </symbol>
      <symbol id="sm-7ed">
         <name>__aeabi_dadd</name>
         <value>0x20006d7b</value>
         <object_component_ref idref="oc-38b"/>
      </symbol>
      <symbol id="sm-80f">
         <name>__aeabi_cdcmpeq</name>
         <value>0x20007d51</value>
         <object_component_ref idref="oc-307"/>
      </symbol>
      <symbol id="sm-810">
         <name>__aeabi_cdcmple</name>
         <value>0x20007d51</value>
         <object_component_ref idref="oc-307"/>
      </symbol>
      <symbol id="sm-811">
         <name>__aeabi_cdrcmple</name>
         <value>0x20007dd7</value>
         <object_component_ref idref="oc-376"/>
      </symbol>
      <symbol id="sm-825">
         <name>__aeabi_ddiv</name>
         <value>0x200071dd</value>
         <object_component_ref idref="oc-371"/>
      </symbol>
      <symbol id="sm-830">
         <name>__aeabi_dmul</name>
         <value>0x20007661</value>
         <object_component_ref idref="oc-36c"/>
      </symbol>
      <symbol id="sm-83a">
         <name>__aeabi_d2iz</name>
         <value>0x20008299</value>
         <object_component_ref idref="oc-37b"/>
      </symbol>
      <symbol id="sm-844">
         <name>__aeabi_i2d</name>
         <value>0x2000855d</value>
         <object_component_ref idref="oc-386"/>
      </symbol>
      <symbol id="sm-845">
         <name>__TI_static_base__</name>
         <value>0x200095c0</value>
      </symbol>
      <symbol id="sm-848">
         <name>__mpu_init</name>
         <value>0x0</value>
      </symbol>
      <symbol id="sm-849">
         <name>_system_post_cinit</name>
         <value>0x0</value>
      </symbol>
   </symbol_table>
   <title>Link successful</title>
</link_info>
