<?xml version="1.0" encoding="ISO-8859-1" ?>
<link_info>
   <banner>TI ARM Linker PC v18.1.6.LTS</banner>
   <copyright>Copyright (c) 1996-2018 Texas Instruments Incorporated</copyright>
   <link_time>0x6242063e</link_time>
   <link_errors>0x0</link_errors>
   <output_file>uart_demo.out</output_file>
   <entry_point>
      <name>_c_int00_noargs</name>
      <address>0x20006e7d</address>
   </entry_point>
   <input_file_list>
      <input_file id="fl-2">
         <path>.\</path>
         <kind>object</kind>
         <file>main.obj</file>
         <name>main.obj</name>
      </input_file>
      <input_file id="fl-3">
         <path>.\</path>
         <kind>object</kind>
         <file>pinmux.obj</file>
         <name>pinmux.obj</name>
      </input_file>
      <input_file id="fl-4">
         <path>.\</path>
         <kind>object</kind>
         <file>startup_ccs.obj</file>
         <name>startup_ccs.obj</name>
      </input_file>
      <input_file id="fl-5">
         <path>.\</path>
         <kind>object</kind>
         <file>uart_if.obj</file>
         <name>uart_if.obj</name>
      </input_file>
      <input_file id="fl-a">
         <kind>object</kind>
         <file>&lt;internal&gt;</file>
         <name>&lt;internal&gt;</name>
      </input_file>
      <input_file id="fl-b">
         <path>C:\ti\CC3200SDK_1.5.0\cc3200-sdk\driverlib\ccs\Release\</path>
         <kind>archive</kind>
         <file>driverlib.a</file>
         <name>interrupt.obj</name>
      </input_file>
      <input_file id="fl-c">
         <path>C:\ti\CC3200SDK_1.5.0\cc3200-sdk\driverlib\ccs\Release\</path>
         <kind>archive</kind>
         <file>driverlib.a</file>
         <name>pin.obj</name>
      </input_file>
      <input_file id="fl-d">
         <path>C:\ti\CC3200SDK_1.5.0\cc3200-sdk\driverlib\ccs\Release\</path>
         <kind>archive</kind>
         <file>driverlib.a</file>
         <name>prcm.obj</name>
      </input_file>
      <input_file id="fl-e">
         <path>C:\ti\CC3200SDK_1.5.0\cc3200-sdk\driverlib\ccs\Release\</path>
         <kind>archive</kind>
         <file>driverlib.a</file>
         <name>uart.obj</name>
      </input_file>
      <input_file id="fl-f">
         <path>C:\ti\CC3200SDK_1.5.0\cc3200-sdk\driverlib\ccs\Release\</path>
         <kind>archive</kind>
         <file>driverlib.a</file>
         <name>utils.obj</name>
      </input_file>
      <input_file id="fl-10">
         <path>C:\ti\CC3200SDK_1.5.0\cc3200-sdk\driverlib\ccs\Release\</path>
         <kind>archive</kind>
         <file>driverlib.a</file>
         <name>cpu.obj</name>
      </input_file>
      <input_file id="fl-11">
         <path>C:\ti\CC3200SDK_1.5.0\cc3200-sdk\driverlib\ccs\Release\</path>
         <kind>archive</kind>
         <file>driverlib.a</file>
         <name>flash.obj</name>
      </input_file>
      <input_file id="fl-c7">
         <path>C:\ti.old\ccsv8\tools\compiler\ti-cgt-arm_18.1.6.LTS\lib\</path>
         <kind>archive</kind>
         <file>rtsv7M4_T_le_eabi.lib</file>
         <name>ull_div_t2.asm.obj</name>
      </input_file>
      <input_file id="fl-c8">
         <path>C:\ti.old\ccsv8\tools\compiler\ti-cgt-arm_18.1.6.LTS\lib\</path>
         <kind>archive</kind>
         <file>rtsv7M4_T_le_eabi.lib</file>
         <name>copy_zero_init.c.obj</name>
      </input_file>
      <input_file id="fl-c9">
         <path>C:\ti.old\ccsv8\tools\compiler\ti-cgt-arm_18.1.6.LTS\lib\</path>
         <kind>archive</kind>
         <file>rtsv7M4_T_le_eabi.lib</file>
         <name>copy_decompress_none.c.obj</name>
      </input_file>
      <input_file id="fl-ca">
         <path>C:\ti.old\ccsv8\tools\compiler\ti-cgt-arm_18.1.6.LTS\lib\</path>
         <kind>archive</kind>
         <file>rtsv7M4_T_le_eabi.lib</file>
         <name>copy_decompress_lzss.c.obj</name>
      </input_file>
      <input_file id="fl-cb">
         <path>C:\ti.old\ccsv8\tools\compiler\ti-cgt-arm_18.1.6.LTS\lib\</path>
         <kind>archive</kind>
         <file>rtsv7M4_T_le_eabi.lib</file>
         <name>memory.c.obj</name>
      </input_file>
      <input_file id="fl-cc">
         <path>C:\ti.old\ccsv8\tools\compiler\ti-cgt-arm_18.1.6.LTS\lib\</path>
         <kind>archive</kind>
         <file>rtsv7M4_T_le_eabi.lib</file>
         <name>_lock.c.obj</name>
      </input_file>
      <input_file id="fl-cd">
         <path>C:\ti.old\ccsv8\tools\compiler\ti-cgt-arm_18.1.6.LTS\lib\</path>
         <kind>archive</kind>
         <file>rtsv7M4_T_le_eabi.lib</file>
         <name>memmov.c.obj</name>
      </input_file>
      <input_file id="fl-ce">
         <path>C:\ti.old\ccsv8\tools\compiler\ti-cgt-arm_18.1.6.LTS\lib\</path>
         <kind>archive</kind>
         <file>rtsv7M4_T_le_eabi.lib</file>
         <name>strlen.c.obj</name>
      </input_file>
      <input_file id="fl-cf">
         <path>C:\ti.old\ccsv8\tools\compiler\ti-cgt-arm_18.1.6.LTS\lib\</path>
         <kind>archive</kind>
         <file>rtsv7M4_T_le_eabi.lib</file>
         <name>vsnprintf.c.obj</name>
      </input_file>
      <input_file id="fl-d0">
         <path>C:\ti.old\ccsv8\tools\compiler\ti-cgt-arm_18.1.6.LTS\lib\</path>
         <kind>archive</kind>
         <file>rtsv7M4_T_le_eabi.lib</file>
         <name>boot_cortex_m.c.obj</name>
      </input_file>
      <input_file id="fl-d1">
         <path>C:\ti.old\ccsv8\tools\compiler\ti-cgt-arm_18.1.6.LTS\lib\</path>
         <kind>archive</kind>
         <file>rtsv7M4_T_le_eabi.lib</file>
         <name>div0.asm.obj</name>
      </input_file>
      <input_file id="fl-d2">
         <path>C:\ti.old\ccsv8\tools\compiler\ti-cgt-arm_18.1.6.LTS\lib\</path>
         <kind>archive</kind>
         <file>rtsv7M4_T_le_eabi.lib</file>
         <name>memset_t2.asm.obj</name>
      </input_file>
      <input_file id="fl-d3">
         <path>C:\ti.old\ccsv8\tools\compiler\ti-cgt-arm_18.1.6.LTS\lib\</path>
         <kind>archive</kind>
         <file>rtsv7M4_T_le_eabi.lib</file>
         <name>memcpy_t2.asm.obj</name>
      </input_file>
      <input_file id="fl-d4">
         <path>C:\ti.old\ccsv8\tools\compiler\ti-cgt-arm_18.1.6.LTS\lib\</path>
         <kind>archive</kind>
         <file>rtsv7M4_T_le_eabi.lib</file>
         <name>autoinit.c.obj</name>
      </input_file>
      <input_file id="fl-d5">
         <path>C:\ti.old\ccsv8\tools\compiler\ti-cgt-arm_18.1.6.LTS\lib\</path>
         <kind>archive</kind>
         <file>rtsv7M4_T_le_eabi.lib</file>
         <name>pre_init.c.obj</name>
      </input_file>
      <input_file id="fl-d6">
         <path>C:\ti.old\ccsv8\tools\compiler\ti-cgt-arm_18.1.6.LTS\lib\</path>
         <kind>archive</kind>
         <file>rtsv7M4_T_le_eabi.lib</file>
         <name>cpy_tbl.c.obj</name>
      </input_file>
      <input_file id="fl-d7">
         <path>C:\ti.old\ccsv8\tools\compiler\ti-cgt-arm_18.1.6.LTS\lib\</path>
         <kind>archive</kind>
         <file>rtsv7M4_T_le_eabi.lib</file>
         <name>exit.c.obj</name>
      </input_file>
      <input_file id="fl-d8">
         <path>C:\ti.old\ccsv8\tools\compiler\ti-cgt-arm_18.1.6.LTS\lib\</path>
         <kind>archive</kind>
         <file>rtsv7M4_T_le_eabi.lib</file>
         <name>_printfi.c.obj</name>
      </input_file>
      <input_file id="fl-d9">
         <path>C:\ti.old\ccsv8\tools\compiler\ti-cgt-arm_18.1.6.LTS\lib\</path>
         <kind>archive</kind>
         <file>rtsv7M4_T_le_eabi.lib</file>
         <name>args_main.c.obj</name>
      </input_file>
      <input_file id="fl-da">
         <path>C:\ti.old\ccsv8\tools\compiler\ti-cgt-arm_18.1.6.LTS\lib\</path>
         <kind>archive</kind>
         <file>rtsv7M4_T_le_eabi.lib</file>
         <name>atoi.c.obj</name>
      </input_file>
      <input_file id="fl-db">
         <path>C:\ti.old\ccsv8\tools\compiler\ti-cgt-arm_18.1.6.LTS\lib\</path>
         <kind>archive</kind>
         <file>rtsv7M4_T_le_eabi.lib</file>
         <name>ctype.c.obj</name>
      </input_file>
      <input_file id="fl-dc">
         <path>C:\ti.old\ccsv8\tools\compiler\ti-cgt-arm_18.1.6.LTS\lib\</path>
         <kind>archive</kind>
         <file>rtsv7M4_T_le_eabi.lib</file>
         <name>ltoa.c.obj</name>
      </input_file>
      <input_file id="fl-dd">
         <path>C:\ti.old\ccsv8\tools\compiler\ti-cgt-arm_18.1.6.LTS\lib\</path>
         <kind>archive</kind>
         <file>rtsv7M4_T_le_eabi.lib</file>
         <name>memccpy.c.obj</name>
      </input_file>
      <input_file id="fl-de">
         <path>C:\ti.old\ccsv8\tools\compiler\ti-cgt-arm_18.1.6.LTS\lib\</path>
         <kind>archive</kind>
         <file>rtsv7M4_T_le_eabi.lib</file>
         <name>strchr.c.obj</name>
      </input_file>
      <input_file id="fl-df">
         <path>C:\ti.old\ccsv8\tools\compiler\ti-cgt-arm_18.1.6.LTS\lib\</path>
         <kind>archive</kind>
         <file>rtsv7M4_T_le_eabi.lib</file>
         <name>errno.c.obj</name>
      </input_file>
      <input_file id="fl-e0">
         <path>C:\ti.old\ccsv8\tools\compiler\ti-cgt-arm_18.1.6.LTS\lib\</path>
         <kind>archive</kind>
         <file>rtsv7M4_T_le_eabi.lib</file>
         <name>wcslen.c.obj</name>
      </input_file>
      <input_file id="fl-e1">
         <path>C:\ti.old\ccsv8\tools\compiler\ti-cgt-arm_18.1.6.LTS\lib\</path>
         <kind>archive</kind>
         <file>rtsv7M4_T_le_eabi.lib</file>
         <name>s_frexp.c.obj</name>
      </input_file>
      <input_file id="fl-e2">
         <path>C:\ti.old\ccsv8\tools\compiler\ti-cgt-arm_18.1.6.LTS\lib\</path>
         <kind>archive</kind>
         <file>rtsv7M4_T_le_eabi.lib</file>
         <name>s_scalbn.c.obj</name>
      </input_file>
      <input_file id="fl-e3">
         <path>C:\ti.old\ccsv8\tools\compiler\ti-cgt-arm_18.1.6.LTS\lib\</path>
         <kind>archive</kind>
         <file>rtsv7M4_T_le_eabi.lib</file>
         <name>s_copysign.c.obj</name>
      </input_file>
      <input_file id="fl-e4">
         <path>C:\ti.old\ccsv8\tools\compiler\ti-cgt-arm_18.1.6.LTS\lib\</path>
         <kind>archive</kind>
         <file>rtsv7M4_T_le_eabi.lib</file>
         <name>fd_add_t2.asm.obj</name>
      </input_file>
      <input_file id="fl-e5">
         <path>C:\ti.old\ccsv8\tools\compiler\ti-cgt-arm_18.1.6.LTS\lib\</path>
         <kind>archive</kind>
         <file>rtsv7M4_T_le_eabi.lib</file>
         <name>fd_cmp_t2.asm.obj</name>
      </input_file>
      <input_file id="fl-e6">
         <path>C:\ti.old\ccsv8\tools\compiler\ti-cgt-arm_18.1.6.LTS\lib\</path>
         <kind>archive</kind>
         <file>rtsv7M4_T_le_eabi.lib</file>
         <name>fd_div_t2.asm.obj</name>
      </input_file>
      <input_file id="fl-e7">
         <path>C:\ti.old\ccsv8\tools\compiler\ti-cgt-arm_18.1.6.LTS\lib\</path>
         <kind>archive</kind>
         <file>rtsv7M4_T_le_eabi.lib</file>
         <name>fd_mul_t2.asm.obj</name>
      </input_file>
      <input_file id="fl-e8">
         <path>C:\ti.old\ccsv8\tools\compiler\ti-cgt-arm_18.1.6.LTS\lib\</path>
         <kind>archive</kind>
         <file>rtsv7M4_T_le_eabi.lib</file>
         <name>fd_toi_t2.asm.obj</name>
      </input_file>
      <input_file id="fl-e9">
         <path>C:\ti.old\ccsv8\tools\compiler\ti-cgt-arm_18.1.6.LTS\lib\</path>
         <kind>archive</kind>
         <file>rtsv7M4_T_le_eabi.lib</file>
         <name>i_tofd_t2.asm.obj</name>
      </input_file>
   </input_file_list>
   <object_component_list>
      <object_component id="oc-f">
         <name>.intvecs</name>
         <load_address>0x20004000</load_address>
         <run_address>0x20004000</run_address>
         <size>0x400</size>
         <input_file_ref idref="fl-4"/>
      </object_component>
      <object_component id="oc-1f1">
         <name>.text:__TI_printfi</name>
         <load_address>0x20004400</load_address>
         <run_address>0x20004400</run_address>
         <size>0xa4a</size>
         <input_file_ref idref="fl-d8"/>
      </object_component>
      <object_component id="oc-259">
         <name>.text:_nop</name>
         <load_address>0x20004e4a</load_address>
         <run_address>0x20004e4a</run_address>
         <size>0x2</size>
         <input_file_ref idref="fl-cc"/>
      </object_component>
      <object_component id="oc-94">
         <name>.text</name>
         <load_address>0x20004e4c</load_address>
         <run_address>0x20004e4c</run_address>
         <size>0x32c</size>
         <input_file_ref idref="fl-2"/>
      </object_component>
      <object_component id="oc-c2">
         <name>.text</name>
         <load_address>0x20005178</load_address>
         <run_address>0x20005178</run_address>
         <size>0x280</size>
         <input_file_ref idref="fl-5"/>
      </object_component>
      <object_component id="oc-29d">
         <name>.text:_pconv_a</name>
         <load_address>0x200053f8</load_address>
         <run_address>0x200053f8</run_address>
         <size>0x268</size>
         <input_file_ref idref="fl-d8"/>
      </object_component>
      <object_component id="oc-28b">
         <name>.text:_pconv_g</name>
         <load_address>0x20005660</load_address>
         <run_address>0x20005660</run_address>
         <size>0x1cc</size>
         <input_file_ref idref="fl-d8"/>
      </object_component>
      <object_component id="oc-318">
         <name>.text</name>
         <load_address>0x2000582c</load_address>
         <run_address>0x2000582c</run_address>
         <size>0x1b6</size>
         <input_file_ref idref="fl-e4"/>
      </object_component>
      <object_component id="oc-36d">
         <name>.text</name>
         <load_address>0x200059e2</load_address>
         <run_address>0x200059e2</run_address>
         <size>0x2</size>
         <input_file_ref idref="fl-d1"/>
      </object_component>
      <object_component id="oc-da">
         <name>.text:PRCMCC3200MCUInit</name>
         <load_address>0x200059e4</load_address>
         <run_address>0x200059e4</run_address>
         <size>0x178</size>
         <input_file_ref idref="fl-d"/>
      </object_component>
      <object_component id="oc-297">
         <name>.text:_pconv_e</name>
         <load_address>0x20005b5c</load_address>
         <run_address>0x20005b5c</run_address>
         <size>0x13c</size>
         <input_file_ref idref="fl-d8"/>
      </object_component>
      <object_component id="oc-2fe">
         <name>.text</name>
         <load_address>0x20005c98</load_address>
         <run_address>0x20005c98</run_address>
         <size>0x136</size>
         <input_file_ref idref="fl-e6"/>
      </object_component>
      <object_component id="oc-32a">
         <name>.text:fcvt</name>
         <load_address>0x20005dd0</load_address>
         <run_address>0x20005dd0</run_address>
         <size>0x120</size>
         <input_file_ref idref="fl-d8"/>
      </object_component>
      <object_component id="oc-165">
         <name>.text:realloc</name>
         <load_address>0x20005ef0</load_address>
         <run_address>0x20005ef0</run_address>
         <size>0x114</size>
         <input_file_ref idref="fl-cb"/>
      </object_component>
      <object_component id="oc-2f9">
         <name>.text</name>
         <load_address>0x20006004</load_address>
         <run_address>0x20006004</run_address>
         <size>0xfc</size>
         <input_file_ref idref="fl-e7"/>
      </object_component>
      <object_component id="oc-16b">
         <name>.text:free</name>
         <load_address>0x20006100</load_address>
         <run_address>0x20006100</run_address>
         <size>0xd8</size>
         <input_file_ref idref="fl-cb"/>
      </object_component>
      <object_component id="oc-33e">
         <name>.text:scalbn</name>
         <load_address>0x200061d8</load_address>
         <run_address>0x200061d8</run_address>
         <size>0xd0</size>
         <input_file_ref idref="fl-e2"/>
      </object_component>
      <object_component id="oc-280">
         <name>.text:_ltostr</name>
         <load_address>0x200062a8</load_address>
         <run_address>0x200062a8</run_address>
         <size>0xb1</size>
         <input_file_ref idref="fl-d8"/>
      </object_component>
      <object_component id="oc-d4">
         <name>.text:IntEnable</name>
         <load_address>0x2000635c</load_address>
         <run_address>0x2000635c</run_address>
         <size>0xa8</size>
         <input_file_ref idref="fl-b"/>
      </object_component>
      <object_component id="oc-3a">
         <name>.text</name>
         <load_address>0x20006404</load_address>
         <run_address>0x20006404</run_address>
         <size>0x9c</size>
         <input_file_ref idref="fl-d3"/>
      </object_component>
      <object_component id="oc-2f2">
         <name>.text</name>
         <load_address>0x200064a0</load_address>
         <run_address>0x200064a0</run_address>
         <size>0x96</size>
         <input_file_ref idref="fl-c7"/>
      </object_component>
      <object_component id="oc-135">
         <name>.text:PRCMPeripheralClockGet</name>
         <load_address>0x20006538</load_address>
         <run_address>0x20006538</run_address>
         <size>0x94</size>
         <input_file_ref idref="fl-d"/>
      </object_component>
      <object_component id="oc-250">
         <name>.text:PinConfigSet</name>
         <load_address>0x200065cc</load_address>
         <run_address>0x200065cc</run_address>
         <size>0x88</size>
         <input_file_ref idref="fl-c"/>
      </object_component>
      <object_component id="oc-286">
         <name>.text:__aeabi_cdcmple</name>
         <load_address>0x20006654</load_address>
         <run_address>0x20006654</run_address>
         <size>0x86</size>
         <input_file_ref idref="fl-e5"/>
      </object_component>
      <object_component id="oc-303">
         <name>.text:__aeabi_cdrcmple</name>
         <load_address>0x200066da</load_address>
         <run_address>0x200066da</run_address>
         <size>0x86</size>
         <input_file_ref idref="fl-e5"/>
      </object_component>
      <object_component id="oc-88">
         <name>.text</name>
         <load_address>0x20006760</load_address>
         <run_address>0x20006760</run_address>
         <size>0x7a</size>
         <input_file_ref idref="fl-d2"/>
      </object_component>
      <object_component id="oc-15f">
         <name>.text:malloc</name>
         <load_address>0x200067dc</load_address>
         <run_address>0x200067dc</run_address>
         <size>0x78</size>
         <input_file_ref idref="fl-cb"/>
      </object_component>
      <object_component id="oc-13b">
         <name>.text:UARTConfigSetExpClk</name>
         <load_address>0x20006854</load_address>
         <run_address>0x20006854</run_address>
         <size>0x76</size>
         <input_file_ref idref="fl-e"/>
      </object_component>
      <object_component id="oc-323">
         <name>.text:_mcpy</name>
         <load_address>0x200068ca</load_address>
         <run_address>0x200068ca</run_address>
         <size>0x6e</size>
         <input_file_ref idref="fl-d8"/>
      </object_component>
      <object_component id="oc-12">
         <name>.text:decompress:lzss:__TI_decompress_lzss</name>
         <load_address>0x20006938</load_address>
         <run_address>0x20006938</run_address>
         <size>0x68</size>
         <input_file_ref idref="fl-ca"/>
      </object_component>
      <object_component id="oc-338">
         <name>.text:frexp</name>
         <load_address>0x200069a0</load_address>
         <run_address>0x200069a0</run_address>
         <size>0x5c</size>
         <input_file_ref idref="fl-e1"/>
      </object_component>
      <object_component id="oc-1a9">
         <name>.text:PRCMPeripheralReset</name>
         <load_address>0x200069fc</load_address>
         <run_address>0x200069fc</run_address>
         <size>0x58</size>
         <input_file_ref idref="fl-d"/>
      </object_component>
      <object_component id="oc-291">
         <name>.text:_pconv_f</name>
         <load_address>0x20006a54</load_address>
         <run_address>0x20006a54</run_address>
         <size>0x56</size>
         <input_file_ref idref="fl-d8"/>
      </object_component>
      <object_component id="oc-30d">
         <name>.text:ltoa</name>
         <load_address>0x20006aaa</load_address>
         <run_address>0x20006aaa</run_address>
         <size>0x54</size>
         <input_file_ref idref="fl-dc"/>
      </object_component>
      <object_component id="oc-31d">
         <name>.text:_ecpy</name>
         <load_address>0x20006afe</load_address>
         <run_address>0x20006afe</run_address>
         <size>0x52</size>
         <input_file_ref idref="fl-d8"/>
      </object_component>
      <object_component id="oc-27a">
         <name>.text:atoi</name>
         <load_address>0x20006b50</load_address>
         <run_address>0x20006b50</run_address>
         <size>0x4c</size>
         <input_file_ref idref="fl-da"/>
      </object_component>
      <object_component id="oc-308">
         <name>.text</name>
         <load_address>0x20006b9c</load_address>
         <run_address>0x20006b9c</run_address>
         <size>0x48</size>
         <input_file_ref idref="fl-e8"/>
      </object_component>
      <object_component id="oc-103">
         <name>.text:__TI_auto_init_nobinit_nopinit:__TI_auto_init_nobinit_nopinit</name>
         <load_address>0x20006be4</load_address>
         <run_address>0x20006be4</run_address>
         <size>0x44</size>
         <input_file_ref idref="fl-d4"/>
      </object_component>
      <object_component id="oc-24a">
         <name>.text:PinModeSet</name>
         <load_address>0x20006c28</load_address>
         <run_address>0x20006c28</run_address>
         <size>0x40</size>
         <input_file_ref idref="fl-c"/>
      </object_component>
      <object_component id="oc-141">
         <name>.text:vsnprintf</name>
         <load_address>0x20006c68</load_address>
         <run_address>0x20006c68</run_address>
         <size>0x40</size>
         <input_file_ref idref="fl-cf"/>
      </object_component>
      <object_component id="oc-330">
         <name>.text:_fcpy</name>
         <load_address>0x20006ca8</load_address>
         <run_address>0x20006ca8</run_address>
         <size>0x3e</size>
         <input_file_ref idref="fl-d8"/>
      </object_component>
      <object_component id="oc-1a3">
         <name>.text:PRCMPeripheralClkEnable</name>
         <load_address>0x20006ce8</load_address>
         <run_address>0x20006ce8</run_address>
         <size>0x3c</size>
         <input_file_ref idref="fl-d"/>
      </object_component>
      <object_component id="oc-221">
         <name>.text:minsert</name>
         <load_address>0x20006d24</load_address>
         <run_address>0x20006d24</run_address>
         <size>0x3c</size>
         <input_file_ref idref="fl-cb"/>
      </object_component>
      <object_component id="oc-215">
         <name>.text:minit</name>
         <load_address>0x20006d60</load_address>
         <run_address>0x20006d60</run_address>
         <size>0x38</size>
         <input_file_ref idref="fl-cb"/>
      </object_component>
      <object_component id="oc-1e4">
         <name>.text:UARTDisable</name>
         <load_address>0x20006d98</load_address>
         <run_address>0x20006d98</run_address>
         <size>0x30</size>
         <input_file_ref idref="fl-e"/>
      </object_component>
      <object_component id="oc-1f7">
         <name>.text:_outs</name>
         <load_address>0x20006dc8</load_address>
         <run_address>0x20006dc8</run_address>
         <size>0x30</size>
         <input_file_ref idref="fl-cf"/>
      </object_component>
      <object_component id="oc-313">
         <name>.text</name>
         <load_address>0x20006df8</load_address>
         <run_address>0x20006df8</run_address>
         <size>0x2e</size>
         <input_file_ref idref="fl-e9"/>
      </object_component>
      <object_component id="oc-191">
         <name>.text:PRCMSysResetCauseGet</name>
         <load_address>0x20006e28</load_address>
         <run_address>0x20006e28</run_address>
         <size>0x2c</size>
         <input_file_ref idref="fl-d"/>
      </object_component>
      <object_component id="oc-1af">
         <name>.text:PRCMPeripheralClkDisable</name>
         <load_address>0x20006e54</load_address>
         <run_address>0x20006e54</run_address>
         <size>0x28</size>
         <input_file_ref idref="fl-d"/>
      </object_component>
      <object_component id="oc-58">
         <name>.text:_c_int00_noargs:_c_int00_noargs</name>
         <load_address>0x20006e7c</load_address>
         <run_address>0x20006e7c</run_address>
         <size>0x28</size>
         <input_file_ref idref="fl-d0"/>
      </object_component>
      <object_component id="oc-21b">
         <name>.text:mremove</name>
         <load_address>0x20006ea4</load_address>
         <run_address>0x20006ea4</run_address>
         <size>0x28</size>
         <input_file_ref idref="fl-cb"/>
      </object_component>
      <object_component id="oc-1ea">
         <name>.text:UARTEnable</name>
         <load_address>0x20006ecc</load_address>
         <run_address>0x20006ecc</run_address>
         <size>0x24</size>
         <input_file_ref idref="fl-e"/>
      </object_component>
      <object_component id="oc-159">
         <name>.text:memmove</name>
         <load_address>0x20006ef0</load_address>
         <run_address>0x20006ef0</run_address>
         <size>0x24</size>
         <input_file_ref idref="fl-cd"/>
      </object_component>
      <object_component id="oc-ec">
         <name>.text:UARTCharPut</name>
         <load_address>0x20006f14</load_address>
         <run_address>0x20006f14</run_address>
         <size>0x1e</size>
         <input_file_ref idref="fl-e"/>
      </object_component>
      <object_component id="oc-14d">
         <name>.text:UARTCharGetNonBlocking</name>
         <load_address>0x20006f32</load_address>
         <run_address>0x20006f32</run_address>
         <size>0x1c</size>
         <input_file_ref idref="fl-e"/>
      </object_component>
      <object_component id="oc-46">
         <name>.text:decompress:ZI:__TI_zero_init_nomemset:__TI_zero_init_nomemset</name>
         <load_address>0x20006f4e</load_address>
         <run_address>0x20006f4e</run_address>
         <size>0x1c</size>
         <input_file_ref idref="fl-c8"/>
      </object_component>
      <object_component id="oc-2a3">
         <name>.text:memccpy</name>
         <load_address>0x20006f6a</load_address>
         <run_address>0x20006f6a</run_address>
         <size>0x1c</size>
         <input_file_ref idref="fl-dd"/>
      </object_component>
      <object_component id="oc-e0">
         <name>.text</name>
         <load_address>0x20006f86</load_address>
         <run_address>0x20006f86</run_address>
         <size>0x1c</size>
         <input_file_ref idref="fl-3"/>
      </object_component>
      <object_component id="oc-1b6">
         <name>.text:PinTypeUART</name>
         <load_address>0x20006fa2</load_address>
         <run_address>0x20006fa2</run_address>
         <size>0x1a</size>
         <input_file_ref idref="fl-c"/>
      </object_component>
      <object_component id="oc-147">
         <name>.text:UARTCharsAvail</name>
         <load_address>0x20006fbc</load_address>
         <run_address>0x20006fbc</run_address>
         <size>0x18</size>
         <input_file_ref idref="fl-e"/>
      </object_component>
      <object_component id="oc-1fd">
         <name>.text:_outc</name>
         <load_address>0x20006fd4</load_address>
         <run_address>0x20006fd4</run_address>
         <size>0x18</size>
         <input_file_ref idref="fl-cf"/>
      </object_component>
      <object_component id="oc-197">
         <name>.text:PRCMHIBRegRead</name>
         <load_address>0x20006fec</load_address>
         <run_address>0x20006fec</run_address>
         <size>0x16</size>
         <input_file_ref idref="fl-d"/>
      </object_component>
      <object_component id="oc-19d">
         <name>.text:PRCMHIBRegWrite</name>
         <load_address>0x20007002</load_address>
         <run_address>0x20007002</run_address>
         <size>0x16</size>
         <input_file_ref idref="fl-d"/>
      </object_component>
      <object_component id="oc-e6">
         <name>.text:UARTCharGet</name>
         <load_address>0x20007018</load_address>
         <run_address>0x20007018</run_address>
         <size>0x16</size>
         <input_file_ref idref="fl-e"/>
      </object_component>
      <object_component id="oc-344">
         <name>.text:strchr</name>
         <load_address>0x2000702e</load_address>
         <run_address>0x2000702e</run_address>
         <size>0x16</size>
         <input_file_ref idref="fl-de"/>
      </object_component>
      <object_component id="oc-181">
         <name>.text:CPUcpsie</name>
         <load_address>0x20007044</load_address>
         <run_address>0x20007044</run_address>
         <size>0x14</size>
         <input_file_ref idref="fl-10"/>
      </object_component>
      <object_component id="oc-c8">
         <name>.text:IntVTableBaseSet</name>
         <load_address>0x20007058</load_address>
         <run_address>0x20007058</run_address>
         <size>0x14</size>
         <input_file_ref idref="fl-b"/>
      </object_component>
      <object_component id="oc-153">
         <name>.text:strlen</name>
         <load_address>0x2000706c</load_address>
         <run_address>0x2000706c</run_address>
         <size>0x14</size>
         <input_file_ref idref="fl-ce"/>
      </object_component>
      <object_component id="oc-2a9">
         <name>.text:wcslen</name>
         <load_address>0x20007080</load_address>
         <run_address>0x20007080</run_address>
         <size>0x12</size>
         <input_file_ref idref="fl-e0"/>
      </object_component>
      <object_component id="oc-18">
         <name>.text:decompress:none:__TI_decompress_none</name>
         <load_address>0x20007092</load_address>
         <run_address>0x20007092</run_address>
         <size>0xe</size>
         <input_file_ref idref="fl-c9"/>
      </object_component>
      <object_component id="oc-26">
         <name>.text</name>
         <load_address>0x200070a0</load_address>
         <run_address>0x200070a0</run_address>
         <size>0xe</size>
         <input_file_ref idref="fl-4"/>
      </object_component>
      <object_component id="oc-ce">
         <name>.text:IntMasterEnable</name>
         <load_address>0x200070ae</load_address>
         <run_address>0x200070ae</run_address>
         <size>0xa</size>
         <input_file_ref idref="fl-b"/>
      </object_component>
      <object_component id="oc-2af">
         <name>.text:__aeabi_errno_addr</name>
         <load_address>0x200070b8</load_address>
         <run_address>0x200070b8</run_address>
         <size>0x8</size>
         <input_file_ref idref="fl-df"/>
      </object_component>
      <object_component id="oc-386">
         <name>.text:copysign</name>
         <load_address>0x200070c0</load_address>
         <run_address>0x200070c0</run_address>
         <size>0x8</size>
         <input_file_ref idref="fl-e3"/>
      </object_component>
      <object_component id="oc-240">
         <name>.text:UtilsDelay</name>
         <load_address>0x200070c8</load_address>
         <run_address>0x200070c8</run_address>
         <size>0x6</size>
         <input_file_ref idref="fl-f"/>
      </object_component>
      <object_component id="oc-8e">
         <name>.text:_system_pre_init</name>
         <load_address>0x200070ce</load_address>
         <run_address>0x200070ce</run_address>
         <size>0x4</size>
         <input_file_ref idref="fl-d5"/>
      </object_component>
      <object_component id="oc-f7">
         <name>.text:abort:abort</name>
         <load_address>0x200070d2</load_address>
         <run_address>0x200070d2</run_address>
         <size>0x4</size>
         <input_file_ref idref="fl-d7"/>
      </object_component>
      <object_component id="oc-2ed">
         <name>.const:.string:_ctypes_</name>
         <load_address>0x200070d8</load_address>
         <run_address>0x200070d8</run_address>
         <size>0x101</size>
         <input_file_ref idref="fl-db"/>
      </object_component>
      <object_component id="oc-2d9">
         <name>.const:g_ulPinToPadMap</name>
         <load_address>0x200071dc</load_address>
         <run_address>0x200071dc</run_address>
         <size>0x100</size>
         <input_file_ref idref="fl-c"/>
      </object_component>
      <object_component id="oc-243">
         <name>.const:PRCM_PeriphRegsList</name>
         <load_address>0x200072dc</load_address>
         <run_address>0x200072dc</run_address>
         <size>0xa8</size>
         <input_file_ref idref="fl-d"/>
      </object_component>
      <object_component id="oc-18d">
         <name>.const:g_pulEnRegs</name>
         <load_address>0x20007384</load_address>
         <run_address>0x20007384</run_address>
         <size>0x18</size>
         <input_file_ref idref="fl-b"/>
      </object_component>
      <object_component id="oc-3de">
         <name>.cinit..data.load</name>
         <load_address>0x200073a0</load_address>
         <run_address>0x200073a0</run_address>
         <size>0x1b</size>
      </object_component>
      <object_component id="oc-3dc">
         <name>__TI_handler_table</name>
         <load_address>0x200073bc</load_address>
         <run_address>0x200073bc</run_address>
         <size>0xc</size>
      </object_component>
      <object_component id="oc-3df">
         <name>.cinit..bss.load</name>
         <load_address>0x200073c8</load_address>
         <run_address>0x200073c8</run_address>
         <size>0x8</size>
      </object_component>
      <object_component id="oc-3dd">
         <name>__TI_cinit_table</name>
         <load_address>0x200073d0</load_address>
         <run_address>0x200073d0</run_address>
         <size>0x10</size>
      </object_component>
      <object_component id="oc-f2">
         <name>.data</name>
         <load_address>0x20017814</load_address>
         <run_address>0x20017814</run_address>
         <size>0x4</size>
         <input_file_ref idref="fl-2"/>
      </object_component>
      <object_component id="oc-227">
         <name>.data:$O1$$</name>
         <load_address>0x20017800</load_address>
         <run_address>0x20017800</run_address>
         <size>0xc</size>
         <input_file_ref idref="fl-cb"/>
      </object_component>
      <object_component id="oc-1c7">
         <name>.data:$O1$$</name>
         <load_address>0x2001780c</load_address>
         <run_address>0x2001780c</run_address>
         <size>0x8</size>
         <input_file_ref idref="fl-cc"/>
      </object_component>
      <object_component id="oc-354">
         <name>.data</name>
         <load_address>0x20017818</load_address>
         <run_address>0x20017818</run_address>
         <size>0x4</size>
         <input_file_ref idref="fl-df"/>
      </object_component>
      <object_component id="oc-171">
         <name>.bss</name>
         <uninitialized>true</uninitialized>
         <run_address>0x2001781c</run_address>
         <size>0x4</size>
         <input_file_ref idref="fl-5"/>
      </object_component>
      <object_component id="oc-20">
         <name>.sysmem</name>
         <uninitialized>true</uninitialized>
         <run_address>0x20017000</run_address>
         <size>0x8</size>
         <input_file_ref idref="fl-cb"/>
      </object_component>
      <object_component id="oc-3e1">
         <name>.sysmem</name>
         <uninitialized>true</uninitialized>
         <run_address>0x20017000</run_address>
         <size>0x0</size>
      </object_component>
      <object_component id="oc-23">
         <name>.stack</name>
         <uninitialized>true</uninitialized>
         <run_address>0x2002ff00</run_address>
         <size>0x4</size>
         <input_file_ref idref="fl-d0"/>
      </object_component>
      <object_component id="oc-3e0">
         <name>.stack</name>
         <uninitialized>true</uninitialized>
         <run_address>0x2002ff00</run_address>
         <size>0x0</size>
      </object_component>
      <object_component id="oc-f6">
         <name>.debug_info</name>
         <load_address>0x0</load_address>
         <run_address>0x0</run_address>
         <size>0x31e</size>
         <input_file_ref idref="fl-2"/>
      </object_component>
      <object_component id="oc-f3">
         <name>.debug_info</name>
         <load_address>0x31e</load_address>
         <run_address>0x31e</run_address>
         <size>0xde</size>
         <input_file_ref idref="fl-2"/>
      </object_component>
      <object_component id="oc-95">
         <name>.debug_info</name>
         <load_address>0x3fc</load_address>
         <run_address>0x3fc</run_address>
         <size>0x3bd</size>
         <input_file_ref idref="fl-2"/>
      </object_component>
      <object_component id="oc-2d4">
         <name>.debug_info</name>
         <load_address>0x7b9</load_address>
         <run_address>0x7b9</run_address>
         <size>0x62</size>
         <input_file_ref idref="fl-2"/>
      </object_component>
      <object_component id="oc-35">
         <name>.debug_info</name>
         <load_address>0x81b</load_address>
         <run_address>0x81b</run_address>
         <size>0x84</size>
         <input_file_ref idref="fl-2"/>
      </object_component>
      <object_component id="oc-188">
         <name>.debug_info</name>
         <load_address>0x89f</load_address>
         <run_address>0x89f</run_address>
         <size>0x2c</size>
         <input_file_ref idref="fl-2"/>
      </object_component>
      <object_component id="oc-e1">
         <name>.debug_info</name>
         <load_address>0x8cb</load_address>
         <run_address>0x8cb</run_address>
         <size>0x154</size>
         <input_file_ref idref="fl-3"/>
      </object_component>
      <object_component id="oc-2e">
         <name>.debug_info</name>
         <load_address>0xa1f</load_address>
         <run_address>0xa1f</run_address>
         <size>0x197</size>
         <input_file_ref idref="fl-4"/>
      </object_component>
      <object_component id="oc-10">
         <name>.debug_info</name>
         <load_address>0xbb6</load_address>
         <run_address>0xbb6</run_address>
         <size>0x116</size>
         <input_file_ref idref="fl-4"/>
      </object_component>
      <object_component id="oc-28">
         <name>.debug_info</name>
         <load_address>0xccc</load_address>
         <run_address>0xccc</run_address>
         <size>0x437</size>
         <input_file_ref idref="fl-4"/>
      </object_component>
      <object_component id="oc-175">
         <name>.debug_info</name>
         <load_address>0x1103</load_address>
         <run_address>0x1103</run_address>
         <size>0x3af</size>
         <input_file_ref idref="fl-5"/>
      </object_component>
      <object_component id="oc-172">
         <name>.debug_info</name>
         <load_address>0x14b2</load_address>
         <run_address>0x14b2</run_address>
         <size>0xe0</size>
         <input_file_ref idref="fl-5"/>
      </object_component>
      <object_component id="oc-c3">
         <name>.debug_info</name>
         <load_address>0x1592</load_address>
         <run_address>0x1592</run_address>
         <size>0x646</size>
         <input_file_ref idref="fl-5"/>
      </object_component>
      <object_component id="oc-231">
         <name>.debug_info</name>
         <load_address>0x1bd8</load_address>
         <run_address>0x1bd8</run_address>
         <size>0x26b</size>
         <input_file_ref idref="fl-5"/>
      </object_component>
      <object_component id="oc-17b">
         <name>.debug_info</name>
         <load_address>0x1e43</load_address>
         <run_address>0x1e43</run_address>
         <size>0x110</size>
         <input_file_ref idref="fl-5"/>
      </object_component>
      <object_component id="oc-236">
         <name>.debug_info</name>
         <load_address>0x1f53</load_address>
         <run_address>0x1f53</run_address>
         <size>0x297</size>
         <input_file_ref idref="fl-5"/>
      </object_component>
      <object_component id="oc-176">
         <name>.debug_info</name>
         <load_address>0x21ea</load_address>
         <run_address>0x21ea</run_address>
         <size>0x2c</size>
         <input_file_ref idref="fl-5"/>
      </object_component>
      <object_component id="oc-23e">
         <name>.debug_info</name>
         <load_address>0x2216</load_address>
         <run_address>0x2216</run_address>
         <size>0x201</size>
         <input_file_ref idref="fl-b"/>
      </object_component>
      <object_component id="oc-18e">
         <name>.debug_info</name>
         <load_address>0x2417</load_address>
         <run_address>0x2417</run_address>
         <size>0xf4</size>
         <input_file_ref idref="fl-b"/>
      </object_component>
      <object_component id="oc-cf">
         <name>.debug_info</name>
         <load_address>0x250b</load_address>
         <run_address>0x250b</run_address>
         <size>0x17c</size>
         <input_file_ref idref="fl-b"/>
      </object_component>
      <object_component id="oc-c9">
         <name>.debug_info</name>
         <load_address>0x2687</load_address>
         <run_address>0x2687</run_address>
         <size>0x1ae</size>
         <input_file_ref idref="fl-b"/>
      </object_component>
      <object_component id="oc-d5">
         <name>.debug_info</name>
         <load_address>0x2835</load_address>
         <run_address>0x2835</run_address>
         <size>0x19f</size>
         <input_file_ref idref="fl-b"/>
      </object_component>
      <object_component id="oc-367">
         <name>.debug_info</name>
         <load_address>0x29d4</load_address>
         <run_address>0x29d4</run_address>
         <size>0x14e</size>
         <input_file_ref idref="fl-c"/>
      </object_component>
      <object_component id="oc-2da">
         <name>.debug_info</name>
         <load_address>0x2b22</load_address>
         <run_address>0x2b22</run_address>
         <size>0xf6</size>
         <input_file_ref idref="fl-c"/>
      </object_component>
      <object_component id="oc-24d">
         <name>.debug_info</name>
         <load_address>0x2c18</load_address>
         <run_address>0x2c18</run_address>
         <size>0x1bf</size>
         <input_file_ref idref="fl-c"/>
      </object_component>
      <object_component id="oc-252">
         <name>.debug_info</name>
         <load_address>0x2dd7</load_address>
         <run_address>0x2dd7</run_address>
         <size>0x20d</size>
         <input_file_ref idref="fl-c"/>
      </object_component>
      <object_component id="oc-1b8">
         <name>.debug_info</name>
         <load_address>0x2fe4</load_address>
         <run_address>0x2fe4</run_address>
         <size>0x1d4</size>
         <input_file_ref idref="fl-c"/>
      </object_component>
      <object_component id="oc-248">
         <name>.debug_info</name>
         <load_address>0x31b8</load_address>
         <run_address>0x31b8</run_address>
         <size>0x25e</size>
         <input_file_ref idref="fl-d"/>
      </object_component>
      <object_component id="oc-244">
         <name>.debug_info</name>
         <load_address>0x3416</load_address>
         <run_address>0x3416</run_address>
         <size>0xff</size>
         <input_file_ref idref="fl-d"/>
      </object_component>
      <object_component id="oc-193">
         <name>.debug_info</name>
         <load_address>0x3515</load_address>
         <run_address>0x3515</run_address>
         <size>0x1a6</size>
         <input_file_ref idref="fl-d"/>
      </object_component>
      <object_component id="oc-1a5">
         <name>.debug_info</name>
         <load_address>0x36bb</load_address>
         <run_address>0x36bb</run_address>
         <size>0x1eb</size>
         <input_file_ref idref="fl-d"/>
      </object_component>
      <object_component id="oc-1b1">
         <name>.debug_info</name>
         <load_address>0x38a6</load_address>
         <run_address>0x38a6</run_address>
         <size>0x1ed</size>
         <input_file_ref idref="fl-d"/>
      </object_component>
      <object_component id="oc-137">
         <name>.debug_info</name>
         <load_address>0x3a93</load_address>
         <run_address>0x3a93</run_address>
         <size>0x216</size>
         <input_file_ref idref="fl-d"/>
      </object_component>
      <object_component id="oc-1ab">
         <name>.debug_info</name>
         <load_address>0x3ca9</load_address>
         <run_address>0x3ca9</run_address>
         <size>0x1c0</size>
         <input_file_ref idref="fl-d"/>
      </object_component>
      <object_component id="oc-db">
         <name>.debug_info</name>
         <load_address>0x3e69</load_address>
         <run_address>0x3e69</run_address>
         <size>0x283</size>
         <input_file_ref idref="fl-d"/>
      </object_component>
      <object_component id="oc-198">
         <name>.debug_info</name>
         <load_address>0x40ec</load_address>
         <run_address>0x40ec</run_address>
         <size>0x1bf</size>
         <input_file_ref idref="fl-d"/>
      </object_component>
      <object_component id="oc-19e">
         <name>.debug_info</name>
         <load_address>0x42ab</load_address>
         <run_address>0x42ab</run_address>
         <size>0x1d4</size>
         <input_file_ref idref="fl-d"/>
      </object_component>
      <object_component id="oc-13c">
         <name>.debug_info</name>
         <load_address>0x447f</load_address>
         <run_address>0x447f</run_address>
         <size>0x25c</size>
         <input_file_ref idref="fl-e"/>
      </object_component>
      <object_component id="oc-1eb">
         <name>.debug_info</name>
         <load_address>0x46db</load_address>
         <run_address>0x46db</run_address>
         <size>0x17e</size>
         <input_file_ref idref="fl-e"/>
      </object_component>
      <object_component id="oc-1e5">
         <name>.debug_info</name>
         <load_address>0x4859</load_address>
         <run_address>0x4859</run_address>
         <size>0x180</size>
         <input_file_ref idref="fl-e"/>
      </object_component>
      <object_component id="oc-148">
         <name>.debug_info</name>
         <load_address>0x49d9</load_address>
         <run_address>0x49d9</run_address>
         <size>0x18a</size>
         <input_file_ref idref="fl-e"/>
      </object_component>
      <object_component id="oc-14e">
         <name>.debug_info</name>
         <load_address>0x4b63</load_address>
         <run_address>0x4b63</run_address>
         <size>0x19a</size>
         <input_file_ref idref="fl-e"/>
      </object_component>
      <object_component id="oc-e7">
         <name>.debug_info</name>
         <load_address>0x4cfd</load_address>
         <run_address>0x4cfd</run_address>
         <size>0x184</size>
         <input_file_ref idref="fl-e"/>
      </object_component>
      <object_component id="oc-ed">
         <name>.debug_info</name>
         <load_address>0x4e81</load_address>
         <run_address>0x4e81</run_address>
         <size>0x1ab</size>
         <input_file_ref idref="fl-e"/>
      </object_component>
      <object_component id="oc-182">
         <name>.debug_info</name>
         <load_address>0x502c</load_address>
         <run_address>0x502c</run_address>
         <size>0x14e</size>
         <input_file_ref idref="fl-10"/>
      </object_component>
      <object_component id="oc-2f5">
         <name>.debug_info</name>
         <load_address>0x517a</load_address>
         <run_address>0x517a</run_address>
         <size>0x134</size>
         <input_file_ref idref="fl-c7"/>
      </object_component>
      <object_component id="oc-87">
         <name>.debug_info</name>
         <load_address>0x52ae</load_address>
         <run_address>0x52ae</run_address>
         <size>0x1ed</size>
         <input_file_ref idref="fl-c8"/>
      </object_component>
      <object_component id="oc-4a">
         <name>.debug_info</name>
         <load_address>0x549b</load_address>
         <run_address>0x549b</run_address>
         <size>0x1cf</size>
         <input_file_ref idref="fl-c8"/>
      </object_component>
      <object_component id="oc-82">
         <name>.debug_info</name>
         <load_address>0x566a</load_address>
         <run_address>0x566a</run_address>
         <size>0x46</size>
         <input_file_ref idref="fl-c8"/>
      </object_component>
      <object_component id="oc-b9">
         <name>.debug_info</name>
         <load_address>0x56b0</load_address>
         <run_address>0x56b0</run_address>
         <size>0x2c</size>
         <input_file_ref idref="fl-c8"/>
      </object_component>
      <object_component id="oc-45">
         <name>.debug_info</name>
         <load_address>0x56dc</load_address>
         <run_address>0x56dc</run_address>
         <size>0x177</size>
         <input_file_ref idref="fl-c9"/>
      </object_component>
      <object_component id="oc-1b">
         <name>.debug_info</name>
         <load_address>0x5853</load_address>
         <run_address>0x5853</run_address>
         <size>0x1e7</size>
         <input_file_ref idref="fl-c9"/>
      </object_component>
      <object_component id="oc-40">
         <name>.debug_info</name>
         <load_address>0x5a3a</load_address>
         <run_address>0x5a3a</run_address>
         <size>0x46</size>
         <input_file_ref idref="fl-c9"/>
      </object_component>
      <object_component id="oc-7a">
         <name>.debug_info</name>
         <load_address>0x5a80</load_address>
         <run_address>0x5a80</run_address>
         <size>0x2c</size>
         <input_file_ref idref="fl-c9"/>
      </object_component>
      <object_component id="oc-78">
         <name>.debug_info</name>
         <load_address>0x5aac</load_address>
         <run_address>0x5aac</run_address>
         <size>0x16d</size>
         <input_file_ref idref="fl-ca"/>
      </object_component>
      <object_component id="oc-15">
         <name>.debug_info</name>
         <load_address>0x5c19</load_address>
         <run_address>0x5c19</run_address>
         <size>0x24d</size>
         <input_file_ref idref="fl-ca"/>
      </object_component>
      <object_component id="oc-30">
         <name>.debug_info</name>
         <load_address>0x5e66</load_address>
         <run_address>0x5e66</run_address>
         <size>0x60</size>
         <input_file_ref idref="fl-ca"/>
      </object_component>
      <object_component id="oc-b2">
         <name>.debug_info</name>
         <load_address>0x5ec6</load_address>
         <run_address>0x5ec6</run_address>
         <size>0x46</size>
         <input_file_ref idref="fl-ca"/>
      </object_component>
      <object_component id="oc-73">
         <name>.debug_info</name>
         <load_address>0x5f0c</load_address>
         <run_address>0x5f0c</run_address>
         <size>0x39</size>
         <input_file_ref idref="fl-ca"/>
      </object_component>
      <object_component id="oc-6c">
         <name>.debug_info</name>
         <load_address>0x5f45</load_address>
         <run_address>0x5f45</run_address>
         <size>0x295</size>
         <input_file_ref idref="fl-cb"/>
      </object_component>
      <object_component id="oc-21">
         <name>.debug_info</name>
         <load_address>0x61da</load_address>
         <run_address>0x61da</run_address>
         <size>0x109</size>
         <input_file_ref idref="fl-cb"/>
      </object_component>
      <object_component id="oc-228">
         <name>.debug_info</name>
         <load_address>0x62e3</load_address>
         <run_address>0x62e3</run_address>
         <size>0x154</size>
         <input_file_ref idref="fl-cb"/>
      </object_component>
      <object_component id="oc-216">
         <name>.debug_info</name>
         <load_address>0x6437</load_address>
         <run_address>0x6437</run_address>
         <size>0x141</size>
         <input_file_ref idref="fl-cb"/>
      </object_component>
      <object_component id="oc-21c">
         <name>.debug_info</name>
         <load_address>0x6578</load_address>
         <run_address>0x6578</run_address>
         <size>0x17c</size>
         <input_file_ref idref="fl-cb"/>
      </object_component>
      <object_component id="oc-222">
         <name>.debug_info</name>
         <load_address>0x66f4</load_address>
         <run_address>0x66f4</run_address>
         <size>0x17a</size>
         <input_file_ref idref="fl-cb"/>
      </object_component>
      <object_component id="oc-160">
         <name>.debug_info</name>
         <load_address>0x686e</load_address>
         <run_address>0x686e</run_address>
         <size>0x1e3</size>
         <input_file_ref idref="fl-cb"/>
      </object_component>
      <object_component id="oc-16c">
         <name>.debug_info</name>
         <load_address>0x6a51</load_address>
         <run_address>0x6a51</run_address>
         <size>0x1ee</size>
         <input_file_ref idref="fl-cb"/>
      </object_component>
      <object_component id="oc-166">
         <name>.debug_info</name>
         <load_address>0x6c3f</load_address>
         <run_address>0x6c3f</run_address>
         <size>0x286</size>
         <input_file_ref idref="fl-cb"/>
      </object_component>
      <object_component id="oc-a8">
         <name>.debug_info</name>
         <load_address>0x6ec5</load_address>
         <run_address>0x6ec5</run_address>
         <size>0x2c</size>
         <input_file_ref idref="fl-cb"/>
      </object_component>
      <object_component id="oc-ad">
         <name>.debug_info</name>
         <load_address>0x6ef1</load_address>
         <run_address>0x6ef1</run_address>
         <size>0x62</size>
         <input_file_ref idref="fl-cb"/>
      </object_component>
      <object_component id="oc-261">
         <name>.debug_info</name>
         <load_address>0x6f53</load_address>
         <run_address>0x6f53</run_address>
         <size>0x198</size>
         <input_file_ref idref="fl-cc"/>
      </object_component>
      <object_component id="oc-1c8">
         <name>.debug_info</name>
         <load_address>0x70eb</load_address>
         <run_address>0x70eb</run_address>
         <size>0x11b</size>
         <input_file_ref idref="fl-cc"/>
      </object_component>
      <object_component id="oc-25b">
         <name>.debug_info</name>
         <load_address>0x7206</load_address>
         <run_address>0x7206</run_address>
         <size>0x12b</size>
         <input_file_ref idref="fl-cc"/>
      </object_component>
      <object_component id="oc-214">
         <name>.debug_info</name>
         <load_address>0x7331</load_address>
         <run_address>0x7331</run_address>
         <size>0x174</size>
         <input_file_ref idref="fl-cd"/>
      </object_component>
      <object_component id="oc-15c">
         <name>.debug_info</name>
         <load_address>0x74a5</load_address>
         <run_address>0x74a5</run_address>
         <size>0x1b3</size>
         <input_file_ref idref="fl-cd"/>
      </object_component>
      <object_component id="oc-212">
         <name>.debug_info</name>
         <load_address>0x7658</load_address>
         <run_address>0x7658</run_address>
         <size>0x15e</size>
         <input_file_ref idref="fl-ce"/>
      </object_component>
      <object_component id="oc-154">
         <name>.debug_info</name>
         <load_address>0x77b6</load_address>
         <run_address>0x77b6</run_address>
         <size>0x242</size>
         <input_file_ref idref="fl-ce"/>
      </object_component>
      <object_component id="oc-204">
         <name>.debug_info</name>
         <load_address>0x79f8</load_address>
         <run_address>0x79f8</run_address>
         <size>0x20f</size>
         <input_file_ref idref="fl-cf"/>
      </object_component>
      <object_component id="oc-144">
         <name>.debug_info</name>
         <load_address>0x7c07</load_address>
         <run_address>0x7c07</run_address>
         <size>0x205</size>
         <input_file_ref idref="fl-cf"/>
      </object_component>
      <object_component id="oc-1f8">
         <name>.debug_info</name>
         <load_address>0x7e0c</load_address>
         <run_address>0x7e0c</run_address>
         <size>0x1c3</size>
         <input_file_ref idref="fl-cf"/>
      </object_component>
      <object_component id="oc-200">
         <name>.debug_info</name>
         <load_address>0x7fcf</load_address>
         <run_address>0x7fcf</run_address>
         <size>0x176</size>
         <input_file_ref idref="fl-cf"/>
      </object_component>
      <object_component id="oc-205">
         <name>.debug_info</name>
         <load_address>0x8145</load_address>
         <run_address>0x8145</run_address>
         <size>0x2c</size>
         <input_file_ref idref="fl-cf"/>
      </object_component>
      <object_component id="oc-20a">
         <name>.debug_info</name>
         <load_address>0x8171</load_address>
         <run_address>0x8171</run_address>
         <size>0x69</size>
         <input_file_ref idref="fl-cf"/>
      </object_component>
      <object_component id="oc-24">
         <name>.debug_info</name>
         <load_address>0x81da</load_address>
         <run_address>0x81da</run_address>
         <size>0x108</size>
         <input_file_ref idref="fl-d0"/>
      </object_component>
      <object_component id="oc-59">
         <name>.debug_info</name>
         <load_address>0x82e2</load_address>
         <run_address>0x82e2</run_address>
         <size>0x1ac</size>
         <input_file_ref idref="fl-d0"/>
      </object_component>
      <object_component id="oc-36e">
         <name>.debug_info</name>
         <load_address>0x848e</load_address>
         <run_address>0x848e</run_address>
         <size>0x115</size>
         <input_file_ref idref="fl-d1"/>
      </object_component>
      <object_component id="oc-8a">
         <name>.debug_info</name>
         <load_address>0x85a3</load_address>
         <run_address>0x85a3</run_address>
         <size>0x147</size>
         <input_file_ref idref="fl-d2"/>
      </object_component>
      <object_component id="oc-3b">
         <name>.debug_info</name>
         <load_address>0x86ea</load_address>
         <run_address>0x86ea</run_address>
         <size>0x119</size>
         <input_file_ref idref="fl-d3"/>
      </object_component>
      <object_component id="oc-1ce">
         <name>.debug_info</name>
         <load_address>0x8803</load_address>
         <run_address>0x8803</run_address>
         <size>0x421</size>
         <input_file_ref idref="fl-d4"/>
      </object_component>
      <object_component id="oc-104">
         <name>.debug_info</name>
         <load_address>0x8c24</load_address>
         <run_address>0x8c24</run_address>
         <size>0x1a3</size>
         <input_file_ref idref="fl-d4"/>
      </object_component>
      <object_component id="oc-267">
         <name>.debug_info</name>
         <load_address>0x8dc7</load_address>
         <run_address>0x8dc7</run_address>
         <size>0x39</size>
         <input_file_ref idref="fl-d4"/>
      </object_component>
      <object_component id="oc-2e1">
         <name>.debug_info</name>
         <load_address>0x8e00</load_address>
         <run_address>0x8e00</run_address>
         <size>0x39</size>
         <input_file_ref idref="fl-d4"/>
      </object_component>
      <object_component id="oc-26c">
         <name>.debug_info</name>
         <load_address>0x8e39</load_address>
         <run_address>0x8e39</run_address>
         <size>0x39</size>
         <input_file_ref idref="fl-d4"/>
      </object_component>
      <object_component id="oc-271">
         <name>.debug_info</name>
         <load_address>0x8e72</load_address>
         <run_address>0x8e72</run_address>
         <size>0xcd</size>
         <input_file_ref idref="fl-d4"/>
      </object_component>
      <object_component id="oc-90">
         <name>.debug_info</name>
         <load_address>0x8f3f</load_address>
         <run_address>0x8f3f</run_address>
         <size>0x150</size>
         <input_file_ref idref="fl-d5"/>
      </object_component>
      <object_component id="oc-f8">
         <name>.debug_info</name>
         <load_address>0x908f</load_address>
         <run_address>0x908f</run_address>
         <size>0x11f</size>
         <input_file_ref idref="fl-d7"/>
      </object_component>
      <object_component id="oc-2b6">
         <name>.debug_info</name>
         <load_address>0x91ae</load_address>
         <run_address>0x91ae</run_address>
         <size>0x780</size>
         <input_file_ref idref="fl-d8"/>
      </object_component>
      <object_component id="oc-281">
         <name>.debug_info</name>
         <load_address>0x992e</load_address>
         <run_address>0x992e</run_address>
         <size>0x21b</size>
         <input_file_ref idref="fl-d8"/>
      </object_component>
      <object_component id="oc-31e">
         <name>.debug_info</name>
         <load_address>0x9b49</load_address>
         <run_address>0x9b49</run_address>
         <size>0x1b0</size>
         <input_file_ref idref="fl-d8"/>
      </object_component>
      <object_component id="oc-324">
         <name>.debug_info</name>
         <load_address>0x9cf9</load_address>
         <run_address>0x9cf9</run_address>
         <size>0x218</size>
         <input_file_ref idref="fl-d8"/>
      </object_component>
      <object_component id="oc-28c">
         <name>.debug_info</name>
         <load_address>0x9f11</load_address>
         <run_address>0x9f11</run_address>
         <size>0x3b7</size>
         <input_file_ref idref="fl-d8"/>
      </object_component>
      <object_component id="oc-32b">
         <name>.debug_info</name>
         <load_address>0xa2c8</load_address>
         <run_address>0xa2c8</run_address>
         <size>0x303</size>
         <input_file_ref idref="fl-d8"/>
      </object_component>
      <object_component id="oc-331">
         <name>.debug_info</name>
         <load_address>0xa5cb</load_address>
         <run_address>0xa5cb</run_address>
         <size>0x212</size>
         <input_file_ref idref="fl-d8"/>
      </object_component>
      <object_component id="oc-292">
         <name>.debug_info</name>
         <load_address>0xa7dd</load_address>
         <run_address>0xa7dd</run_address>
         <size>0x225</size>
         <input_file_ref idref="fl-d8"/>
      </object_component>
      <object_component id="oc-299">
         <name>.debug_info</name>
         <load_address>0xaa02</load_address>
         <run_address>0xaa02</run_address>
         <size>0x300</size>
         <input_file_ref idref="fl-d8"/>
      </object_component>
      <object_component id="oc-29f">
         <name>.debug_info</name>
         <load_address>0xad02</load_address>
         <run_address>0xad02</run_address>
         <size>0x4ac</size>
         <input_file_ref idref="fl-d8"/>
      </object_component>
      <object_component id="oc-1f3">
         <name>.debug_info</name>
         <load_address>0xb1ae</load_address>
         <run_address>0xb1ae</run_address>
         <size>0x5d5</size>
         <input_file_ref idref="fl-d8"/>
      </object_component>
      <object_component id="oc-2b7">
         <name>.debug_info</name>
         <load_address>0xb783</load_address>
         <run_address>0xb783</run_address>
         <size>0x86</size>
         <input_file_ref idref="fl-d8"/>
      </object_component>
      <object_component id="oc-35b">
         <name>.debug_info</name>
         <load_address>0xb809</load_address>
         <run_address>0xb809</run_address>
         <size>0x39</size>
         <input_file_ref idref="fl-d8"/>
      </object_component>
      <object_component id="oc-39d">
         <name>.debug_info</name>
         <load_address>0xb842</load_address>
         <run_address>0xb842</run_address>
         <size>0xb6</size>
         <input_file_ref idref="fl-d8"/>
      </object_component>
      <object_component id="oc-360">
         <name>.debug_info</name>
         <load_address>0xb8f8</load_address>
         <run_address>0xb8f8</run_address>
         <size>0x46</size>
         <input_file_ref idref="fl-d8"/>
      </object_component>
      <object_component id="oc-2bc">
         <name>.debug_info</name>
         <load_address>0xb93e</load_address>
         <run_address>0xb93e</run_address>
         <size>0x46</size>
         <input_file_ref idref="fl-d8"/>
      </object_component>
      <object_component id="oc-2f1">
         <name>.debug_info</name>
         <load_address>0xb984</load_address>
         <run_address>0xb984</run_address>
         <size>0x188</size>
         <input_file_ref idref="fl-da"/>
      </object_component>
      <object_component id="oc-27b">
         <name>.debug_info</name>
         <load_address>0xbb0c</load_address>
         <run_address>0xbb0c</run_address>
         <size>0x179</size>
         <input_file_ref idref="fl-da"/>
      </object_component>
      <object_component id="oc-36a">
         <name>.debug_info</name>
         <load_address>0xbc85</load_address>
         <run_address>0xbc85</run_address>
         <size>0xf6</size>
         <input_file_ref idref="fl-db"/>
      </object_component>
      <object_component id="oc-2ee">
         <name>.debug_info</name>
         <load_address>0xbd7b</load_address>
         <run_address>0xbd7b</run_address>
         <size>0x102</size>
         <input_file_ref idref="fl-db"/>
      </object_component>
      <object_component id="oc-378">
         <name>.debug_info</name>
         <load_address>0xbe7d</load_address>
         <run_address>0xbe7d</run_address>
         <size>0x16a</size>
         <input_file_ref idref="fl-dc"/>
      </object_component>
      <object_component id="oc-30f">
         <name>.debug_info</name>
         <load_address>0xbfe7</load_address>
         <run_address>0xbfe7</run_address>
         <size>0x1ca</size>
         <input_file_ref idref="fl-dc"/>
      </object_component>
      <object_component id="oc-34c">
         <name>.debug_info</name>
         <load_address>0xc1b1</load_address>
         <run_address>0xc1b1</run_address>
         <size>0x165</size>
         <input_file_ref idref="fl-dd"/>
      </object_component>
      <object_component id="oc-2a4">
         <name>.debug_info</name>
         <load_address>0xc316</load_address>
         <run_address>0xc316</run_address>
         <size>0x1b3</size>
         <input_file_ref idref="fl-dd"/>
      </object_component>
      <object_component id="oc-38f">
         <name>.debug_info</name>
         <load_address>0xc4c9</load_address>
         <run_address>0xc4c9</run_address>
         <size>0x169</size>
         <input_file_ref idref="fl-de"/>
      </object_component>
      <object_component id="oc-346">
         <name>.debug_info</name>
         <load_address>0xc632</load_address>
         <run_address>0xc632</run_address>
         <size>0x25f</size>
         <input_file_ref idref="fl-de"/>
      </object_component>
      <object_component id="oc-358">
         <name>.debug_info</name>
         <load_address>0xc891</load_address>
         <run_address>0xc891</run_address>
         <size>0x158</size>
         <input_file_ref idref="fl-df"/>
      </object_component>
      <object_component id="oc-355">
         <name>.debug_info</name>
         <load_address>0xc9e9</load_address>
         <run_address>0xc9e9</run_address>
         <size>0x10b</size>
         <input_file_ref idref="fl-df"/>
      </object_component>
      <object_component id="oc-2b1">
         <name>.debug_info</name>
         <load_address>0xcaf4</load_address>
         <run_address>0xcaf4</run_address>
         <size>0x14b</size>
         <input_file_ref idref="fl-df"/>
      </object_component>
      <object_component id="oc-353">
         <name>.debug_info</name>
         <load_address>0xcc3f</load_address>
         <run_address>0xcc3f</run_address>
         <size>0x15e</size>
         <input_file_ref idref="fl-e0"/>
      </object_component>
      <object_component id="oc-2aa">
         <name>.debug_info</name>
         <load_address>0xcd9d</load_address>
         <run_address>0xcd9d</run_address>
         <size>0x157</size>
         <input_file_ref idref="fl-e0"/>
      </object_component>
      <object_component id="oc-392">
         <name>.debug_info</name>
         <load_address>0xcef4</load_address>
         <run_address>0xcef4</run_address>
         <size>0x46</size>
         <input_file_ref idref="fl-e0"/>
      </object_component>
      <object_component id="oc-34e">
         <name>.debug_info</name>
         <load_address>0xcf3a</load_address>
         <run_address>0xcf3a</run_address>
         <size>0x39</size>
         <input_file_ref idref="fl-e0"/>
      </object_component>
      <object_component id="oc-380">
         <name>.debug_info</name>
         <load_address>0xcf73</load_address>
         <run_address>0xcf73</run_address>
         <size>0x164</size>
         <input_file_ref idref="fl-e1"/>
      </object_component>
      <object_component id="oc-339">
         <name>.debug_info</name>
         <load_address>0xd0d7</load_address>
         <run_address>0xd0d7</run_address>
         <size>0x191</size>
         <input_file_ref idref="fl-e1"/>
      </object_component>
      <object_component id="oc-3ab">
         <name>.debug_info</name>
         <load_address>0xd268</load_address>
         <run_address>0xd268</run_address>
         <size>0x39</size>
         <input_file_ref idref="fl-e1"/>
      </object_component>
      <object_component id="oc-381">
         <name>.debug_info</name>
         <load_address>0xd2a1</load_address>
         <run_address>0xd2a1</run_address>
         <size>0x2c</size>
         <input_file_ref idref="fl-e1"/>
      </object_component>
      <object_component id="oc-38d">
         <name>.debug_info</name>
         <load_address>0xd2cd</load_address>
         <run_address>0xd2cd</run_address>
         <size>0x1c7</size>
         <input_file_ref idref="fl-e2"/>
      </object_component>
      <object_component id="oc-33f">
         <name>.debug_info</name>
         <load_address>0xd494</load_address>
         <run_address>0xd494</run_address>
         <size>0x1f8</size>
         <input_file_ref idref="fl-e2"/>
      </object_component>
      <object_component id="oc-387">
         <name>.debug_info</name>
         <load_address>0xd68c</load_address>
         <run_address>0xd68c</run_address>
         <size>0x15c</size>
         <input_file_ref idref="fl-e3"/>
      </object_component>
      <object_component id="oc-31b">
         <name>.debug_info</name>
         <load_address>0xd7e8</load_address>
         <run_address>0xd7e8</run_address>
         <size>0x14c</size>
         <input_file_ref idref="fl-e4"/>
      </object_component>
      <object_component id="oc-287">
         <name>.debug_info</name>
         <load_address>0xd934</load_address>
         <run_address>0xd934</run_address>
         <size>0x128</size>
         <input_file_ref idref="fl-e5"/>
      </object_component>
      <object_component id="oc-305">
         <name>.debug_info</name>
         <load_address>0xda5c</load_address>
         <run_address>0xda5c</run_address>
         <size>0x12a</size>
         <input_file_ref idref="fl-e5"/>
      </object_component>
      <object_component id="oc-300">
         <name>.debug_info</name>
         <load_address>0xdb86</load_address>
         <run_address>0xdb86</run_address>
         <size>0x13a</size>
         <input_file_ref idref="fl-e6"/>
      </object_component>
      <object_component id="oc-2fa">
         <name>.debug_info</name>
         <load_address>0xdcc0</load_address>
         <run_address>0xdcc0</run_address>
         <size>0x13a</size>
         <input_file_ref idref="fl-e7"/>
      </object_component>
      <object_component id="oc-309">
         <name>.debug_info</name>
         <load_address>0xddfa</load_address>
         <run_address>0xddfa</run_address>
         <size>0x12e</size>
         <input_file_ref idref="fl-e8"/>
      </object_component>
      <object_component id="oc-314">
         <name>.debug_info</name>
         <load_address>0xdf28</load_address>
         <run_address>0xdf28</run_address>
         <size>0x12c</size>
         <input_file_ref idref="fl-e9"/>
      </object_component>
      <object_component id="oc-3e2">
         <name>.debug_info</name>
         <load_address>0xe054</load_address>
         <run_address>0xe054</run_address>
         <size>0xac</size>
      </object_component>
      <object_component id="oc-1c2">
         <name>.debug_line</name>
         <load_address>0x0</load_address>
         <run_address>0x0</run_address>
         <size>0x11d</size>
         <input_file_ref idref="fl-2"/>
      </object_component>
      <object_component id="oc-1c0">
         <name>.debug_line</name>
         <load_address>0x11d</load_address>
         <run_address>0x11d</run_address>
         <size>0x2d</size>
         <input_file_ref idref="fl-2"/>
      </object_component>
      <object_component id="oc-99">
         <name>.debug_line</name>
         <load_address>0x14a</load_address>
         <run_address>0x14a</run_address>
         <size>0xb3</size>
         <input_file_ref idref="fl-2"/>
      </object_component>
      <object_component id="oc-2d7">
         <name>.debug_line</name>
         <load_address>0x1fd</load_address>
         <run_address>0x1fd</run_address>
         <size>0x55</size>
         <input_file_ref idref="fl-2"/>
      </object_component>
      <object_component id="oc-38">
         <name>.debug_line</name>
         <load_address>0x252</load_address>
         <run_address>0x252</run_address>
         <size>0x20</size>
         <input_file_ref idref="fl-2"/>
      </object_component>
      <object_component id="oc-18b">
         <name>.debug_line</name>
         <load_address>0x272</load_address>
         <run_address>0x272</run_address>
         <size>0x53</size>
         <input_file_ref idref="fl-2"/>
      </object_component>
      <object_component id="oc-e4">
         <name>.debug_line</name>
         <load_address>0x2c5</load_address>
         <run_address>0x2c5</run_address>
         <size>0x48</size>
         <input_file_ref idref="fl-3"/>
      </object_component>
      <object_component id="oc-72">
         <name>.debug_line</name>
         <load_address>0x30d</load_address>
         <run_address>0x30d</run_address>
         <size>0x61</size>
         <input_file_ref idref="fl-4"/>
      </object_component>
      <object_component id="oc-2d">
         <name>.debug_line</name>
         <load_address>0x36e</load_address>
         <run_address>0x36e</run_address>
         <size>0x61</size>
         <input_file_ref idref="fl-4"/>
      </object_component>
      <object_component id="oc-2b">
         <name>.debug_line</name>
         <load_address>0x3cf</load_address>
         <run_address>0x3cf</run_address>
         <size>0xd9</size>
         <input_file_ref idref="fl-4"/>
      </object_component>
      <object_component id="oc-230">
         <name>.debug_line</name>
         <load_address>0x4a8</load_address>
         <run_address>0x4a8</run_address>
         <size>0x164</size>
         <input_file_ref idref="fl-5"/>
      </object_component>
      <object_component id="oc-22e">
         <name>.debug_line</name>
         <load_address>0x60c</load_address>
         <run_address>0x60c</run_address>
         <size>0x30</size>
         <input_file_ref idref="fl-5"/>
      </object_component>
      <object_component id="oc-c7">
         <name>.debug_line</name>
         <load_address>0x63c</load_address>
         <run_address>0x63c</run_address>
         <size>0x1aa</size>
         <input_file_ref idref="fl-5"/>
      </object_component>
      <object_component id="oc-234">
         <name>.debug_line</name>
         <load_address>0x7e6</load_address>
         <run_address>0x7e6</run_address>
         <size>0x6d</size>
         <input_file_ref idref="fl-5"/>
      </object_component>
      <object_component id="oc-17e">
         <name>.debug_line</name>
         <load_address>0x853</load_address>
         <run_address>0x853</run_address>
         <size>0x69</size>
         <input_file_ref idref="fl-5"/>
      </object_component>
      <object_component id="oc-239">
         <name>.debug_line</name>
         <load_address>0x8bc</load_address>
         <run_address>0x8bc</run_address>
         <size>0x71</size>
         <input_file_ref idref="fl-5"/>
      </object_component>
      <object_component id="oc-179">
         <name>.debug_line</name>
         <load_address>0x92d</load_address>
         <run_address>0x92d</run_address>
         <size>0x69</size>
         <input_file_ref idref="fl-5"/>
      </object_component>
      <object_component id="oc-2cf">
         <name>.debug_line</name>
         <load_address>0x996</load_address>
         <run_address>0x996</run_address>
         <size>0x48</size>
         <input_file_ref idref="fl-b"/>
      </object_component>
      <object_component id="oc-23d">
         <name>.debug_line</name>
         <load_address>0x9de</load_address>
         <run_address>0x9de</run_address>
         <size>0x4e</size>
         <input_file_ref idref="fl-b"/>
      </object_component>
      <object_component id="oc-d2">
         <name>.debug_line</name>
         <load_address>0xa2c</load_address>
         <run_address>0xa2c</run_address>
         <size>0x66</size>
         <input_file_ref idref="fl-b"/>
      </object_component>
      <object_component id="oc-cc">
         <name>.debug_line</name>
         <load_address>0xa92</load_address>
         <run_address>0xa92</run_address>
         <size>0x66</size>
         <input_file_ref idref="fl-b"/>
      </object_component>
      <object_component id="oc-d8">
         <name>.debug_line</name>
         <load_address>0xaf8</load_address>
         <run_address>0xaf8</run_address>
         <size>0x97</size>
         <input_file_ref idref="fl-b"/>
[...]
         <length>0x19000</length>
         <used_space>0x920</used_space>
         <unused_space>0x186e0</unused_space>
         <attributes>RWX</attributes>
         <usage_details>
            <allocated_space>
               <start_address>0x20017000</start_address>
               <size>0x800</size>
               <logical_group_ref idref="lg-c"/>
            </allocated_space>
            <allocated_space>
               <start_address>0x20017800</start_address>
               <size>0x1c</size>
               <logical_group_ref idref="lg-a"/>
            </allocated_space>
            <allocated_space>
               <start_address>0x2001781c</start_address>
               <size>0x4</size>
               <logical_group_ref idref="lg-b"/>
            </allocated_space>
            <available_space>
               <start_address>0x20017820</start_address>
               <size>0x186e0</size>
            </available_space>
            <allocated_space>
               <start_address>0x2002ff00</start_address>
               <size>0x100</size>
               <logical_group_ref idref="lg-d"/>
            </allocated_space>
         </usage_details>
      </memory_area>
   </placement_map>
   <cptbl_list>
      <cptbl>
         <name>__TI_cinit_table</name>
         <cprec>
            <name>.data</name>
            <load_address>0x200073a0</load_address>
            <load_size>0x1b</load_size>
            <run_address>0x20017800</run_address>
            <run_size>0x1c</run_size>
            <compression>lzss</compression>
         </cprec>
         <cprec>
            <name>.bss</name>
            <load_address>0x200073c8</load_address>
            <load_size>0x8</load_size>
            <run_address>0x2001781c</run_address>
            <run_size>0x4</run_size>
            <compression>zero_init</compression>
         </cprec>
      </cptbl>
   </cptbl_list>
   <handler_table>
      <handler_table_name>__TI_handler_table</handler_table_name>
      <handler>
         <index>0x0</index>
         <name>__TI_decompress_lzss</name>
      </handler>
      <handler>
         <index>0x1</index>
         <name>__TI_decompress_none</name>
      </handler>
      <handler>
         <index>0x2</index>
         <name>__TI_zero_init</name>
      </handler>
   </handler_table>
   <symbol_table>
      <symbol id="sm-1">
         <name>__TI_CINIT_Base</name>
         <value>0x200073d0</value>
      </symbol>
      <symbol id="sm-2">
         <name>__TI_CINIT_Limit</name>
         <value>0x200073e0</value>
      </symbol>
      <symbol id="sm-3">
         <name>__TI_Handler_Table_Base</name>
         <value>0x200073bc</value>
      </symbol>
      <symbol id="sm-4">
         <name>__TI_Handler_Table_Limit</name>
         <value>0x200073c8</value>
      </symbol>
      <symbol id="sm-5">
         <name>binit</name>
         <value>0xffffffff</value>
      </symbol>
      <symbol id="sm-6">
         <name>__binit__</name>
         <value>0xffffffff</value>
      </symbol>
      <symbol id="sm-7">
         <name>__STACK_SIZE</name>
         <value>0x100</value>
      </symbol>
      <symbol id="sm-8">
         <name>__STACK_END</name>
         <value>0x20030000</value>
      </symbol>
      <symbol id="sm-9">
         <name>__SYSMEM_SIZE</name>
         <value>0x800</value>
      </symbol>
      <symbol id="sm-a">
         <name>__c_args__</name>
         <value>0xffffffff</value>
      </symbol>
      <symbol id="sm-b">
         <name>__TI_pprof_out_hndl</name>
         <value>0xffffffff</value>
      </symbol>
      <symbol id="sm-c">
         <name>__TI_prof_data_start</name>
         <value>0xffffffff</value>
      </symbol>
      <symbol id="sm-d">
         <name>__TI_prof_data_size</name>
         <value>0xffffffff</value>
      </symbol>
      <symbol id="sm-5e">
         <name>main</name>
         <value>0x20004e8b</value>
         <object_component_ref idref="oc-94"/>
      </symbol>
      <symbol id="sm-5f">
         <name>g_iCounter</name>
         <value>0x20017814</value>
         <object_component_ref idref="oc-f2"/>
      </symbol>
      <symbol id="sm-69">
         <name>PinMuxConfig</name>
         <value>0x20006f87</value>
         <object_component_ref idref="oc-e0"/>
      </symbol>
      <symbol id="sm-88">
         <name>ResetISR</name>
         <value>0x200070a1</value>
         <object_component_ref idref="oc-26"/>
      </symbol>
      <symbol id="sm-89">
         <name>g_pfnVectors</name>
         <value>0x20004000</value>
         <object_component_ref idref="oc-f"/>
      </symbol>
      <symbol id="sm-da">
         <name>GetCmd</name>
         <value>0x200051fb</value>
         <object_component_ref idref="oc-c2"/>
      </symbol>
      <symbol id="sm-db">
         <name>Message</name>
         <value>0x20005197</value>
         <object_component_ref idref="oc-c2"/>
      </symbol>
      <symbol id="sm-dc">
         <name>Report</name>
         <value>0x20005339</value>
         <object_component_ref idref="oc-c2"/>
      </symbol>
      <symbol id="sm-dd">
         <name>Error</name>
         <value>0x200051c3</value>
         <object_component_ref idref="oc-c2"/>
      </symbol>
      <symbol id="sm-de">
         <name>InitTerm</name>
         <value>0x20005179</value>
         <object_component_ref idref="oc-c2"/>
      </symbol>
      <symbol id="sm-df">
         <name>ClearTerm</name>
         <value>0x200051b9</value>
         <object_component_ref idref="oc-c2"/>
      </symbol>
      <symbol id="sm-e0">
         <name>TrimSpace</name>
         <value>0x200052a1</value>
         <object_component_ref idref="oc-c2"/>
      </symbol>
      <symbol id="sm-10f">
         <name>IntVTableBaseSet</name>
         <value>0x20007059</value>
         <object_component_ref idref="oc-c8"/>
      </symbol>
      <symbol id="sm-110">
         <name>IntEnable</name>
         <value>0x2000635d</value>
         <object_component_ref idref="oc-d4"/>
      </symbol>
      <symbol id="sm-111">
         <name>IntMasterEnable</name>
         <value>0x200070af</value>
         <object_component_ref idref="oc-ce"/>
      </symbol>
      <symbol id="sm-13e">
         <name>PinTypeUART</name>
         <value>0x20006fa3</value>
         <object_component_ref idref="oc-1b6"/>
      </symbol>
      <symbol id="sm-13f">
         <name>PinConfigSet</name>
         <value>0x200065cd</value>
         <object_component_ref idref="oc-250"/>
      </symbol>
      <symbol id="sm-140">
         <name>PinModeSet</name>
         <value>0x20006c29</value>
         <object_component_ref idref="oc-24a"/>
      </symbol>
      <symbol id="sm-1c6">
         <name>PRCMPeripheralReset</name>
         <value>0x200069fd</value>
         <object_component_ref idref="oc-1a9"/>
      </symbol>
      <symbol id="sm-1c7">
         <name>PRCMPeripheralClkEnable</name>
         <value>0x20006ce9</value>
         <object_component_ref idref="oc-1a3"/>
      </symbol>
      <symbol id="sm-1c8">
         <name>PRCMPeripheralClockGet</name>
         <value>0x20006539</value>
         <object_component_ref idref="oc-135"/>
      </symbol>
      <symbol id="sm-1c9">
         <name>PRCMCC3200MCUInit</name>
         <value>0x200059e5</value>
         <object_component_ref idref="oc-da"/>
      </symbol>
      <symbol id="sm-1ca">
         <name>PRCMHIBRegWrite</name>
         <value>0x20007003</value>
         <object_component_ref idref="oc-19d"/>
      </symbol>
      <symbol id="sm-1cb">
         <name>PRCMSysResetCauseGet</name>
         <value>0x20006e29</value>
         <object_component_ref idref="oc-191"/>
      </symbol>
      <symbol id="sm-1cc">
         <name>PRCMPeripheralClkDisable</name>
         <value>0x20006e55</value>
         <object_component_ref idref="oc-1af"/>
      </symbol>
      <symbol id="sm-1cd">
         <name>PRCMHIBRegRead</name>
         <value>0x20006fed</value>
         <object_component_ref idref="oc-197"/>
      </symbol>
      <symbol id="sm-212">
         <name>UARTConfigSetExpClk</name>
         <value>0x20006855</value>
         <object_component_ref idref="oc-13b"/>
      </symbol>
      <symbol id="sm-213">
         <name>UARTDisable</name>
         <value>0x20006d99</value>
         <object_component_ref idref="oc-1e4"/>
      </symbol>
      <symbol id="sm-214">
         <name>UARTCharsAvail</name>
         <value>0x20006fbd</value>
         <object_component_ref idref="oc-147"/>
      </symbol>
      <symbol id="sm-215">
         <name>UARTCharGetNonBlocking</name>
         <value>0x20006f33</value>
         <object_component_ref idref="oc-14d"/>
      </symbol>
      <symbol id="sm-216">
         <name>UARTCharPut</name>
         <value>0x20006f15</value>
         <object_component_ref idref="oc-ec"/>
      </symbol>
      <symbol id="sm-217">
         <name>UARTEnable</name>
         <value>0x20006ecd</value>
         <object_component_ref idref="oc-1ea"/>
      </symbol>
      <symbol id="sm-218">
         <name>UARTCharGet</name>
         <value>0x20007019</value>
         <object_component_ref idref="oc-e6"/>
      </symbol>
      <symbol id="sm-21c">
         <name>UtilsDelay</name>
         <value>0x200070c9</value>
         <object_component_ref idref="oc-240"/>
      </symbol>
      <symbol id="sm-226">
         <name>CPUcpsie</name>
         <value>0x20007045</value>
         <object_component_ref idref="oc-181"/>
      </symbol>
      <symbol id="sm-234">
         <name>__aeabi_uldivmod</name>
         <value>0x200064a1</value>
         <object_component_ref idref="oc-2f2"/>
      </symbol>
      <symbol id="sm-24d">
         <name>__TI_zero_init_nomemset</name>
         <value>0x20006f4f</value>
         <object_component_ref idref="oc-46"/>
      </symbol>
      <symbol id="sm-264">
         <name>__TI_decompress_none</name>
         <value>0x20007093</value>
         <object_component_ref idref="oc-18"/>
      </symbol>
      <symbol id="sm-287">
         <name>__TI_decompress_lzss</name>
         <value>0x20006939</value>
         <object_component_ref idref="oc-12"/>
      </symbol>
      <symbol id="sm-31d">
         <name>_sys_memory</name>
         <value>0x20017000</value>
         <object_component_ref idref="oc-20"/>
      </symbol>
      <symbol id="sm-31e">
         <name>free</name>
         <value>0x20006101</value>
         <object_component_ref idref="oc-16b"/>
      </symbol>
      <symbol id="sm-31f">
         <name>realloc</name>
         <value>0x20005ef1</value>
         <object_component_ref idref="oc-165"/>
      </symbol>
      <symbol id="sm-320">
         <name>malloc</name>
         <value>0x200067dd</value>
         <object_component_ref idref="oc-15f"/>
      </symbol>
      <symbol id="sm-321">
         <name>minit</name>
         <value>0x20006d61</value>
         <object_component_ref idref="oc-215"/>
      </symbol>
      <symbol id="sm-336">
         <name>_nop</name>
         <value>0x20004e4b</value>
         <object_component_ref idref="oc-259"/>
      </symbol>
      <symbol id="sm-337">
         <name>_lock</name>
         <value>0x2001780c</value>
         <object_component_ref idref="oc-1c7"/>
      </symbol>
      <symbol id="sm-338">
         <name>_unlock</name>
         <value>0x20017810</value>
         <object_component_ref idref="oc-1c7"/>
      </symbol>
      <symbol id="sm-348">
         <name>memmove</name>
         <value>0x20006ef1</value>
         <object_component_ref idref="oc-159"/>
      </symbol>
      <symbol id="sm-356">
         <name>strlen</name>
         <value>0x2000706d</value>
         <object_component_ref idref="oc-153"/>
      </symbol>
      <symbol id="sm-385">
         <name>vsnprintf</name>
         <value>0x20006c69</value>
         <object_component_ref idref="oc-141"/>
      </symbol>
      <symbol id="sm-397">
         <name>__stack</name>
         <value>0x2002ff00</value>
         <object_component_ref idref="oc-23"/>
      </symbol>
      <symbol id="sm-398">
         <name>_c_int00_noargs</name>
         <value>0x20006e7d</value>
         <object_component_ref idref="oc-58"/>
      </symbol>
      <symbol id="sm-3a2">
         <name>__aeabi_idiv0</name>
         <value>0x200059e3</value>
         <object_component_ref idref="oc-36d"/>
      </symbol>
      <symbol id="sm-3a3">
         <name>__aeabi_ldiv0</name>
         <value>0x200059e3</value>
         <object_component_ref idref="oc-36d"/>
      </symbol>
      <symbol id="sm-3b2">
         <name>__aeabi_memset</name>
         <value>0x20006763</value>
         <object_component_ref idref="oc-88"/>
      </symbol>
      <symbol id="sm-3b3">
         <name>memset</name>
         <value>0x20006769</value>
         <object_component_ref idref="oc-88"/>
      </symbol>
      <symbol id="sm-3b4">
         <name>__aeabi_memset8</name>
         <value>0x20006763</value>
         <object_component_ref idref="oc-88"/>
      </symbol>
      <symbol id="sm-3b5">
         <name>__aeabi_memset4</name>
         <value>0x20006763</value>
         <object_component_ref idref="oc-88"/>
      </symbol>
      <symbol id="sm-3b6">
         <name>__aeabi_memclr8</name>
         <value>0x20006761</value>
         <object_component_ref idref="oc-88"/>
      </symbol>
      <symbol id="sm-3b7">
         <name>__aeabi_memclr4</name>
         <value>0x20006761</value>
         <object_component_ref idref="oc-88"/>
      </symbol>
      <symbol id="sm-3b8">
         <name>__aeabi_memclr</name>
         <value>0x20006761</value>
         <object_component_ref idref="oc-88"/>
      </symbol>
      <symbol id="sm-3d3">
         <name>memcpy</name>
         <value>0x20006405</value>
         <object_component_ref idref="oc-3a"/>
      </symbol>
      <symbol id="sm-3d4">
         <name>__aeabi_memcpy</name>
         <value>0x20006405</value>
         <object_component_ref idref="oc-3a"/>
      </symbol>
      <symbol id="sm-3d5">
         <name>__aeabi_memcpy8</name>
         <value>0x20006405</value>
         <object_component_ref idref="oc-3a"/>
      </symbol>
      <symbol id="sm-3d6">
         <name>__aeabi_memcpy4</name>
         <value>0x20006405</value>
         <object_component_ref idref="oc-3a"/>
      </symbol>
      <symbol id="sm-3fe">
         <name>__TI_auto_init_nobinit_nopinit</name>
         <value>0x20006be5</value>
         <object_component_ref idref="oc-103"/>
      </symbol>
      <symbol id="sm-408">
         <name>_system_pre_init</name>
         <value>0x200070cf</value>
         <object_component_ref idref="oc-8e"/>
      </symbol>
      <symbol id="sm-414">
         <name>C$$EXIT</name>
         <value>0x200070d3</value>
         <object_component_ref idref="oc-f7"/>
      </symbol>
      <symbol id="sm-415">
         <name>abort</name>
         <value>0x200070d3</value>
         <object_component_ref idref="oc-f7"/>
      </symbol>
      <symbol id="sm-57a">
         <name>__TI_printfi</name>
         <value>0x20004401</value>
         <object_component_ref idref="oc-1f1"/>
      </symbol>
      <symbol id="sm-591">
         <name>atoi</name>
         <value>0x20006b51</value>
         <object_component_ref idref="oc-27a"/>
      </symbol>
      <symbol id="sm-59c">
         <name>_ctypes_</name>
         <value>0x200070d8</value>
         <object_component_ref idref="oc-2ed"/>
      </symbol>
      <symbol id="sm-5ab">
         <name>ltoa</name>
         <value>0x20006aab</value>
         <object_component_ref idref="oc-30d"/>
      </symbol>
      <symbol id="sm-5bb">
         <name>memccpy</name>
         <value>0x20006f6b</value>
         <object_component_ref idref="oc-2a3"/>
      </symbol>
      <symbol id="sm-5cb">
         <name>strchr</name>
         <value>0x2000702f</value>
         <object_component_ref idref="oc-344"/>
      </symbol>
      <symbol id="sm-5e1">
         <name>__aeabi_errno_addr</name>
         <value>0x200070b9</value>
         <object_component_ref idref="oc-2af"/>
      </symbol>
      <symbol id="sm-5e2">
         <name>errno</name>
         <value>0x20017818</value>
         <object_component_ref idref="oc-354"/>
      </symbol>
      <symbol id="sm-5fb">
         <name>wcslen</name>
         <value>0x20007081</value>
         <object_component_ref idref="oc-2a9"/>
      </symbol>
      <symbol id="sm-61b">
         <name>frexpl</name>
         <value>0x200069a1</value>
         <object_component_ref idref="oc-338"/>
      </symbol>
      <symbol id="sm-61c">
         <name>frexp</name>
         <value>0x200069a1</value>
         <object_component_ref idref="oc-338"/>
      </symbol>
      <symbol id="sm-63a">
         <name>scalbn</name>
         <value>0x200061d9</value>
         <object_component_ref idref="oc-33e"/>
      </symbol>
      <symbol id="sm-63b">
         <name>scalbnl</name>
         <value>0x200061d9</value>
         <object_component_ref idref="oc-33e"/>
      </symbol>
      <symbol id="sm-63c">
         <name>ldexpl</name>
         <value>0x200061d9</value>
         <object_component_ref idref="oc-33e"/>
      </symbol>
      <symbol id="sm-63d">
         <name>ldexp</name>
         <value>0x200061d9</value>
         <object_component_ref idref="oc-33e"/>
      </symbol>
      <symbol id="sm-647">
         <name>copysign</name>
         <value>0x200070c1</value>
         <object_component_ref idref="oc-386"/>
      </symbol>
      <symbol id="sm-648">
         <name>copysignl</name>
         <value>0x200070c1</value>
         <object_component_ref idref="oc-386"/>
      </symbol>
      <symbol id="sm-65f">
         <name>__aeabi_dsub</name>
         <value>0x2000582d</value>
         <object_component_ref idref="oc-318"/>
      </symbol>
      <symbol id="sm-660">
         <name>__aeabi_dadd</name>
         <value>0x20005837</value>
         <object_component_ref idref="oc-318"/>
      </symbol>
      <symbol id="sm-682">
         <name>__aeabi_cdcmpeq</name>
         <value>0x20006655</value>
         <object_component_ref idref="oc-286"/>
      </symbol>
      <symbol id="sm-683">
         <name>__aeabi_cdcmple</name>
         <value>0x20006655</value>
         <object_component_ref idref="oc-286"/>
      </symbol>
      <symbol id="sm-684">
         <name>__aeabi_cdrcmple</name>
         <value>0x200066db</value>
         <object_component_ref idref="oc-303"/>
      </symbol>
      <symbol id="sm-698">
         <name>__aeabi_ddiv</name>
         <value>0x20005c99</value>
         <object_component_ref idref="oc-2fe"/>
      </symbol>
      <symbol id="sm-6a3">
         <name>__aeabi_dmul</name>
         <value>0x20006005</value>
         <object_component_ref idref="oc-2f9"/>
      </symbol>
      <symbol id="sm-6ad">
         <name>__aeabi_d2iz</name>
         <value>0x20006b9d</value>
         <object_component_ref idref="oc-308"/>
      </symbol>
      <symbol id="sm-6b7">
         <name>__aeabi_i2d</name>
         <value>0x20006df9</value>
         <object_component_ref idref="oc-313"/>
      </symbol>
      <symbol id="sm-6b8">
         <name>__TI_static_base__</name>
         <value>0x200073a0</value>
      </symbol>
      <symbol id="sm-6bb">
         <name>__mpu_init</name>
         <value>0x0</value>
      </symbol>
      <symbol id="sm-6bc">
         <name>_system_post_cinit</name>
         <value>0x0</value>
      </symbol>
   </symbol_table>
   <title>Link successful</title>
</link_info>
