******************************************************************************
                  TI ARM Linker PC v18.1.6                     
******************************************************************************
>> Linked Mon Mar 28 12:02:22 2022

OUTPUT FILE NAME:   <uart_demo.out>
ENTRY POINT SYMBOL: "_c_int00_noargs"  address: 20006e7d


MEMORY CONFIGURATION

         name            origin    length      used     unused   attr    fill
----------------------  --------  ---------  --------  --------  ----  --------
  SRAM_CODE             20004000   00013000  000033da  0000fc26  RW X
  SRAM_DATA             20017000   00019000  00000920  000186e0  RW X


SEGMENT ALLOCATION MAP

run origin  load origin   length   init length attrs members
----------  ----------- ---------- ----------- ----- -------
20004000    20004000    000033e0   000033e0    r-x
  20004000    20004000    00000400   00000400    r-- .intvecs
  20004400    20004400    00002cd6   00002cd6    r-x .text
  200070d8    200070d8    000002c4   000002c4    r-- .const
  200073a0    200073a0    00000040   00000040    r-- .cinit
20017000    20017000    00000820   00000000    rw-
  20017000    20017000    00000800   00000000    rw- .sysmem
  20017800    20017800    0000001c   00000000    rw- .data
  2001781c    2001781c    00000004   00000000    rw- .bss
2002ff00    2002ff00    00000100   00000000    rw-
  2002ff00    2002ff00    00000100   00000000    rw- .stack


SECTION ALLOCATION MAP

 output                                  attributes/
section   page    origin      length       input sections
--------  ----  ----------  ----------   ----------------
.intvecs   0    20004000    00000400     
                  20004000    00000400     startup_ccs.obj (.intvecs)

.init_array 
*          0    20004000    00000000     UNINITIALIZED

.text      0    20004400    00002cd6     
                  20004400    00000a4a     rtsv7M4_T_le_eabi.lib : _printfi.c.obj (.text:__TI_printfi)
                  20004e4a    00000002                           : _lock.c.obj (.text:_nop)
                  20004e4c    0000032c     main.obj (.text)
                  20005178    00000280     uart_if.obj (.text)
                  200053f8    00000268     rtsv7M4_T_le_eabi.lib : _printfi.c.obj (.text:_pconv_a)
                  20005660    000001cc                           : _printfi.c.obj (.text:_pconv_g)
                  2000582c    000001b6                           : fd_add_t2.asm.obj (.text)
                  200059e2    00000002                           : div0.asm.obj (.text)
                  200059e4    00000178     driverlib.a : prcm.obj (.text:PRCMCC3200MCUInit)
                  20005b5c    0000013c     rtsv7M4_T_le_eabi.lib : _printfi.c.obj (.text:_pconv_e)
                  20005c98    00000136                           : fd_div_t2.asm.obj (.text)
                  20005dce    00000002     --HOLE-- [fill = 0]
                  20005dd0    00000120                           : _printfi.c.obj (.text:fcvt)
                  20005ef0    00000114                           : memory.c.obj (.text:realloc)
                  20006004    000000fc                           : fd_mul_t2.asm.obj (.text)
                  20006100    000000d8                           : memory.c.obj (.text:free)
                  200061d8    000000d0                           : s_scalbn.c.obj (.text:scalbn)
                  200062a8    000000b1                           : _printfi.c.obj (.text:_ltostr)
                  20006359    00000003     --HOLE-- [fill = 0]
                  2000635c    000000a8     driverlib.a : interrupt.obj (.text:IntEnable)
                  20006404    0000009c     rtsv7M4_T_le_eabi.lib : memcpy_t2.asm.obj (.text)
                  200064a0    00000096                           : ull_div_t2.asm.obj (.text)
                  20006536    00000002     --HOLE-- [fill = 0]
                  20006538    00000094     driverlib.a : prcm.obj (.text:PRCMPeripheralClockGet)
                  200065cc    00000088                 : pin.obj (.text:PinConfigSet)
                  20006654    00000086     rtsv7M4_T_le_eabi.lib : fd_cmp_t2.asm.obj (.text:__aeabi_cdcmple)
                  200066da    00000086                           : fd_cmp_t2.asm.obj (.text:__aeabi_cdrcmple)
                  20006760    0000007a                           : memset_t2.asm.obj (.text)
                  200067da    00000002     --HOLE-- [fill = 0]
                  200067dc    00000078                           : memory.c.obj (.text:malloc)
                  20006854    00000076     driverlib.a : uart.obj (.text:UARTConfigSetExpClk)
                  200068ca    0000006e     rtsv7M4_T_le_eabi.lib : _printfi.c.obj (.text:_mcpy)
                  20006938    00000068                           : copy_decompress_lzss.c.obj (.text:decompress:lzss:__TI_decompress_lzss)
                  200069a0    0000005c                           : s_frexp.c.obj (.text:frexp)
                  200069fc    00000058     driverlib.a : prcm.obj (.text:PRCMPeripheralReset)
                  20006a54    00000056     rtsv7M4_T_le_eabi.lib : _printfi.c.obj (.text:_pconv_f)
                  20006aaa    00000054                           : ltoa.c.obj (.text:ltoa)
                  20006afe    00000052                           : _printfi.c.obj (.text:_ecpy)
                  20006b50    0000004c                           : atoi.c.obj (.text:atoi)
                  20006b9c    00000048                           : fd_toi_t2.asm.obj (.text)
                  20006be4    00000044                           : autoinit.c.obj (.text:__TI_auto_init_nobinit_nopinit:__TI_auto_init_nobinit_nopinit)
                  20006c28    00000040     driverlib.a : pin.obj (.text:PinModeSet)
                  20006c68    00000040     rtsv7M4_T_le_eabi.lib : vsnprintf.c.obj (.text:vsnprintf)
                  20006ca8    0000003e                           : _printfi.c.obj (.text:_fcpy)
                  20006ce6    00000002     --HOLE-- [fill = 0]
                  20006ce8    0000003c     driverlib.a : prcm.obj (.text:PRCMPeripheralClkEnable)
                  20006d24    0000003c     rtsv7M4_T_le_eabi.lib : memory.c.obj (.text:minsert)
                  20006d60    00000038                           : memory.c.obj (.text:minit)
                  20006d98    00000030     driverlib.a : uart.obj (.text:UARTDisable)
                  20006dc8    00000030     rtsv7M4_T_le_eabi.lib : vsnprintf.c.obj (.text:_outs)
                  20006df8    0000002e                           : i_tofd_t2.asm.obj (.text)
                  20006e26    00000002     --HOLE-- [fill = 0]
                  20006e28    0000002c     driverlib.a : prcm.obj (.text:PRCMSysResetCauseGet)
                  20006e54    00000028                 : prcm.obj (.text:PRCMPeripheralClkDisable)
                  20006e7c    00000028     rtsv7M4_T_le_eabi.lib : boot_cortex_m.c.obj (.text:_c_int00_noargs:_c_int00_noargs)
                  20006ea4    00000028                           : memory.c.obj (.text:mremove)
                  20006ecc    00000024     driverlib.a : uart.obj (.text:UARTEnable)
                  20006ef0    00000024     rtsv7M4_T_le_eabi.lib : memmov.c.obj (.text:memmove)
                  20006f14    0000001e     driverlib.a : uart.obj (.text:UARTCharPut)
                  20006f32    0000001c                 : uart.obj (.text:UARTCharGetNonBlocking)
                  20006f4e    0000001c     rtsv7M4_T_le_eabi.lib : copy_zero_init.c.obj (.text:decompress:ZI:__TI_zero_init_nomemset:__TI_zero_init_nomemset)
                  20006f6a    0000001c                           : memccpy.c.obj (.text:memccpy)
                  20006f86    0000001c     pinmux.obj (.text)
                  20006fa2    0000001a     driverlib.a : pin.obj (.text:PinTypeUART)
                  20006fbc    00000018                 : uart.obj (.text:UARTCharsAvail)
                  20006fd4    00000018     rtsv7M4_T_le_eabi.lib : vsnprintf.c.obj (.text:_outc)
                  20006fec    00000016     driverlib.a : prcm.obj (.text:PRCMHIBRegRead)
                  20007002    00000016                 : prcm.obj (.text:PRCMHIBRegWrite)
                  20007018    00000016                 : uart.obj (.text:UARTCharGet)
                  2000702e    00000016     rtsv7M4_T_le_eabi.lib : strchr.c.obj (.text:strchr)
                  20007044    00000014     driverlib.a : cpu.obj (.text:CPUcpsie)
                  20007058    00000014                 : interrupt.obj (.text:IntVTableBaseSet)
                  2000706c    00000014     rtsv7M4_T_le_eabi.lib : strlen.c.obj (.text:strlen)
                  20007080    00000012                           : wcslen.c.obj (.text:wcslen)
                  20007092    0000000e                           : copy_decompress_none.c.obj (.text:decompress:none:__TI_decompress_none)
                  200070a0    0000000e     startup_ccs.obj (.text)
                  200070ae    0000000a     driverlib.a : interrupt.obj (.text:IntMasterEnable)
                  200070b8    00000008     rtsv7M4_T_le_eabi.lib : errno.c.obj (.text:__aeabi_errno_addr)
                  200070c0    00000008                           : s_copysign.c.obj (.text:copysign)
                  200070c8    00000006     driverlib.a : utils.obj (.text:UtilsDelay)
                  200070ce    00000004     rtsv7M4_T_le_eabi.lib : pre_init.c.obj (.text:_system_pre_init)
                  200070d2    00000004                           : exit.c.obj (.text:abort:abort)

.const     0    200070d8    000002c4     
                  200070d8    00000101     rtsv7M4_T_le_eabi.lib : ctype.c.obj (.const:.string:_ctypes_)
                  200071d9    00000003     --HOLE-- [fill = 0]
                  200071dc    00000100     driverlib.a : pin.obj (.const:g_ulPinToPadMap)
                  200072dc    000000a8                 : prcm.obj (.const:PRCM_PeriphRegsList)
                  20007384    00000018                 : interrupt.obj (.const:g_pulEnRegs)

.cinit     0    200073a0    00000040     
                  200073a0    0000001b     (.cinit..data.load) [load image, compression = lzss]
                  200073bb    00000001     --HOLE-- [fill = 0]
                  200073bc    0000000c     (__TI_handler_table)
                  200073c8    00000008     (.cinit..bss.load) [load image, compression = zero_init]
                  200073d0    00000010     (__TI_cinit_table)

.sysmem    0    20017000    00000800     UNINITIALIZED
                  20017000    00000008     rtsv7M4_T_le_eabi.lib : memory.c.obj (.sysmem)
                  20017008    000007f8     --HOLE--

.data      0    20017800    0000001c     UNINITIALIZED
                  20017800    0000000c     rtsv7M4_T_le_eabi.lib : memory.c.obj (.data:$O1$$)
                  2001780c    00000008                           : _lock.c.obj (.data:$O1$$)
                  20017814    00000004     main.obj (.data)
                  20017818    00000004     rtsv7M4_T_le_eabi.lib : errno.c.obj (.data)

.bss       0    2001781c    00000004     UNINITIALIZED
                  2001781c    00000004     uart_if.obj (.bss)

.stack     0    2002ff00    00000100     UNINITIALIZED
                  2002ff00    00000004     rtsv7M4_T_le_eabi.lib : boot_cortex_m.c.obj (.stack)
                  2002ff04    000000fc     --HOLE--

MODULE SUMMARY

       Module                       code    ro data   rw data
       ------                       ----    -------   -------
    .\
       startup_ccs.obj              14      1024      0      
       main.obj                     812     0         4      
       uart_if.obj                  640     0         4      
       pinmux.obj                   28      0         0      
    +--+----------------------------+-------+---------+---------+
       Total:                       1494    1024      8      
                                                             
    C:/ti/CC3200SDK_1.5.0/cc3200-sdk/driverlib/ccs/Release/driverlib.a
       prcm.obj                     800     168       0      
       pin.obj                      226     256       0      
       uart.obj                     306     0         0      
       interrupt.obj                198     24        0      
       cpu.obj                      20      0         0      
       utils.obj                    6       0         0      
    +--+----------------------------+-------+---------+---------+
       Total:                       1556    448       0      
                                                             
    C:\ti.old\ccsv8\tools\compiler\ti-cgt-arm_18.1.6.LTS\lib\rtsv7M4_T_le_eabi.lib
       _printfi.c.obj               4831    0         0      
       memory.c.obj                 768     0         12     
       fd_add_t2.asm.obj            438     0         0      
       fd_div_t2.asm.obj            310     0         0      
       fd_cmp_t2.asm.obj            268     0         0      
       ctype.c.obj                  0       257       0      
       fd_mul_t2.asm.obj            252     0         0      
       s_scalbn.c.obj               208     0         0      
       memcpy_t2.asm.obj            156     0         0      
       ull_div_t2.asm.obj           150     0         0      
       vsnprintf.c.obj              136     0         0      
       memset_t2.asm.obj            122     0         0      
       copy_decompress_lzss.c.obj   104     0         0      
       s_frexp.c.obj                92      0         0      
       ltoa.c.obj                   84      0         0      
       atoi.c.obj                   76      0         0      
       fd_toi_t2.asm.obj            72      0         0      
       autoinit.c.obj               68      0         0      
       i_tofd_t2.asm.obj            46      0         0      
       boot_cortex_m.c.obj          40      0         0      
       memmov.c.obj                 36      0         0      
       copy_zero_init.c.obj         28      0         0      
       memccpy.c.obj                28      0         0      
       strchr.c.obj                 22      0         0      
       strlen.c.obj                 20      0         0      
       wcslen.c.obj                 18      0         0      
       copy_decompress_none.c.obj   14      0         0      
       errno.c.obj                  8       0         4      
       _lock.c.obj                  2       0         8      
       s_copysign.c.obj             8       0         0      
       exit.c.obj                   4       0         0      
       pre_init.c.obj               4       0         0      
       div0.asm.obj                 2       0         0      
    +--+----------------------------+-------+---------+---------+
       Total:                       8415    257       24     
                                                             
       Heap:                        0       0         2048   
       Stack:                       0       0         256    
       Linker Generated:            0       63        0      
    +--+----------------------------+-------+---------+---------+
       Grand Total:                 11465   1792      2336   


LINKER GENERATED COPY TABLES

__TI_cinit_table @ 200073d0 records: 2, size/record: 8, table size: 16
	.data: load addr=200073a0, load size=0000001b bytes, run addr=20017800, run size=0000001c bytes, compression=lzss
	.bss: load addr=200073c8, load size=00000008 bytes, run addr=2001781c, run size=00000004 bytes, compression=zero_init


LINKER GENERATED HANDLER TABLE

__TI_handler_table @ 200073bc records: 3, size/record: 4, table size: 12
	index: 0, handler: __TI_decompress_lzss
	index: 1, handler: __TI_decompress_none
	index: 2, handler: __TI_zero_init


GLOBAL SYMBOLS: SORTED ALPHABETICALLY BY Name 

address   name                          
-------   ----                          
200070d3  C$$EXIT                       
20007045  CPUcpsie                      
200051b9  ClearTerm                     
200051c3  Error                         
200051fb  GetCmd                        
20005179  InitTerm                      
2000635d  IntEnable                     
200070af  IntMasterEnable               
20007059  IntVTableBaseSet              
20005197  Message                       
200059e5  PRCMCC3200MCUInit             
20006fed  PRCMHIBRegRead                
20007003  PRCMHIBRegWrite               
20006e55  PRCMPeripheralClkDisable      
20006ce9  PRCMPeripheralClkEnable       
20006539  PRCMPeripheralClockGet        
200069fd  PRCMPeripheralReset           
20006e29  PRCMSysResetCauseGet          
200065cd  PinConfigSet                  
20006c29  PinModeSet                    
20006f87  PinMuxConfig                  
20006fa3  PinTypeUART                   
20005339  Report                        
200070a1  ResetISR                      
200052a1  TrimSpace                     
20007019  UARTCharGet                   
20006f33  UARTCharGetNonBlocking        
20006f15  UARTCharPut                   
20006fbd  UARTCharsAvail                
20006855  UARTConfigSetExpClk           
20006d99  UARTDisable                   
20006ecd  UARTEnable                    
200070c9  UtilsDelay                    
20030000  __STACK_END                   
00000100  __STACK_SIZE                  
00000800  __SYSMEM_SIZE                 
200073d0  __TI_CINIT_Base               
200073e0  __TI_CINIT_Limit              
200073bc  __TI_Handler_Table_Base       
200073c8  __TI_Handler_Table_Limit      
20006be5  __TI_auto_init_nobinit_nopinit
20006939  __TI_decompress_lzss          
20007093  __TI_decompress_none          
ffffffff  __TI_pprof_out_hndl           
20004401  __TI_printfi                  
ffffffff  __TI_prof_data_size           
ffffffff  __TI_prof_data_start          
200073a0  __TI_static_base__            
20006f4f  __TI_zero_init_nomemset       
20006655  __aeabi_cdcmpeq               
20006655  __aeabi_cdcmple               
200066db  __aeabi_cdrcmple              
20006b9d  __aeabi_d2iz                  
20005837  __aeabi_dadd                  
20005c99  __aeabi_ddiv                  
20006005  __aeabi_dmul                  
2000582d  __aeabi_dsub                  
200070b9  __aeabi_errno_addr            
20006df9  __aeabi_i2d                   
200059e3  __aeabi_idiv0                 
200059e3  __aeabi_ldiv0                 
20006761  __aeabi_memclr                
20006761  __aeabi_memclr4               
20006761  __aeabi_memclr8               
20006405  __aeabi_memcpy                
20006405  __aeabi_memcpy4               
20006405  __aeabi_memcpy8               
20006763  __aeabi_memset                
20006763  __aeabi_memset4               
20006763  __aeabi_memset8               
200064a1  __aeabi_uldivmod              
ffffffff  __binit__                     
ffffffff  __c_args__                    
UNDEFED   __mpu_init                    
2002ff00  __stack                       
20006e7d  _c_int00_noargs               
200070d8  _ctypes_                      
2001780c  _lock                         
20004e4b  _nop                          
20017000  _sys_memory                   
UNDEFED   _system_post_cinit            
200070cf  _system_pre_init              
20017810  _unlock                       
200070d3  abort                         
20006b51  atoi                          
ffffffff  binit                         
200070c1  copysign                      
200070c1  copysignl                     
20017818  errno                         
20006101  free                          
200069a1  frexp                         
200069a1  frexpl                        
20017814  g_iCounter                    
20004000  g_pfnVectors                  
200061d9  ldexp                         
200061d9  ldexpl                        
20006aab  ltoa                          
20004e8b  main                          
200067dd  malloc                        
20006f6b  memccpy                       
20006405  memcpy                        
20006ef1  memmove                       
20006769  memset                        
20006d61  minit                         
20005ef1  realloc                       
200061d9  scalbn                        
200061d9  scalbnl                       
2000702f  strchr                        
2000706d  strlen                        
20006c69  vsnprintf                     
20007081  wcslen                        


GLOBAL SYMBOLS: SORTED BY Symbol Address 

address   name                          
-------   ----                          
00000100  __STACK_SIZE                  
00000800  __SYSMEM_SIZE                 
20004000  g_pfnVectors                  
20004401  __TI_printfi                  
20004e4b  _nop                          
20004e8b  main                          
20005179  InitTerm                      
20005197  Message                       
200051b9  ClearTerm                     
200051c3  Error                         
200051fb  GetCmd                        
200052a1  TrimSpace                     
20005339  Report                        
2000582d  __aeabi_dsub                  
20005837  __aeabi_dadd                  
200059e3  __aeabi_idiv0                 
200059e3  __aeabi_ldiv0                 
200059e5  PRCMCC3200MCUInit             
20005c99  __aeabi_ddiv                  
20005ef1  realloc                       
20006005  __aeabi_dmul                  
20006101  free                          
200061d9  ldexp                         
200061d9  ldexpl                        
200061d9  scalbn                        
200061d9  scalbnl                       
2000635d  IntEnable                     
20006405  __aeabi_memcpy                
20006405  __aeabi_memcpy4               
20006405  __aeabi_memcpy8               
20006405  memcpy                        
200064a1  __aeabi_uldivmod              
20006539  PRCMPeripheralClockGet        
200065cd  PinConfigSet                  
20006655  __aeabi_cdcmpeq               
20006655  __aeabi_cdcmple               
200066db  __aeabi_cdrcmple              
20006761  __aeabi_memclr                
20006761  __aeabi_memclr4               
20006761  __aeabi_memclr8               
20006763  __aeabi_memset                
20006763  __aeabi_memset4               
20006763  __aeabi_memset8               
20006769  memset                        
200067dd  malloc                        
20006855  UARTConfigSetExpClk           
20006939  __TI_decompress_lzss          
200069a1  frexp                         
200069a1  frexpl                        
200069fd  PRCMPeripheralReset           
20006aab  ltoa                          
20006b51  atoi                          
20006b9d  __aeabi_d2iz                  
20006be5  __TI_auto_init_nobinit_nopinit
20006c29  PinModeSet                    
20006c69  vsnprintf                     
20006ce9  PRCMPeripheralClkEnable       
20006d61  minit                         
20006d99  UARTDisable                   
20006df9  __aeabi_i2d                   
20006e29  PRCMSysResetCauseGet          
20006e55  PRCMPeripheralClkDisable      
20006e7d  _c_int00_noargs               
20006ecd  UARTEnable                    
20006ef1  memmove                       
20006f15  UARTCharPut                   
20006f33  UARTCharGetNonBlocking        
20006f4f  __TI_zero_init_nomemset       
20006f6b  memccpy                       
20006f87  PinMuxConfig                  
20006fa3  PinTypeUART                   
20006fbd  UARTCharsAvail                
20006fed  PRCMHIBRegRead                
20007003  PRCMHIBRegWrite               
20007019  UARTCharGet                   
2000702f  strchr                        
20007045  CPUcpsie                      
20007059  IntVTableBaseSet              
2000706d  strlen                        
20007081  wcslen                        
20007093  __TI_decompress_none          
200070a1  ResetISR                      
200070af  IntMasterEnable               
200070b9  __aeabi_errno_addr            
200070c1  copysign                      
200070c1  copysignl                     
200070c9  UtilsDelay                    
200070cf  _system_pre_init              
200070d3  C$$EXIT                       
200070d3  abort                         
200070d8  _ctypes_                      
200073a0  __TI_static_base__            
200073bc  __TI_Handler_Table_Base       
200073c8  __TI_Handler_Table_Limit      
200073d0  __TI_CINIT_Base               
200073e0  __TI_CINIT_Limit              
20017000  _sys_memory                   
2001780c  _lock                         
20017810  _unlock                       
20017814  g_iCounter                    
20017818  errno                         
2002ff00  __stack                       
20030000  __STACK_END                   
ffffffff  __TI_pprof_out_hndl           
ffffffff  __TI_prof_data_size           
ffffffff  __TI_prof_data_start          
ffffffff  __binit__                     
ffffffff  __c_args__                    
ffffffff  binit                         
UNDEFED   __mpu_init                    
UNDEFED   _system_post_cinit            

[111 symbols]
